Archive member included to satisfy reference by file (symbol)

.\CortexM3\ARM_GCC_541\Debug\UltraSonic_059_190702.a(Trigger.o)
                              .\CortexM3\ARM_GCC_541\Debug\main.o (Trigger_Write)
.\CortexM3\ARM_GCC_541\Debug\UltraSonic_059_190702.a(UART.o)
                              .\CortexM3\ARM_GCC_541\Debug\main.o (UART_Start)
.\CortexM3\ARM_GCC_541\Debug\UltraSonic_059_190702.a(UART_IntClock.o)
                              .\CortexM3\ARM_GCC_541\Debug\UltraSonic_059_190702.a(UART.o) (UART_IntClock_Start)
.\CortexM3\ARM_GCC_541\Debug\UltraSonic_059_190702.a(CyLib.o)
                              .\CortexM3\ARM_GCC_541\Debug\Cm3Start.o (CyHalt)
.\CortexM3\ARM_GCC_541\Debug\UltraSonic_059_190702.a(cyPm.o)
                              .\CortexM3\ARM_GCC_541\Debug\UltraSonic_059_190702.a(CyLib.o) (CyPmReadStatus)
.\CortexM3\ARM_GCC_541\Debug\UltraSonic_059_190702.a(isr_echo_int.o)
                              .\CortexM3\ARM_GCC_541\Debug\main.o (isr_echo_int_Enable)
.\CortexM3\ARM_GCC_541\Debug\UltraSonic_059_190702.a(Counter.o)
                              .\CortexM3\ARM_GCC_541\Debug\main.o (Counter_Enable)
.\CortexM3\ARM_GCC_541\Debug\UltraSonic_059_190702.a(Counter_Reset.o)
                              .\CortexM3\ARM_GCC_541\Debug\main.o (Counter_Reset_Write)
.\CortexM3\ARM_GCC_541\Debug\UltraSonic_059_190702.a(Clock_24MHz.o)
                              .\CortexM3\ARM_GCC_541\Debug\main.o (Clock_24MHz_Start)
.\CortexM3\ARM_GCC_541\Debug\UltraSonic_059_190702.a(CyBootAsmGnu.o)
                              .\CortexM3\ARM_GCC_541\Debug\cyfitter_cfg.o (CyDelayCycles)
.\CortexM3\ARM_GCC_541\Debug\UltraSonic_059_190702.a(CyScBoostClk.o)
                              .\CortexM3\ARM_GCC_541\Debug\UltraSonic_059_190702.a(CyLib.o) (CyScBoostClk_Start)
.\CortexM3\ARM_GCC_541\Debug\UltraSonic_059_190702.a(CyFlash.o)
                              .\CortexM3\ARM_GCC_541\Debug\UltraSonic_059_190702.a(cyPm.o) (CyFlash_SetWaitCycles)
.\CortexM3\ARM_GCC_541\Debug\UltraSonic_059_190702.a(CySpc.o)
                              .\CortexM3\ARM_GCC_541\Debug\UltraSonic_059_190702.a(CyFlash.o) (CySpcStart)
c:/program files (x86)/cypress/psoc creator/4.4/psoc creator/import/gnu/arm/5.4.1/bin/../lib/gcc/arm-none-eabi/5.4.1/armv7-m\libgcc.a(_arm_addsubdf3.o)
                              .\CortexM3\ARM_GCC_541\Debug\main.o (__aeabi_ui2d)
c:/program files (x86)/cypress/psoc creator/4.4/psoc creator/import/gnu/arm/5.4.1/bin/../lib/gcc/arm-none-eabi/5.4.1/armv7-m\libgcc.a(_arm_muldivdf3.o)
                              .\CortexM3\ARM_GCC_541\Debug\main.o (__aeabi_dmul)
c:/program files (x86)/cypress/psoc creator/4.4/psoc creator/import/gnu/arm/5.4.1/bin/../lib/gcc/arm-none-eabi/5.4.1/armv7-m\libgcc.a(_arm_fixdfsi.o)
                              .\CortexM3\ARM_GCC_541\Debug\main.o (__aeabi_d2iz)
c:/program files (x86)/cypress/psoc creator/4.4/psoc creator/import/gnu/arm/5.4.1/bin/../lib/gcc/arm-none-eabi/5.4.1/../../../../arm-none-eabi/lib/armv7-m\libg_nano.a(lib_a-errno.o)
                              .\CortexM3\ARM_GCC_541\Debug\Cm3Start.o (__errno)
c:/program files (x86)/cypress/psoc creator/4.4/psoc creator/import/gnu/arm/5.4.1/bin/../lib/gcc/arm-none-eabi/5.4.1/../../../../arm-none-eabi/lib/armv7-m\libg_nano.a(lib_a-exit.o)
                              c:/program files (x86)/cypress/psoc creator/4.4/psoc creator/import/gnu/arm/5.4.1/bin/../lib/gcc/arm-none-eabi/5.4.1/../../../../arm-none-eabi/lib/armv7-m/crt0.o (exit)
c:/program files (x86)/cypress/psoc creator/4.4/psoc creator/import/gnu/arm/5.4.1/bin/../lib/gcc/arm-none-eabi/5.4.1/../../../../arm-none-eabi/lib/armv7-m\libg_nano.a(lib_a-impure.o)
                              c:/program files (x86)/cypress/psoc creator/4.4/psoc creator/import/gnu/arm/5.4.1/bin/../lib/gcc/arm-none-eabi/5.4.1/../../../../arm-none-eabi/lib/armv7-m\libg_nano.a(lib_a-exit.o) (_global_impure_ptr)
c:/program files (x86)/cypress/psoc creator/4.4/psoc creator/import/gnu/arm/5.4.1/bin/../lib/gcc/arm-none-eabi/5.4.1/../../../../arm-none-eabi/lib/armv7-m\libg_nano.a(lib_a-init.o)
                              c:/program files (x86)/cypress/psoc creator/4.4/psoc creator/import/gnu/arm/5.4.1/bin/../lib/gcc/arm-none-eabi/5.4.1/../../../../arm-none-eabi/lib/armv7-m/crt0.o (__libc_init_array)
c:/program files (x86)/cypress/psoc creator/4.4/psoc creator/import/gnu/arm/5.4.1/bin/../lib/gcc/arm-none-eabi/5.4.1/../../../../arm-none-eabi/lib/armv7-m\libg_nano.a(lib_a-memcpy-stub.o)
                              .\CortexM3\ARM_GCC_541\Debug\cyfitter_cfg.o (memcpy)
c:/program files (x86)/cypress/psoc creator/4.4/psoc creator/import/gnu/arm/5.4.1/bin/../lib/gcc/arm-none-eabi/5.4.1/../../../../arm-none-eabi/lib/armv7-m\libg_nano.a(lib_a-memset.o)
                              c:/program files (x86)/cypress/psoc creator/4.4/psoc creator/import/gnu/arm/5.4.1/bin/../lib/gcc/arm-none-eabi/5.4.1/../../../../arm-none-eabi/lib/armv7-m/crt0.o (memset)
[...]
Memory Configuration

Name             Origin             Length             Attributes
rom              0x00000000         0x00040000         xr
ram              0x1fff8000         0x00010000         xrw
*default*        0x00000000         0xffffffff

Linker script and memory map

LOAD c:/program files (x86)/cypress/psoc creator/4.4/psoc creator/import/gnu/arm/5.4.1/bin/../lib/gcc/arm-none-eabi/5.4.1/armv7-m/crti.o
LOAD c:/program files (x86)/cypress/psoc creator/4.4/psoc creator/import/gnu/arm/5.4.1/bin/../lib/gcc/arm-none-eabi/5.4.1/armv7-m/crtbegin.o
LOAD c:/program files (x86)/cypress/psoc creator/4.4/psoc creator/import/gnu/arm/5.4.1/bin/../lib/gcc/arm-none-eabi/5.4.1/../../../../arm-none-eabi/lib/armv7-m/crt0.o
START GROUP
LOAD .\CortexM3\ARM_GCC_541\Debug\main.o
LOAD .\CortexM3\ARM_GCC_541\Debug\cyfitter_cfg.o
LOAD .\CortexM3\ARM_GCC_541\Debug\cymetadata.o
LOAD .\CortexM3\ARM_GCC_541\Debug\Cm3Start.o
LOAD .\CortexM3\ARM_GCC_541\Debug\UltraSonic_059_190702.a
LOAD C:\Program Files (x86)\Cypress\PSoC Creator\4.4\PSoC Creator\psoc\content\cycomponentlibrary\CyComponentLibrary.cylib\CortexM3\ARM_GCC_541\Debug\CyComponentLibrary.a
END GROUP
START GROUP
LOAD c:/program files (x86)/cypress/psoc creator/4.4/psoc creator/import/gnu/arm/5.4.1/bin/../lib/gcc/arm-none-eabi/5.4.1/armv7-m\libgcc.a
LOAD c:/program files (x86)/cypress/psoc creator/4.4/psoc creator/import/gnu/arm/5.4.1/bin/../lib/gcc/arm-none-eabi/5.4.1/../../../../arm-none-eabi/lib/armv7-m\libg_nano.a
LOAD c:/program files (x86)/cypress/psoc creator/4.4/psoc creator/import/gnu/arm/5.4.1/bin/../lib/gcc/arm-none-eabi/5.4.1/../../../../arm-none-eabi/lib/armv7-m\libc_nano.a
END GROUP
START GROUP
LOAD c:/program files (x86)/cypress/psoc creator/4.4/psoc creator/import/gnu/arm/5.4.1/bin/../lib/gcc/arm-none-eabi/5.4.1/armv7-m\libgcc.a
LOAD c:/program files (x86)/cypress/psoc creator/4.4/psoc creator/import/gnu/arm/5.4.1/bin/../lib/gcc/arm-none-eabi/5.4.1/../../../../arm-none-eabi/lib/armv7-m\libc_nano.a
END GROUP
LOAD c:/program files (x86)/cypress/psoc creator/4.4/psoc creator/import/gnu/arm/5.4.1/bin/../lib/gcc/arm-none-eabi/5.4.1/armv7-m/crtend.o
LOAD c:/program files (x86)/cypress/psoc creator/4.4/psoc creator/import/gnu/arm/5.4.1/bin/../lib/gcc/arm-none-eabi/5.4.1/armv7-m/crtn.o
START GROUP
LOAD c:/program files (x86)/cypress/psoc creator/4.4/psoc creator/import/gnu/arm/5.4.1/bin/../lib/gcc/arm-none-eabi/5.4.1/armv7-m\libgcc.a
LOAD c:/program files (x86)/cypress/psoc creator/4.4/psoc creator/import/gnu/arm/5.4.1/bin/../lib/gcc/arm-none-eabi/5.4.1/../../../../arm-none-eabi/lib/armv7-m\libc.a
LOAD c:/program files (x86)/cypress/psoc creator/4.4/psoc creator/import/gnu/arm/5.4.1/bin/../lib/gcc/arm-none-eabi/5.4.1/../../../../arm-none-eabi/lib/armv7-m\libnosys.a
END GROUP
                0x00000000                CY_APPL_ORIGIN = 0x0
                0x00000100                CY_FLASH_ROW_SIZE = 0x100
                0x00000020                CY_ECC_ROW_SIZE = 0x20
                0x00000000                CY_EE_IN_BTLDR = 0x0
                0x00000000                CY_APPL_LOADABLE = 0x0
                0x00000800                CY_EE_SIZE = 0x800
                0x00000001                CY_APPL_NUM = 0x1
                0x00000001                CY_APPL_MAX = 0x1
                0x00000040                CY_METADATA_SIZE = 0x40
                0x00000000                CY_APPL_LOADABLE = 0x0
                0x00000000                CY_CHECKSUM_EXCLUDE_SIZE = ALIGN (0x0, CY_FLASH_ROW_SIZE)
                [!provide]                PROVIDE (__cy_heap_start, _end)
                0x00000001                PROVIDE (__cy_region_num, ((__cy_regions_end - __cy_regions) / 0x10))
                0x20008000                PROVIDE (__cy_stack, (ORIGIN (ram) + LENGTH (ram)))
                [!provide]                PROVIDE (__cy_heap_end, (__cy_stack - 0x800))

.cybootloader   0x00000000        0x0
 *(.cybootloader)
                0x00000000                appl1_start = CY_APPL_ORIGIN?CY_APPL_ORIGIN:ALIGN (CY_FLASH_ROW_SIZE)
                0x0001ff00                appl2_start = (appl1_start + ALIGN ((((LENGTH (rom) - appl1_start) - (0x2 * CY_FLASH_ROW_SIZE)) / 0x2), CY_FLASH_ROW_SIZE))
                0x00000000                appl_start = (CY_APPL_NUM == 0x1)?appl1_start:appl2_start
                0x00000000                ecc_offset = ((appl_start / CY_FLASH_ROW_SIZE) * CY_ECC_ROW_SIZE)
                0x00000000                ee_offset = (CY_APPL_LOADABLE && ! (CY_EE_IN_BTLDR))?((CY_EE_SIZE / CY_APPL_MAX) * (CY_APPL_NUM - 0x1)):0x0
                0x00000800                ee_size = (CY_APPL_LOADABLE && ! (CY_EE_IN_BTLDR))?(CY_EE_SIZE / CY_APPL_MAX):CY_EE_SIZE
                [!provide]                PROVIDE (CY_ECC_OFFSET, ecc_offset)

.text           0x00000000     0x1884
 CREATE_OBJECT_SYMBOLS
                0x00000000                PROVIDE (__cy_interrupt_vector, RomVectors)
 *(.romvectors)
 .romvectors    0x00000000       0x10 .\CortexM3\ARM_GCC_541\Debug\Cm3Start.o
                0x00000000                RomVectors
                0x00000001                ASSERT ((. != __cy_interrupt_vector), No interrupt vector)
                0x00000001                ASSERT (CY_APPL_ORIGIN?(SIZEOF (.cybootloader) <= CY_APPL_ORIGIN):0x1, Wrong image location)
                0x00000010                PROVIDE (__cy_reset, Reset)
 *(.text.Reset)
 .text.Reset    0x00000010       0x18 .\CortexM3\ARM_GCC_541\Debug\Cm3Start.o
                0x00000010                Reset
                0x00000001                ASSERT ((. != __cy_reset), No reset code)
 *(.dma_init)
                0x00000001                ASSERT ((((appl_start + .) <= 0x10000) || 0x1), DMA Init must be within the first 64k of flash)
 *(.text .text.* .gnu.linkonce.t.*)
 .text          0x00000028       0x5c c:/program files (x86)/cypress/psoc creator/4.4/psoc creator/import/gnu/arm/5.4.1/bin/../lib/gcc/arm-none-eabi/5.4.1/armv7-m/crtbegin.o
 .text.echo_isr
                0x00000084       0x1c .\CortexM3\ARM_GCC_541\Debug\main.o
                0x00000084                echo_isr
 .text.init_hardware
                0x000000a0       0x28 .\CortexM3\ARM_GCC_541\Debug\main.o
                0x000000a0                init_hardware
 .text.pulse_trigger
                0x000000c8       0x34 .\CortexM3\ARM_GCC_541\Debug\main.o
                0x000000c8                pulse_trigger
 *fill*         0x000000fc        0x4 
 .text.print_value
                0x00000100       0x80 .\CortexM3\ARM_GCC_541\Debug\main.o
                0x00000100                print_value
 .text.splash   0x00000180       0x28 .\CortexM3\ARM_GCC_541\Debug\main.o
                0x00000180                splash
 .text.main     0x000001a8       0x4c .\CortexM3\ARM_GCC_541\Debug\main.o
                0x000001a8                main
 .text.CyClockStartupError
                0x000001f4        0x4 .\CortexM3\ARM_GCC_541\Debug\cyfitter_cfg.o
 .text.cfg_write_bytes32
                0x000001f8       0x34 .\CortexM3\ARM_GCC_541\Debug\cyfitter_cfg.o
 .text.AnalogSetDefault
                0x0000022c       0x28 .\CortexM3\ARM_GCC_541\Debug\cyfitter_cfg.o
 .text.CYMEMZERO
                0x00000254        0xc .\CortexM3\ARM_GCC_541\Debug\cyfitter_cfg.o
 .text.CYCONFIGCPY
                0x00000260        0x8 .\CortexM3\ARM_GCC_541\Debug\cyfitter_cfg.o
 .text.ClockSetup
                0x00000268       0xd4 .\CortexM3\ARM_GCC_541\Debug\cyfitter_cfg.o
 .text.cyfitter_cfg
                0x0000033c      0x100 .\CortexM3\ARM_GCC_541\Debug\cyfitter_cfg.o
                0x0000033c                cyfitter_cfg
 .text.IntDefaultHandler
                0x0000043c       0x10 .\CortexM3\ARM_GCC_541\Debug\Cm3Start.o
                0x0000043c                IntDefaultHandler
 .text._sbrk    0x0000044c       0x30 .\CortexM3\ARM_GCC_541\Debug\Cm3Start.o
                0x0000044c                _sbrk
 .text.Start_c  0x0000047c       0x4c .\CortexM3\ARM_GCC_541\Debug\Cm3Start.o
                0x0000047c                Start_c
 .text.initialize_psoc
                0x000004c8       0x68 .\CortexM3\ARM_GCC_541\Debug\Cm3Start.o
                0x000004c8                initialize_psoc
 .text.Trigger_Write
                0x00000530       0x18 .\CortexM3\ARM_GCC_541\Debug\UltraSonic_059_190702.a(Trigger.o)
                0x00000530                Trigger_Write
 .text.UART_Init
                0x00000548       0x24 .\CortexM3\ARM_GCC_541\Debug\UltraSonic_059_190702.a(UART.o)
                0x00000548                UART_Init
 .text.UART_Enable
                0x0000056c       0x38 .\CortexM3\ARM_GCC_541\Debug\UltraSonic_059_190702.a(UART.o)
                0x0000056c                UART_Enable
 .text.UART_Start
                0x000005a4       0x1c .\CortexM3\ARM_GCC_541\Debug\UltraSonic_059_190702.a(UART.o)
                0x000005a4                UART_Start
 .text.UART_PutChar
                0x000005c0       0x18 .\CortexM3\ARM_GCC_541\Debug\UltraSonic_059_190702.a(UART.o)
                0x000005c0                UART_PutChar
 .text.UART_PutString
                0x000005d8       0x24 .\CortexM3\ARM_GCC_541\Debug\UltraSonic_059_190702.a(UART.o)
                0x000005d8                UART_PutString
 .text.UART_IntClock_Start
                0x000005fc       0x1c .\CortexM3\ARM_GCC_541\Debug\UltraSonic_059_190702.a(UART_IntClock.o)
                0x000005fc                UART_IntClock_Start
 .text.CyDelay  0x00000618       0x2c .\CortexM3\ARM_GCC_541\Debug\UltraSonic_059_190702.a(CyLib.o)
                0x00000618                CyDelay
 .text.CyDelayUs
                0x00000644       0x14 .\CortexM3\ARM_GCC_541\Debug\UltraSonic_059_190702.a(CyLib.o)
                0x00000644                CyDelayUs
 .text.isr_echo_int_SetVector
                0x00000658        0xc .\CortexM3\ARM_GCC_541\Debug\UltraSonic_059_190702.a(isr_echo_int.o)
                0x00000658                isr_echo_int_SetVector
 .text.isr_echo_int_SetPriority
                0x00000664       0x10 .\CortexM3\ARM_GCC_541\Debug\UltraSonic_059_190702.a(isr_echo_int.o)
                0x00000664                isr_echo_int_SetPriority
 .text.isr_echo_int_Enable
                0x00000674        0xc .\CortexM3\ARM_GCC_541\Debug\UltraSonic_059_190702.a(isr_echo_int.o)
                0x00000674                isr_echo_int_Enable
 .text.isr_echo_int_Disable
                0x00000680        0xc .\CortexM3\ARM_GCC_541\Debug\UltraSonic_059_190702.a(isr_echo_int.o)
                0x00000680                isr_echo_int_Disable
 .text.isr_echo_int_StartEx
                0x0000068c       0x1c .\CortexM3\ARM_GCC_541\Debug\UltraSonic_059_190702.a(isr_echo_int.o)
                0x0000068c                isr_echo_int_StartEx
 .text.isr_echo_int_ClearPending
                0x000006a8        0xc .\CortexM3\ARM_GCC_541\Debug\UltraSonic_059_190702.a(isr_echo_int.o)
                0x000006a8                isr_echo_int_ClearPending
 .text.Counter_Enable
                0x000006b4       0x10 .\CortexM3\ARM_GCC_541\Debug\UltraSonic_059_190702.a(Counter.o)
                0x000006b4                Counter_Enable
 .text.Counter_SetInterruptMode
                0x000006c4        0xc .\CortexM3\ARM_GCC_541\Debug\UltraSonic_059_190702.a(Counter.o)
                0x000006c4                Counter_SetInterruptMode
 .text.Counter_ReadStatusRegister
                0x000006d0        0xc .\CortexM3\ARM_GCC_541\Debug\UltraSonic_059_190702.a(Counter.o)
                0x000006d0                Counter_ReadStatusRegister
 .text.Counter_WriteCounter
                0x000006dc        0xc .\CortexM3\ARM_GCC_541\Debug\UltraSonic_059_190702.a(Counter.o)
                0x000006dc                Counter_WriteCounter
 .text.Counter_ReadCounter
                0x000006e8       0x14 .\CortexM3\ARM_GCC_541\Debug\UltraSonic_059_190702.a(Counter.o)
                0x000006e8                Counter_ReadCounter
 .text.Counter_ReadCapture
                0x000006fc        0xc .\CortexM3\ARM_GCC_541\Debug\UltraSonic_059_190702.a(Counter.o)
                0x000006fc                Counter_ReadCapture
 .text.Counter_WritePeriod
                0x00000708        0xc .\CortexM3\ARM_GCC_541\Debug\UltraSonic_059_190702.a(Counter.o)
                0x00000708                Counter_WritePeriod
 .text.Counter_WriteCompare
                0x00000714        0xc .\CortexM3\ARM_GCC_541\Debug\UltraSonic_059_190702.a(Counter.o)
                0x00000714                Counter_WriteCompare
 .text.Counter_ClearFIFO
                0x00000720       0x14 .\CortexM3\ARM_GCC_541\Debug\UltraSonic_059_190702.a(Counter.o)
                0x00000720                Counter_ClearFIFO
 .text.Counter_Init
                0x00000734       0x58 .\CortexM3\ARM_GCC_541\Debug\UltraSonic_059_190702.a(Counter.o)
                0x00000734                Counter_Init
 .text.Counter_Reset_Write
                0x0000078c        0xc .\CortexM3\ARM_GCC_541\Debug\UltraSonic_059_190702.a(Counter_Reset.o)
                0x0000078c                Counter_Reset_Write
 .text.Clock_24MHz_Start
                0x00000798       0x1c .\CortexM3\ARM_GCC_541\Debug\UltraSonic_059_190702.a(Clock_24MHz.o)
                0x00000798                Clock_24MHz_Start
 *fill*         0x000007b4        0x4 
 .text          0x000007b8       0x20 .\CortexM3\ARM_GCC_541\Debug\UltraSonic_059_190702.a(CyBootAsmGnu.o)
                0x000007b8                CyDelayCycles
                0x000007c8                CyEnterCriticalSection
                0x000007d0                CyExitCriticalSection
 .text          0x000007d8      0x370 c:/program files (x86)/cypress/psoc creator/4.4/psoc creator/import/gnu/arm/5.4.1/bin/../lib/gcc/arm-none-eabi/5.4.1/armv7-m\libgcc.a(_arm_addsubdf3.o)
                0x000007d8                __aeabi_drsub
                0x000007e0                __aeabi_dsub
                0x000007e0                __subdf3
                0x000007e4                __aeabi_dadd
                0x000007e4                __adddf3
                0x00000a5c                __floatunsidf
                0x00000a5c                __aeabi_ui2d
                0x00000a7c                __floatsidf
                0x00000a7c                __aeabi_i2d
                0x00000aa0                __aeabi_f2d
                0x00000aa0                __extendsfdf2
                0x00000adc                __floatundidf
                0x00000adc                __aeabi_ul2d
                0x00000aec                __floatdidf
                0x00000aec                __aeabi_l2d
 .text          0x00000b48      0x424 c:/program files (x86)/cypress/psoc creator/4.4/psoc creator/import/gnu/arm/5.4.1/bin/../lib/gcc/arm-none-eabi/5.4.1/armv7-m\libgcc.a(_arm_muldivdf3.o)
                0x00000b48                __aeabi_dmul
                0x00000b48                __muldf3
                0x00000d9c                __divdf3
                0x00000d9c                __aeabi_ddiv
 .text          0x00000f6c       0x50 c:/program files (x86)/cypress/psoc creator/4.4/psoc creator/import/gnu/arm/5.4.1/bin/../lib/gcc/arm-none-eabi/5.4.1/armv7-m\libgcc.a(_arm_fixdfsi.o)
                0x00000f6c                __aeabi_d2iz
                0x00000f6c                __fixdfsi
 .text.__errno  0x00000fbc        0xc c:/program files (x86)/cypress/psoc creator/4.4/psoc creator/import/gnu/arm/5.4.1/bin/../lib/gcc/arm-none-eabi/5.4.1/../../../../arm-none-eabi/lib/armv7-m\libg_nano.a(lib_a-errno.o)
                0x00000fbc                __errno
 .text.__libc_init_array
                0x00000fc8       0x4c c:/program files (x86)/cypress/psoc creator/4.4/psoc creator/import/gnu/arm/5.4.1/bin/../lib/gcc/arm-none-eabi/5.4.1/../../../../arm-none-eabi/lib/armv7-m\libg_nano.a(lib_a-init.o)
                0x00000fc8                __libc_init_array
 .text.memcpy   0x00001014       0x16 c:/program files (x86)/cypress/psoc creator/4.4/psoc creator/import/gnu/arm/5.4.1/bin/../lib/gcc/arm-none-eabi/5.4.1/../../../../arm-none-eabi/lib/armv7-m\libg_nano.a(lib_a-memcpy-stub.o)
                0x00001014                memcpy
 .text.memset   0x0000102a       0x10 c:/program files (x86)/cypress/psoc creator/4.4/psoc creator/import/gnu/arm/5.4.1/bin/../lib/gcc/arm-none-eabi/5.4.1/../../../../arm-none-eabi/lib/armv7-m\libg_nano.a(lib_a-memset.o)
                0x0000102a                memset
 *fill*         0x0000103a        0x2 
 .text.sprintf  0x0000103c       0x48 c:/program files (x86)/cypress/psoc creator/4.4/psoc creator/import/gnu/arm/5.4.1/bin/../lib/gcc/arm-none-eabi/5.4.1/../../../../arm-none-eabi/lib/armv7-m\libg_nano.a(lib_a-sprintf.o)
                0x0000103c                siprintf
                0x0000103c                sprintf
 .text.__ssputs_r
                0x00001084       0xb2 c:/program files (x86)/cypress/psoc creator/4.4/psoc creator/import/gnu/arm/5.4.1/bin/../lib/gcc/arm-none-eabi/5.4.1/../../../../arm-none-eabi/lib/armv7-m\libg_nano.a(lib_a-nano-svfprintf.o)
                0x00001084                __ssputs_r
 *fill*         0x00001136        0x2 
 .text._svfprintf_r
                0x00001138      0x1e8 c:/program files (x86)/cypress/psoc creator/4.4/psoc creator/import/gnu/arm/5.4.1/bin/../lib/gcc/arm-none-eabi/5.4.1/../../../../arm-none-eabi/lib/armv7-m\libg_nano.a(lib_a-nano-svfprintf.o)
                0x00001138                _svfiprintf_r
                0x00001138                _svfprintf_r
 .text._printf_common
                0x00001320       0xec c:/program files (x86)/cypress/psoc creator/4.4/psoc creator/import/gnu/arm/5.4.1/bin/../lib/gcc/arm-none-eabi/5.4.1/../../../../arm-none-eabi/lib/armv7-m\libg_nano.a(lib_a-nano-vfprintf_i.o)
                0x00001320                _printf_common
 .text._printf_i
                0x0000140c      0x24c c:/program files (x86)/cypress/psoc creator/4.4/psoc creator/import/gnu/arm/5.4.1/bin/../lib/gcc/arm-none-eabi/5.4.1/../../../../arm-none-eabi/lib/armv7-m\libg_nano.a(lib_a-nano-vfprintf_i.o)
                0x0000140c                _printf_i
 .text.memchr   0x00001658       0x1c c:/program files (x86)/cypress/psoc creator/4.4/psoc creator/import/gnu/arm/5.4.1/bin/../lib/gcc/arm-none-eabi/5.4.1/../../../../arm-none-eabi/lib/armv7-m\libg_nano.a(lib_a-memchr-stub.o)
                0x00001658                memchr
 .text.memmove  0x00001674       0x36 c:/program files (x86)/cypress/psoc creator/4.4/psoc creator/import/gnu/arm/5.4.1/bin/../lib/gcc/arm-none-eabi/5.4.1/../../../../arm-none-eabi/lib/armv7-m\libg_nano.a(lib_a-memmove.o)
                0x00001674                memmove
 *fill*         0x000016aa        0x2 
 .text._free_r  0x000016ac       0x98 c:/program files (x86)/cypress/psoc creator/4.4/psoc creator/import/gnu/arm/5.4.1/bin/../lib/gcc/arm-none-eabi/5.4.1/../../../../arm-none-eabi/lib/armv7-m\libg_nano.a(lib_a-nano-freer.o)
                0x000016ac                _free_r
 .text._malloc_r
                0x00001744       0xbc c:/program files (x86)/cypress/psoc creator/4.4/psoc creator/import/gnu/arm/5.4.1/bin/../lib/gcc/arm-none-eabi/5.4.1/../../../../arm-none-eabi/lib/armv7-m\libg_nano.a(lib_a-nano-mallocr.o)
                0x00001744                _malloc_r
 .text._realloc_r
                0x00001800       0x4c c:/program files (x86)/cypress/psoc creator/4.4/psoc creator/import/gnu/arm/5.4.1/bin/../lib/gcc/arm-none-eabi/5.4.1/../../../../arm-none-eabi/lib/armv7-m\libg_nano.a(lib_a-nano-reallocr.o)
                0x00001800                _realloc_r
 .text._sbrk_r  0x0000184c       0x20 c:/program files (x86)/cypress/psoc creator/4.4/psoc creator/import/gnu/arm/5.4.1/bin/../lib/gcc/arm-none-eabi/5.4.1/../../../../arm-none-eabi/lib/armv7-m\libg_nano.a(lib_a-sbrkr.o)
                0x0000184c                _sbrk_r
 .text.__malloc_lock
                0x0000186c        0x2 c:/program files (x86)/cypress/psoc creator/4.4/psoc creator/import/gnu/arm/5.4.1/bin/../lib/gcc/arm-none-eabi/5.4.1/../../../../arm-none-eabi/lib/armv7-m\libg_nano.a(lib_a-mlock.o)
                0x0000186c                __malloc_lock
 .text.__malloc_unlock
                0x0000186e        0x2 c:/program files (x86)/cypress/psoc creator/4.4/psoc creator/import/gnu/arm/5.4.1/bin/../lib/gcc/arm-none-eabi/5.4.1/../../../../arm-none-eabi/lib/armv7-m\libg_nano.a(lib_a-mlock.o)
                0x0000186e                __malloc_unlock
 .text._malloc_usable_size_r
                0x00001870       0x14 c:/program files (x86)/cypress/psoc creator/4.4/psoc creator/import/gnu/arm/5.4.1/bin/../lib/gcc/arm-none-eabi/5.4.1/../../../../arm-none-eabi/lib/armv7-m\libg_nano.a(lib_a-nano-msizer.o)
                0x00001870                _malloc_usable_size_r
 *(.plt)
 *(.gnu.warning)
 *(.glue_7t)
 .glue_7t       0x00001884        0x0 linker stubs
 *(.glue_7)
 .glue_7        0x00001884        0x0 linker stubs
 *(.vfp11_veneer)
 .vfp11_veneer  0x00001884        0x0 linker stubs
 *(.bootloader)
 *(.ARM.extab* .gnu.linkonce.armextab.*)
 *(.gcc_except_table)

.v4_bx          0x00001884        0x0
 .v4_bx         0x00001884        0x0 linker stubs

.iplt           0x00001884        0x0
 .iplt          0x00001884        0x0 c:/program files (x86)/cypress/psoc creator/4.4/psoc creator/import/gnu/arm/5.4.1/bin/../lib/gcc/arm-none-eabi/5.4.1/armv7-m/crtbegin.o

.eh_frame_hdr
 *(.eh_frame_hdr)

.eh_frame       0x00001884        0x4
 *(.eh_frame)
 .eh_frame      0x00001884        0x0 c:/program files (x86)/cypress/psoc creator/4.4/psoc creator/import/gnu/arm/5.4.1/bin/../lib/gcc/arm-none-eabi/5.4.1/armv7-m/crtbegin.o
 .eh_frame      0x00001884        0x4 c:/program files (x86)/cypress/psoc creator/4.4/psoc creator/import/gnu/arm/5.4.1/bin/../lib/gcc/arm-none-eabi/5.4.1/armv7-m/crtend.o
                [!provide]                PROVIDE (__exidx_start, .)

.ARM.exidx
 *(.ARM.exidx* .gnu.linkonce.armexidx.*)
                0x00001888                __exidx_end = .

.rodata         0x00001888       0xf8
 *(.rodata .rodata.* .gnu.linkonce.r.*)
 .rodata.str1.4
                0x00001888       0x48 .\CortexM3\ARM_GCC_541\Debug\main.o
                                 0x46 (size before relaxing)
 .rodata        0x000018d0       0x42 .\CortexM3\ARM_GCC_541\Debug\cyfitter_cfg.o
 .rodata.str1.1
                0x00001912        0x2 c:/program files (x86)/cypress/psoc creator/4.4/psoc creator/import/gnu/arm/5.4.1/bin/../lib/gcc/arm-none-eabi/5.4.1/../../../../arm-none-eabi/lib/armv7-m\libg_nano.a(lib_a-impure.o)
 .rodata.str1.1
                0x00001914       0x11 c:/program files (x86)/cypress/psoc creator/4.4/psoc creator/import/gnu/arm/5.4.1/bin/../lib/gcc/arm-none-eabi/5.4.1/../../../../arm-none-eabi/lib/armv7-m\libg_nano.a(lib_a-nano-svfprintf.o)
 .rodata.str1.1
                0x00001925       0x22 c:/program files (x86)/cypress/psoc creator/4.4/psoc creator/import/gnu/arm/5.4.1/bin/../lib/gcc/arm-none-eabi/5.4.1/../../../../arm-none-eabi/lib/armv7-m\libg_nano.a(lib_a-nano-vfprintf_i.o)
                0x00001948                . = ALIGN (0x4)
 *fill*         0x00001947        0x1 
 *(.init)
 .init          0x00001948        0x4 c:/program files (x86)/cypress/psoc creator/4.4/psoc creator/import/gnu/arm/5.4.1/bin/../lib/gcc/arm-none-eabi/5.4.1/armv7-m/crti.o
                0x00001948                _init
 .init          0x0000194c        0x8 c:/program files (x86)/cypress/psoc creator/4.4/psoc creator/import/gnu/arm/5.4.1/bin/../lib/gcc/arm-none-eabi/5.4.1/armv7-m/crtn.o
                0x00001954                . = ALIGN (0x4)
                0x00001954                __preinit_array_start = .
 *(.preinit_array)
                0x00001954                __preinit_array_end = .
                0x00001954                . = ALIGN (0x4)
                0x00001954                __init_array_start = .
 *(SORT(.init_array.*))
 *(.init_array)
 .init_array    0x00001954        0x4 c:/program files (x86)/cypress/psoc creator/4.4/psoc creator/import/gnu/arm/5.4.1/bin/../lib/gcc/arm-none-eabi/5.4.1/armv7-m/crtbegin.o
 .init_array    0x00001958        0x4 .\CortexM3\ARM_GCC_541\Debug\Cm3Start.o
                0x0000195c                __init_array_end = .
                0x0000195c                . = ALIGN (0x4)
 *(.fini)
 .fini          0x0000195c        0x4 c:/program files (x86)/cypress/psoc creator/4.4/psoc creator/import/gnu/arm/5.4.1/bin/../lib/gcc/arm-none-eabi/5.4.1/armv7-m/crti.o
                0x0000195c                _fini
 .fini          0x00001960        0x8 c:/program files (x86)/cypress/psoc creator/4.4/psoc creator/import/gnu/arm/5.4.1/bin/../lib/gcc/arm-none-eabi/5.4.1/armv7-m/crtn.o
                0x00001968                . = ALIGN (0x4)
                0x00001968                __fini_array_start = .
 *(.fini_array)
 .fini_array    0x00001968        0x4 c:/program files (x86)/cypress/psoc creator/4.4/psoc creator/import/gnu/arm/5.4.1/bin/../lib/gcc/arm-none-eabi/5.4.1/armv7-m/crtbegin.o
 *(SORT(.fini_array.*))
                0x0000196c                __fini_array_end = .
                0x0000196c                . = ALIGN (0x4)
 *crtbegin.o(.ctors)
 *(EXCLUDE_FILE(*crtend.o) .ctors)
 *(SORT(.ctors.*))
 *crtend.o(.ctors)
                0x0000196c                . = ALIGN (0x4)
 *crtbegin.o(.dtors)
 *(EXCLUDE_FILE(*crtend.o) .dtors)
 *(SORT(.dtors.*))
 *crtend.o(.dtors)
                0x0000196c                . = ALIGN (0x4)
                0x0000196c                __cy_regions = .
                0x0000196c        0x4 LONG 0x1980 __cy_region_init_ram
                0x00001970        0x4 LONG 0x1fff80c8 __cy_region_start_data
                0x00001974        0x4 LONG 0x80 __cy_region_init_size_ram
                0x00001978        0x4 LONG 0xb8 __cy_region_zero_size_ram
                0x0000197c                __cy_regions_end = .
                0x00001980                . = ALIGN (0x8)
 *fill*         0x0000197c        0x4 
                0x00001980                _etext = .

.cy_checksum_exclude
                0x00001980        0x0
 *(.cy_checksum_exclude)

.ramvectors     0x1fff8000       0xc0
                0x1fff8000                __cy_region_start_ram = .
 *(.ramvectors)
 .ramvectors    0x1fff8000       0xc0 .\CortexM3\ARM_GCC_541\Debug\Cm3Start.o
                0x1fff8000                CyRamVectors

.noinit         0x1fff80c0        0x1
 *(.noinit)
 .noinit        0x1fff80c0        0x1 .\CortexM3\ARM_GCC_541\Debug\UltraSonic_059_190702.a(CyLib.o)
                0x1fff80c0                CyResetStatus

.data           0x1fff80c8       0x80 load address 0x00001980
                0x1fff80c8                __cy_region_start_data = .
 *(.jcr)
 .jcr           0x1fff80c8        0x0 c:/program files (x86)/cypress/psoc creator/4.4/psoc creator/import/gnu/arm/5.4.1/bin/../lib/gcc/arm-none-eabi/5.4.1/armv7-m/crtbegin.o
 .jcr           0x1fff80c8        0x4 c:/program files (x86)/cypress/psoc creator/4.4/psoc creator/import/gnu/arm/5.4.1/bin/../lib/gcc/arm-none-eabi/5.4.1/armv7-m/crtend.o
 *(.got.plt)
 *(.got)
 *(.shdata)
 *(.data .data.* .gnu.linkonce.d.*)
 .data          0x1fff80cc        0x4 .\CortexM3\ARM_GCC_541\Debug\Cm3Start.o
 .data          0x1fff80d0       0x10 .\CortexM3\ARM_GCC_541\Debug\UltraSonic_059_190702.a(CyLib.o)
                0x1fff80d0                cydelay_32k_ms
                0x1fff80d4                cydelay_freq_khz
                0x1fff80d8                cydelay_freq_mhz
                0x1fff80dc                cydelay_freq_hz
 .data.impure_data
                0x1fff80e0       0x60 c:/program files (x86)/cypress/psoc creator/4.4/psoc creator/import/gnu/arm/5.4.1/bin/../lib/gcc/arm-none-eabi/5.4.1/../../../../arm-none-eabi/lib/armv7-m\libg_nano.a(lib_a-impure.o)
 .data._impure_ptr
                0x1fff8140        0x4 c:/program files (x86)/cypress/psoc creator/4.4/psoc creator/import/gnu/arm/5.4.1/bin/../lib/gcc/arm-none-eabi/5.4.1/../../../../arm-none-eabi/lib/armv7-m\libg_nano.a(lib_a-impure.o)
                0x1fff8140                _impure_ptr
                0x1fff8148                . = ALIGN (0x8)
 *fill*         0x1fff8144        0x4 
 *(.ram)
                0x1fff8148                _edata = .

.igot.plt       0x1fff8148        0x0 load address 0x00001a00
 .igot.plt      0x1fff8148        0x0 c:/program files (x86)/cypress/psoc creator/4.4/psoc creator/import/gnu/arm/5.4.1/bin/../lib/gcc/arm-none-eabi/5.4.1/armv7-m/crtbegin.o

.bss            0x1fff8148       0xb8 load address 0x00001a00
                0x1fff8148                PROVIDE (__bss_start__, .)
 *(.shbss)
 *(.bss .bss.* .gnu.linkonce.b.*)
 .bss           0x1fff8148       0x1c c:/program files (x86)/cypress/psoc creator/4.4/psoc creator/import/gnu/arm/5.4.1/bin/../lib/gcc/arm-none-eabi/5.4.1/armv7-m/crtbegin.o
 .bss           0x1fff8164        0x8 .\CortexM3\ARM_GCC_541\Debug\main.o
                0x1fff8164                duration
                0x1fff8168                echo_flag
 .bss           0x1fff816c        0x2 .\CortexM3\ARM_GCC_541\Debug\UltraSonic_059_190702.a(UART.o)
                0x1fff816c                UART_initVar
 *fill*         0x1fff816e        0x2 
 .bss.__malloc_sbrk_start
                0x1fff8170        0x4 c:/program files (x86)/cypress/psoc creator/4.4/psoc creator/import/gnu/arm/5.4.1/bin/../lib/gcc/arm-none-eabi/5.4.1/../../../../arm-none-eabi/lib/armv7-m\libg_nano.a(lib_a-nano-mallocr.o)
                0x1fff8170                __malloc_sbrk_start
 .bss.__malloc_free_list
                0x1fff8174        0x4 c:/program files (x86)/cypress/psoc creator/4.4/psoc creator/import/gnu/arm/5.4.1/bin/../lib/gcc/arm-none-eabi/5.4.1/../../../../arm-none-eabi/lib/armv7-m\libg_nano.a(lib_a-nano-mallocr.o)
                0x1fff8174                __malloc_free_list
 *(COMMON)
 COMMON         0x1fff8178       0x80 .\CortexM3\ARM_GCC_541\Debug\main.o
                0x1fff8178                str
 COMMON         0x1fff81f8        0x4 c:/program files (x86)/cypress/psoc creator/4.4/psoc creator/import/gnu/arm/5.4.1/bin/../lib/gcc/arm-none-eabi/5.4.1/../../../../arm-none-eabi/lib/armv7-m\libg_nano.a(lib_a-reent.o)
                0x1fff81f8                errno
                0x1fff8200                . = ALIGN (0x8)
 *fill*         0x1fff81fc        0x4 
 *(.ram.b)
                0x1fff8200                _end = .
                0x1fff8200                __end = .
                0x1fff8200                PROVIDE (end, .)
                0x1fff8200                PROVIDE (__bss_end__, .)
                0x00001980                __cy_region_init_ram = LOADADDR (.data)
                0x00000080                __cy_region_init_size_ram = (_edata - ADDR (.data))
                0x000000b8                __cy_region_zero_size_ram = (_end - _edata)

.heap           0x1fff8200       0x80 load address 0x00001a00
                0x1fff8200                . = _end
                0x1fff8280                . = (. + 0x80)
 *fill*         0x1fff8200       0x80 
                0x1fff8280                __cy_heap_limit = .

.stack          0x20007800      0x800
                0x20007800                __cy_stack_limit = .
                0x20008000                . = (. + 0x800)
 *fill*         0x20007800      0x800 
                0x00000001                ASSERT ((__cy_stack_limit >= __cy_heap_limit), region RAM overflowed with stack)
                0x00000000                cy_checksum_exclude_size = (CY_APPL_LOADABLE == 0x1)?SIZEOF (.cy_checksum_exclude):0x0
                0x00000001                ASSERT ((cy_checksum_exclude_size <= CY_CHECKSUM_EXCLUDE_SIZE), CY_BOOT: Section .cy_checksum_exclude size exceedes specified limit.)

.cyloadermeta
 *(.cyloadermeta)

.cyloadablemeta
 *(.cyloadablemeta)

.cyconfigecc    0x80000000      0x494
 *(.cyconfigecc)
 .cyconfigecc   0x80000000      0x494 .\CortexM3\ARM_GCC_541\Debug\cymetadata.o
                0x80000000                cy_meta_configecc

.cycustnvl      0x90000000        0x4
 *(.cycustnvl)
 .cycustnvl     0x90000000        0x4 .\CortexM3\ARM_GCC_541\Debug\cymetadata.o
                0x90000000                cy_meta_custnvl

.cywolatch      0x90100000        0x4
 *(.cywolatch)
 .cywolatch     0x90100000        0x4 .\CortexM3\ARM_GCC_541\Debug\cymetadata.o
                0x90100000                cy_meta_wonvl

.cyeeprom       0x90200000        0x0
 *(.cyeeprom)
                0x00000001                ASSERT ((. <= ((0x90200000 + ee_offset) + ee_size)), .cyeeprom data will not fit in EEPROM)

.cyflashprotect
                0x90400000      0x100
 *(.cyflashprotect)
 .cyflashprotect
                0x90400000      0x100 .\CortexM3\ARM_GCC_541\Debug\cymetadata.o
                0x90400000                cy_meta_flashprotect

.cymeta         0x90500000        0xc
 *(.cymeta)
 .cymeta        0x90500000        0xc .\CortexM3\ARM_GCC_541\Debug\cymetadata.o
                0x90500000                cy_metadata

.rel.dyn        0x00001a00        0x0 load address 0x9050000c
 .rel.iplt      0x00001a00        0x0 c:/program files (x86)/cypress/psoc creator/4.4/psoc creator/import/gnu/arm/5.4.1/bin/../lib/gcc/arm-none-eabi/5.4.1/armv7-m/crtbegin.o

.stab
 *(.stab)

.stabstr
 *(.stabstr)

.debug
 *(.debug)

.line
 *(.line)

.debug_srcinfo
 *(.debug_srcinfo)

.debug_sfnames
 *(.debug_sfnames)

.debug_aranges  0x00000000      0x930
 *(.debug_aranges)
 .debug_aranges
                0x00000000       0x48 .\CortexM3\ARM_GCC_541\Debug\main.o
 .debug_aranges
                0x00000048       0x58 .\CortexM3\ARM_GCC_541\Debug\cyfitter_cfg.o
 .debug_aranges
                0x000000a0       0x18 .\CortexM3\ARM_GCC_541\Debug\cymetadata.o
 .debug_aranges
                0x000000b8       0x48 .\CortexM3\ARM_GCC_541\Debug\Cm3Start.o
 .debug_aranges
                0x00000100       0x38 .\CortexM3\ARM_GCC_541\Debug\UltraSonic_059_190702.a(Trigger.o)
 .debug_aranges
                0x00000138       0xf0 .\CortexM3\ARM_GCC_541\Debug\UltraSonic_059_190702.a(UART.o)
 .debug_aranges
                0x00000228       0x70 .\CortexM3\ARM_GCC_541\Debug\UltraSonic_059_190702.a(UART_IntClock.o)
 .debug_aranges
                0x00000298      0x2a8 .\CortexM3\ARM_GCC_541\Debug\UltraSonic_059_190702.a(CyLib.o)
 .debug_aranges
                0x00000540       0x98 .\CortexM3\ARM_GCC_541\Debug\UltraSonic_059_190702.a(cyPm.o)
 .debug_aranges
                0x000005d8       0x80 .\CortexM3\ARM_GCC_541\Debug\UltraSonic_059_190702.a(isr_echo_int.o)
 .debug_aranges
                0x00000658       0x98 .\CortexM3\ARM_GCC_541\Debug\UltraSonic_059_190702.a(Counter.o)
 .debug_aranges
                0x000006f0       0x28 .\CortexM3\ARM_GCC_541\Debug\UltraSonic_059_190702.a(Counter_Reset.o)
 .debug_aranges
                0x00000718       0x70 .\CortexM3\ARM_GCC_541\Debug\UltraSonic_059_190702.a(Clock_24MHz.o)
 .debug_aranges
                0x00000788       0x20 .\CortexM3\ARM_GCC_541\Debug\UltraSonic_059_190702.a(CyBootAsmGnu.o)
 .debug_aranges
                0x000007a8       0x80 .\CortexM3\ARM_GCC_541\Debug\UltraSonic_059_190702.a(CyScBoostClk.o)
 .debug_aranges
                0x00000828       0x88 .\CortexM3\ARM_GCC_541\Debug\UltraSonic_059_190702.a(CyFlash.o)
 .debug_aranges
                0x000008b0       0x80 .\CortexM3\ARM_GCC_541\Debug\UltraSonic_059_190702.a(CySpc.o)

.debug_pubnames
 *(.debug_pubnames)

.debug_info     0x00000000     0x4f1d
 *(.debug_info .gnu.linkonce.wi.*)
 .debug_info    0x00000000      0x439 .\CortexM3\ARM_GCC_541\Debug\main.o
 .debug_info    0x00000439      0x5ba .\CortexM3\ARM_GCC_541\Debug\cyfitter_cfg.o
 .debug_info    0x000009f3      0x136 .\CortexM3\ARM_GCC_541\Debug\cymetadata.o
 .debug_info    0x00000b29      0x3bb .\CortexM3\ARM_GCC_541\Debug\Cm3Start.o
 .debug_info    0x00000ee4      0x11f .\CortexM3\ARM_GCC_541\Debug\UltraSonic_059_190702.a(Trigger.o)
 .debug_info    0x00001003      0x60c .\CortexM3\ARM_GCC_541\Debug\UltraSonic_059_190702.a(UART.o)
 .debug_info    0x0000160f      0x283 .\CortexM3\ARM_GCC_541\Debug\UltraSonic_059_190702.a(UART_IntClock.o)
 .debug_info    0x00001892     0x13d4 .\CortexM3\ARM_GCC_541\Debug\UltraSonic_059_190702.a(CyLib.o)
 .debug_info    0x00002c66      0xa2a .\CortexM3\ARM_GCC_541\Debug\UltraSonic_059_190702.a(cyPm.o)
 .debug_info    0x00003690      0x2d2 .\CortexM3\ARM_GCC_541\Debug\UltraSonic_059_190702.a(isr_echo_int.o)
 .debug_info    0x00003962      0x344 .\CortexM3\ARM_GCC_541\Debug\UltraSonic_059_190702.a(Counter.o)
 .debug_info    0x00003ca6       0xd6 .\CortexM3\ARM_GCC_541\Debug\UltraSonic_059_190702.a(Counter_Reset.o)
 .debug_info    0x00003d7c      0x283 .\CortexM3\ARM_GCC_541\Debug\UltraSonic_059_190702.a(Clock_24MHz.o)
 .debug_info    0x00003fff       0xbd .\CortexM3\ARM_GCC_541\Debug\UltraSonic_059_190702.a(CyBootAsmGnu.o)
 .debug_info    0x000040bc      0x2c4 .\CortexM3\ARM_GCC_541\Debug\UltraSonic_059_190702.a(CyScBoostClk.o)
 .debug_info    0x00004380      0x64d .\CortexM3\ARM_GCC_541\Debug\UltraSonic_059_190702.a(CyFlash.o)
 .debug_info    0x000049cd      0x550 .\CortexM3\ARM_GCC_541\Debug\UltraSonic_059_190702.a(CySpc.o)

.debug_abbrev   0x00000000     0x1591
 *(.debug_abbrev)
 .debug_abbrev  0x00000000      0x134 .\CortexM3\ARM_GCC_541\Debug\main.o
 .debug_abbrev  0x00000134      0x20d .\CortexM3\ARM_GCC_541\Debug\cyfitter_cfg.o
 .debug_abbrev  0x00000341       0x77 .\CortexM3\ARM_GCC_541\Debug\cymetadata.o
 .debug_abbrev  0x000003b8      0x1e8 .\CortexM3\ARM_GCC_541\Debug\Cm3Start.o
 .debug_abbrev  0x000005a0       0x90 .\CortexM3\ARM_GCC_541\Debug\UltraSonic_059_190702.a(Trigger.o)
 .debug_abbrev  0x00000630      0x175 .\CortexM3\ARM_GCC_541\Debug\UltraSonic_059_190702.a(UART.o)
 .debug_abbrev  0x000007a5      0x139 .\CortexM3\ARM_GCC_541\Debug\UltraSonic_059_190702.a(UART_IntClock.o)
 .debug_abbrev  0x000008de      0x254 .\CortexM3\ARM_GCC_541\Debug\UltraSonic_059_190702.a(CyLib.o)
 .debug_abbrev  0x00000b32      0x1ab .\CortexM3\ARM_GCC_541\Debug\UltraSonic_059_190702.a(cyPm.o)
 .debug_abbrev  0x00000cdd      0x173 .\CortexM3\ARM_GCC_541\Debug\UltraSonic_059_190702.a(isr_echo_int.o)
 .debug_abbrev  0x00000e50      0x117 .\CortexM3\ARM_GCC_541\Debug\UltraSonic_059_190702.a(Counter.o)
 .debug_abbrev  0x00000f67       0x81 .\CortexM3\ARM_GCC_541\Debug\UltraSonic_059_190702.a(Counter_Reset.o)
 .debug_abbrev  0x00000fe8      0x139 .\CortexM3\ARM_GCC_541\Debug\UltraSonic_059_190702.a(Clock_24MHz.o)
 .debug_abbrev  0x00001121       0x14 .\CortexM3\ARM_GCC_541\Debug\UltraSonic_059_190702.a(CyBootAsmGnu.o)
 .debug_abbrev  0x00001135      0x121 .\CortexM3\ARM_GCC_541\Debug\UltraSonic_059_190702.a(CyScBoostClk.o)
 .debug_abbrev  0x00001256      0x1a7 .\CortexM3\ARM_GCC_541\Debug\UltraSonic_059_190702.a(CyFlash.o)
 .debug_abbrev  0x000013fd      0x194 .\CortexM3\ARM_GCC_541\Debug\UltraSonic_059_190702.a(CySpc.o)

.debug_line     0x00000000     0x23cb
 *(.debug_line)
 .debug_line    0x00000000      0x2ac .\CortexM3\ARM_GCC_541\Debug\main.o
 .debug_line    0x000002ac      0x1f4 .\CortexM3\ARM_GCC_541\Debug\cyfitter_cfg.o
 .debug_line    0x000004a0      0x141 .\CortexM3\ARM_GCC_541\Debug\cymetadata.o
 .debug_line    0x000005e1      0x234 .\CortexM3\ARM_GCC_541\Debug\Cm3Start.o
 .debug_line    0x00000815       0x94 .\CortexM3\ARM_GCC_541\Debug\UltraSonic_059_190702.a(Trigger.o)
 .debug_line    0x000008a9      0x2bc .\CortexM3\ARM_GCC_541\Debug\UltraSonic_059_190702.a(UART.o)
 .debug_line    0x00000b65      0x17c .\CortexM3\ARM_GCC_541\Debug\UltraSonic_059_190702.a(UART_IntClock.o)
 .debug_line    0x00000ce1      0x854 .\CortexM3\ARM_GCC_541\Debug\UltraSonic_059_190702.a(CyLib.o)
 .debug_line    0x00001535      0x367 .\CortexM3\ARM_GCC_541\Debug\UltraSonic_059_190702.a(cyPm.o)
 .debug_line    0x0000189c      0x139 .\CortexM3\ARM_GCC_541\Debug\UltraSonic_059_190702.a(isr_echo_int.o)
 .debug_line    0x000019d5      0x189 .\CortexM3\ARM_GCC_541\Debug\UltraSonic_059_190702.a(Counter.o)
 .debug_line    0x00001b5e       0x75 .\CortexM3\ARM_GCC_541\Debug\UltraSonic_059_190702.a(Counter_Reset.o)
 .debug_line    0x00001bd3      0x17a .\CortexM3\ARM_GCC_541\Debug\UltraSonic_059_190702.a(Clock_24MHz.o)
 .debug_line    0x00001d4d       0x66 .\CortexM3\ARM_GCC_541\Debug\UltraSonic_059_190702.a(CyBootAsmGnu.o)
 .debug_line    0x00001db3      0x19e .\CortexM3\ARM_GCC_541\Debug\UltraSonic_059_190702.a(CyScBoostClk.o)
 .debug_line    0x00001f51      0x21a .\CortexM3\ARM_GCC_541\Debug\UltraSonic_059_190702.a(CyFlash.o)
 .debug_line    0x0000216b      0x260 .\CortexM3\ARM_GCC_541\Debug\UltraSonic_059_190702.a(CySpc.o)

.debug_frame    0x00000000     0x1a6c
 *(.debug_frame)
 .debug_frame   0x00000000       0xc4 .\CortexM3\ARM_GCC_541\Debug\main.o
 .debug_frame   0x000000c4       0xe4 .\CortexM3\ARM_GCC_541\Debug\cyfitter_cfg.o
 .debug_frame   0x000001a8       0xb8 .\CortexM3\ARM_GCC_541\Debug\Cm3Start.o
 .debug_frame   0x00000260       0x50 .\CortexM3\ARM_GCC_541\Debug\UltraSonic_059_190702.a(Trigger.o)
 .debug_frame   0x000002b0      0x250 .\CortexM3\ARM_GCC_541\Debug\UltraSonic_059_190702.a(UART.o)
 .debug_frame   0x00000500       0xe0 .\CortexM3\ARM_GCC_541\Debug\UltraSonic_059_190702.a(UART_IntClock.o)
 .debug_frame   0x000005e0      0x754 .\CortexM3\ARM_GCC_541\Debug\UltraSonic_059_190702.a(CyLib.o)
 .debug_frame   0x00000d34      0x1f8 .\CortexM3\ARM_GCC_541\Debug\UltraSonic_059_190702.a(cyPm.o)
 .debug_frame   0x00000f2c      0x104 .\CortexM3\ARM_GCC_541\Debug\UltraSonic_059_190702.a(isr_echo_int.o)
 .debug_frame   0x00001030      0x134 .\CortexM3\ARM_GCC_541\Debug\UltraSonic_059_190702.a(Counter.o)
 .debug_frame   0x00001164       0x30 .\CortexM3\ARM_GCC_541\Debug\UltraSonic_059_190702.a(Counter_Reset.o)
 .debug_frame   0x00001194       0xe0 .\CortexM3\ARM_GCC_541\Debug\UltraSonic_059_190702.a(Clock_24MHz.o)
 .debug_frame   0x00001274      0x100 .\CortexM3\ARM_GCC_541\Debug\UltraSonic_059_190702.a(CyScBoostClk.o)
 .debug_frame   0x00001374      0x194 .\CortexM3\ARM_GCC_541\Debug\UltraSonic_059_190702.a(CyFlash.o)
 .debug_frame   0x00001508      0x180 .\CortexM3\ARM_GCC_541\Debug\UltraSonic_059_190702.a(CySpc.o)
 .debug_frame   0x00001688       0x20 c:/program files (x86)/cypress/psoc creator/4.4/psoc creator/import/gnu/arm/5.4.1/bin/../lib/gcc/arm-none-eabi/5.4.1/../../../../arm-none-eabi/lib/armv7-m\libg_nano.a(lib_a-errno.o)
 .debug_frame   0x000016a8       0x28 c:/program files (x86)/cypress/psoc creator/4.4/psoc creator/import/gnu/arm/5.4.1/bin/../lib/gcc/arm-none-eabi/5.4.1/../../../../arm-none-eabi/lib/armv7-m\libg_nano.a(lib_a-exit.o)
 .debug_frame   0x000016d0       0x2c c:/program files (x86)/cypress/psoc creator/4.4/psoc creator/import/gnu/arm/5.4.1/bin/../lib/gcc/arm-none-eabi/5.4.1/../../../../arm-none-eabi/lib/armv7-m\libg_nano.a(lib_a-init.o)
 .debug_frame   0x000016fc       0x28 c:/program files (x86)/cypress/psoc creator/4.4/psoc creator/import/gnu/arm/5.4.1/bin/../lib/gcc/arm-none-eabi/5.4.1/../../../../arm-none-eabi/lib/armv7-m\libg_nano.a(lib_a-memcpy-stub.o)
 .debug_frame   0x00001724       0x20 c:/program files (x86)/cypress/psoc creator/4.4/psoc creator/import/gnu/arm/5.4.1/bin/../lib/gcc/arm-none-eabi/5.4.1/../../../../arm-none-eabi/lib/armv7-m\libg_nano.a(lib_a-memset.o)
 .debug_frame   0x00001744       0x70 c:/program files (x86)/cypress/psoc creator/4.4/psoc creator/import/gnu/arm/5.4.1/bin/../lib/gcc/arm-none-eabi/5.4.1/../../../../arm-none-eabi/lib/armv7-m\libg_nano.a(lib_a-sprintf.o)
 .debug_frame   0x000017b4       0x90 c:/program files (x86)/cypress/psoc creator/4.4/psoc creator/import/gnu/arm/5.4.1/bin/../lib/gcc/arm-none-eabi/5.4.1/../../../../arm-none-eabi/lib/armv7-m\libg_nano.a(lib_a-nano-svfprintf.o)
 .debug_frame   0x00001844       0x60 c:/program files (x86)/cypress/psoc creator/4.4/psoc creator/import/gnu/arm/5.4.1/bin/../lib/gcc/arm-none-eabi/5.4.1/../../../../arm-none-eabi/lib/armv7-m\libg_nano.a(lib_a-nano-vfprintf_i.o)
 .debug_frame   0x000018a4       0x28 c:/program files (x86)/cypress/psoc creator/4.4/psoc creator/import/gnu/arm/5.4.1/bin/../lib/gcc/arm-none-eabi/5.4.1/../../../../arm-none-eabi/lib/armv7-m\libg_nano.a(lib_a-memchr-stub.o)
 .debug_frame   0x000018cc       0x28 c:/program files (x86)/cypress/psoc creator/4.4/psoc creator/import/gnu/arm/5.4.1/bin/../lib/gcc/arm-none-eabi/5.4.1/../../../../arm-none-eabi/lib/armv7-m\libg_nano.a(lib_a-memmove.o)
 .debug_frame   0x000018f4       0x38 c:/program files (x86)/cypress/psoc creator/4.4/psoc creator/import/gnu/arm/5.4.1/bin/../lib/gcc/arm-none-eabi/5.4.1/../../../../arm-none-eabi/lib/armv7-m\libg_nano.a(lib_a-nano-freer.o)
 .debug_frame   0x0000192c       0x2c c:/program files (x86)/cypress/psoc creator/4.4/psoc creator/import/gnu/arm/5.4.1/bin/../lib/gcc/arm-none-eabi/5.4.1/../../../../arm-none-eabi/lib/armv7-m\libg_nano.a(lib_a-nano-mallocr.o)
 .debug_frame   0x00001958       0x3c c:/program files (x86)/cypress/psoc creator/4.4/psoc creator/import/gnu/arm/5.4.1/bin/../lib/gcc/arm-none-eabi/5.4.1/../../../../arm-none-eabi/lib/armv7-m\libg_nano.a(lib_a-nano-reallocr.o)
 .debug_frame   0x00001994       0x2c c:/program files (x86)/cypress/psoc creator/4.4/psoc creator/import/gnu/arm/5.4.1/bin/../lib/gcc/arm-none-eabi/5.4.1/../../../../arm-none-eabi/lib/armv7-m\libg_nano.a(lib_a-sbrkr.o)
 .debug_frame   0x000019c0       0x30 c:/program files (x86)/cypress/psoc creator/4.4/psoc creator/import/gnu/arm/5.4.1/bin/../lib/gcc/arm-none-eabi/5.4.1/../../../../arm-none-eabi/lib/armv7-m\libg_nano.a(lib_a-mlock.o)
 .debug_frame   0x000019f0       0x20 c:/program files (x86)/cypress/psoc creator/4.4/psoc creator/import/gnu/arm/5.4.1/bin/../lib/gcc/arm-none-eabi/5.4.1/../../../../arm-none-eabi/lib/armv7-m\libg_nano.a(lib_a-nano-msizer.o)
 .debug_frame   0x00001a10       0x5c c:/program files (x86)/cypress/psoc creator/4.4/psoc creator/import/gnu/arm/5.4.1/bin/../lib/gcc/arm-none-eabi/5.4.1/../../../../arm-none-eabi/lib/armv7-m\libg_nano.a(lib_a-reent.o)

.debug_str      0x00000000     0x1e78
 *(.debug_str)
 .debug_str     0x00000000      0x2f3 .\CortexM3\ARM_GCC_541\Debug\main.o
                                0x34d (size before relaxing)
 .debug_str     0x000002f3      0x1b0 .\CortexM3\ARM_GCC_541\Debug\cyfitter_cfg.o
                                0x371 (size before relaxing)
 .debug_str     0x000004a3       0x7f .\CortexM3\ARM_GCC_541\Debug\cymetadata.o
                                0x211 (size before relaxing)
 .debug_str     0x00000522      0x144 .\CortexM3\ARM_GCC_541\Debug\Cm3Start.o
                                0x337 (size before relaxing)
 .debug_str     0x00000666       0x67 .\CortexM3\ARM_GCC_541\Debug\UltraSonic_059_190702.a(Trigger.o)
                                0x219 (size before relaxing)
 .debug_str     0x000006cd      0x2ba .\CortexM3\ARM_GCC_541\Debug\UltraSonic_059_190702.a(UART.o)
                                0x4a2 (size before relaxing)
 .debug_str     0x00000987      0x189 .\CortexM3\ARM_GCC_541\Debug\UltraSonic_059_190702.a(UART_IntClock.o)
                                0x363 (size before relaxing)
 .debug_str     0x00000b10      0x844 .\CortexM3\ARM_GCC_541\Debug\UltraSonic_059_190702.a(CyLib.o)
                                0xabd (size before relaxing)
 .debug_str     0x00001354      0x365 .\CortexM3\ARM_GCC_541\Debug\UltraSonic_059_190702.a(cyPm.o)
                                0x760 (size before relaxing)
 .debug_str     0x000016b9       0xf0 .\CortexM3\ARM_GCC_541\Debug\UltraSonic_059_190702.a(isr_echo_int.o)
                                0x335 (size before relaxing)
 .debug_str     0x000017a9      0x186 .\CortexM3\ARM_GCC_541\Debug\UltraSonic_059_190702.a(Counter.o)
                                0x3ab (size before relaxing)
 .debug_str     0x0000192f       0x3a .\CortexM3\ARM_GCC_541\Debug\UltraSonic_059_190702.a(Counter_Reset.o)
                                0x1f4 (size before relaxing)
 .debug_str     0x00001969      0x135 .\CortexM3\ARM_GCC_541\Debug\UltraSonic_059_190702.a(Clock_24MHz.o)
                                0x34b (size before relaxing)
 .debug_str     0x00001a9e      0x173 .\CortexM3\ARM_GCC_541\Debug\UltraSonic_059_190702.a(CyScBoostClk.o)
                                0x39c (size before relaxing)
 .debug_str     0x00001c11      0x1bb .\CortexM3\ARM_GCC_541\Debug\UltraSonic_059_190702.a(CyFlash.o)
                                0x3ed (size before relaxing)
 .debug_str     0x00001dcc       0xac .\CortexM3\ARM_GCC_541\Debug\UltraSonic_059_190702.a(CySpc.o)
                                0x365 (size before relaxing)

.debug_loc      0x00000000     0x21c9
 *(.debug_loc)
 .debug_loc     0x00000000       0x77 .\CortexM3\ARM_GCC_541\Debug\main.o
 .debug_loc     0x00000077      0x25a .\CortexM3\ARM_GCC_541\Debug\cyfitter_cfg.o
 .debug_loc     0x000002d1      0x144 .\CortexM3\ARM_GCC_541\Debug\Cm3Start.o
 .debug_loc     0x00000415       0x42 .\CortexM3\ARM_GCC_541\Debug\UltraSonic_059_190702.a(Trigger.o)
 .debug_loc     0x00000457      0x258 .\CortexM3\ARM_GCC_541\Debug\UltraSonic_059_190702.a(UART.o)
 .debug_loc     0x000006af      0x128 .\CortexM3\ARM_GCC_541\Debug\UltraSonic_059_190702.a(UART_IntClock.o)
 .debug_loc     0x000007d7      0xa4b .\CortexM3\ARM_GCC_541\Debug\UltraSonic_059_190702.a(CyLib.o)
 .debug_loc     0x00001222      0x1e4 .\CortexM3\ARM_GCC_541\Debug\UltraSonic_059_190702.a(cyPm.o)
 .debug_loc     0x00001406       0x56 .\CortexM3\ARM_GCC_541\Debug\UltraSonic_059_190702.a(isr_echo_int.o)
 .debug_loc     0x0000145c       0x3d .\CortexM3\ARM_GCC_541\Debug\UltraSonic_059_190702.a(Counter.o)
 .debug_loc     0x00001499      0x12c .\CortexM3\ARM_GCC_541\Debug\UltraSonic_059_190702.a(Clock_24MHz.o)
 .debug_loc     0x000015c5      0x14d .\CortexM3\ARM_GCC_541\Debug\UltraSonic_059_190702.a(CyScBoostClk.o)
 .debug_loc     0x00001712      0x3b2 .\CortexM3\ARM_GCC_541\Debug\UltraSonic_059_190702.a(CyFlash.o)
 .debug_loc     0x00001ac4      0x705 .\CortexM3\ARM_GCC_541\Debug\UltraSonic_059_190702.a(CySpc.o)

.debug_macinfo
 *(.debug_macinfo)

.debug_ranges   0x00000000      0x808
 *(.debug_ranges)
 .debug_ranges  0x00000000       0x38 .\CortexM3\ARM_GCC_541\Debug\main.o
 .debug_ranges  0x00000038       0x48 .\CortexM3\ARM_GCC_541\Debug\cyfitter_cfg.o
 .debug_ranges  0x00000080       0x38 .\CortexM3\ARM_GCC_541\Debug\Cm3Start.o
 .debug_ranges  0x000000b8       0x28 .\CortexM3\ARM_GCC_541\Debug\UltraSonic_059_190702.a(Trigger.o)
 .debug_ranges  0x000000e0       0xe0 .\CortexM3\ARM_GCC_541\Debug\UltraSonic_059_190702.a(UART.o)
 .debug_ranges  0x000001c0       0x60 .\CortexM3\ARM_GCC_541\Debug\UltraSonic_059_190702.a(UART_IntClock.o)
 .debug_ranges  0x00000220      0x298 .\CortexM3\ARM_GCC_541\Debug\UltraSonic_059_190702.a(CyLib.o)
 .debug_ranges  0x000004b8       0x88 .\CortexM3\ARM_GCC_541\Debug\UltraSonic_059_190702.a(cyPm.o)
 .debug_ranges  0x00000540       0x70 .\CortexM3\ARM_GCC_541\Debug\UltraSonic_059_190702.a(isr_echo_int.o)
 .debug_ranges  0x000005b0       0x88 .\CortexM3\ARM_GCC_541\Debug\UltraSonic_059_190702.a(Counter.o)
 .debug_ranges  0x00000638       0x18 .\CortexM3\ARM_GCC_541\Debug\UltraSonic_059_190702.a(Counter_Reset.o)
 .debug_ranges  0x00000650       0x60 .\CortexM3\ARM_GCC_541\Debug\UltraSonic_059_190702.a(Clock_24MHz.o)
 .debug_ranges  0x000006b0       0x70 .\CortexM3\ARM_GCC_541\Debug\UltraSonic_059_190702.a(CyScBoostClk.o)
 .debug_ranges  0x00000720       0x78 .\CortexM3\ARM_GCC_541\Debug\UltraSonic_059_190702.a(CyFlash.o)
 .debug_ranges  0x00000798       0x70 .\CortexM3\ARM_GCC_541\Debug\UltraSonic_059_190702.a(CySpc.o)

.comment        0x00000000       0x6e
 .comment       0x00000000       0x6e .\CortexM3\ARM_GCC_541\Debug\main.o
                                 0x6f (size before relaxing)
 .comment       0x0000006e       0x6f .\CortexM3\ARM_GCC_541\Debug\cyfitter_cfg.o
 .comment       0x0000006e       0x6f .\CortexM3\ARM_GCC_541\Debug\cymetadata.o
 .comment       0x0000006e       0x6f .\CortexM3\ARM_GCC_541\Debug\Cm3Start.o
 .comment       0x0000006e       0x6f .\CortexM3\ARM_GCC_541\Debug\UltraSonic_059_190702.a(Trigger.o)
 .comment       0x0000006e       0x6f .\CortexM3\ARM_GCC_541\Debug\UltraSonic_059_190702.a(UART.o)
 .comment       0x0000006e       0x6f .\CortexM3\ARM_GCC_541\Debug\UltraSonic_059_190702.a(UART_IntClock.o)
 .comment       0x0000006e       0x6f .\CortexM3\ARM_GCC_541\Debug\UltraSonic_059_190702.a(CyLib.o)
 .comment       0x0000006e       0x6f .\CortexM3\ARM_GCC_541\Debug\UltraSonic_059_190702.a(cyPm.o)
 .comment       0x0000006e       0x6f .\CortexM3\ARM_GCC_541\Debug\UltraSonic_059_190702.a(isr_echo_int.o)
 .comment       0x0000006e       0x6f .\CortexM3\ARM_GCC_541\Debug\UltraSonic_059_190702.a(Counter.o)
 .comment       0x0000006e       0x6f .\CortexM3\ARM_GCC_541\Debug\UltraSonic_059_190702.a(Counter_Reset.o)
 .comment       0x0000006e       0x6f .\CortexM3\ARM_GCC_541\Debug\UltraSonic_059_190702.a(Clock_24MHz.o)
 .comment       0x0000006e       0x6f .\CortexM3\ARM_GCC_541\Debug\UltraSonic_059_190702.a(CyScBoostClk.o)
 .comment       0x0000006e       0x6f .\CortexM3\ARM_GCC_541\Debug\UltraSonic_059_190702.a(CyFlash.o)
 .comment       0x0000006e       0x6f .\CortexM3\ARM_GCC_541\Debug\UltraSonic_059_190702.a(CySpc.o)

.debug_weaknames
 *(.debug_weaknames)

.debug_funcnames
 *(.debug_funcnames)

.debug_typenames
 *(.debug_typenames)

.debug_varnames
 *(.debug_varnames)

.note.gnu.arm.ident
 *(.note.gnu.arm.ident)

.ARM.attributes
                0x00000000       0x29
 *(.ARM.attributes)
 .ARM.attributes
                0x00000000       0x1d c:/program files (x86)/cypress/psoc creator/4.4/psoc creator/import/gnu/arm/5.4.1/bin/../lib/gcc/arm-none-eabi/5.4.1/armv7-m/crti.o
 .ARM.attributes
                0x0000001d       0x2d c:/program files (x86)/cypress/psoc creator/4.4/psoc creator/import/gnu/arm/5.4.1/bin/../lib/gcc/arm-none-eabi/5.4.1/armv7-m/crtbegin.o
 .ARM.attributes
                0x0000004a       0x1b c:/program files (x86)/cypress/psoc creator/4.4/psoc creator/import/gnu/arm/5.4.1/bin/../lib/gcc/arm-none-eabi/5.4.1/../../../../arm-none-eabi/lib/armv7-m/crt0.o
 .ARM.attributes
                0x00000065       0x33 .\CortexM3\ARM_GCC_541\Debug\main.o
 .ARM.attributes
                0x00000098       0x33 .\CortexM3\ARM_GCC_541\Debug\cyfitter_cfg.o
 .ARM.attributes
                0x000000cb       0x33 .\CortexM3\ARM_GCC_541\Debug\cymetadata.o
 .ARM.attributes
                0x000000fe       0x33 .\CortexM3\ARM_GCC_541\Debug\Cm3Start.o
 .ARM.attributes
                0x00000131       0x33 .\CortexM3\ARM_GCC_541\Debug\UltraSonic_059_190702.a(Trigger.o)
 .ARM.attributes
                0x00000164       0x33 .\CortexM3\ARM_GCC_541\Debug\UltraSonic_059_190702.a(UART.o)
 .ARM.attributes
                0x00000197       0x33 .\CortexM3\ARM_GCC_541\Debug\UltraSonic_059_190702.a(UART_IntClock.o)
 .ARM.attributes
                0x000001ca       0x33 .\CortexM3\ARM_GCC_541\Debug\UltraSonic_059_190702.a(CyLib.o)
 .ARM.attributes
                0x000001fd       0x33 .\CortexM3\ARM_GCC_541\Debug\UltraSonic_059_190702.a(cyPm.o)
 .ARM.attributes
                0x00000230       0x33 .\CortexM3\ARM_GCC_541\Debug\UltraSonic_059_190702.a(isr_echo_int.o)
 .ARM.attributes
                0x00000263       0x33 .\CortexM3\ARM_GCC_541\Debug\UltraSonic_059_190702.a(Counter.o)
 .ARM.attributes
                0x00000296       0x33 .\CortexM3\ARM_GCC_541\Debug\UltraSonic_059_190702.a(Counter_Reset.o)
 .ARM.attributes
                0x000002c9       0x33 .\CortexM3\ARM_GCC_541\Debug\UltraSonic_059_190702.a(Clock_24MHz.o)
 .ARM.attributes
                0x000002fc       0x21 .\CortexM3\ARM_GCC_541\Debug\UltraSonic_059_190702.a(CyBootAsmGnu.o)
 .ARM.attributes
                0x0000031d       0x33 .\CortexM3\ARM_GCC_541\Debug\UltraSonic_059_190702.a(CyScBoostClk.o)
 .ARM.attributes
                0x00000350       0x33 .\CortexM3\ARM_GCC_541\Debug\UltraSonic_059_190702.a(CyFlash.o)
 .ARM.attributes
                0x00000383       0x33 .\CortexM3\ARM_GCC_541\Debug\UltraSonic_059_190702.a(CySpc.o)
 .ARM.attributes
                0x000003b6       0x1d c:/program files (x86)/cypress/psoc creator/4.4/psoc creator/import/gnu/arm/5.4.1/bin/../lib/gcc/arm-none-eabi/5.4.1/armv7-m\libgcc.a(_arm_addsubdf3.o)
 .ARM.attributes
                0x000003d3       0x1d c:/program files (x86)/cypress/psoc creator/4.4/psoc creator/import/gnu/arm/5.4.1/bin/../lib/gcc/arm-none-eabi/5.4.1/armv7-m\libgcc.a(_arm_muldivdf3.o)
 .ARM.attributes
                0x000003f0       0x1d c:/program files (x86)/cypress/psoc creator/4.4/psoc creator/import/gnu/arm/5.4.1/bin/../lib/gcc/arm-none-eabi/5.4.1/armv7-m\libgcc.a(_arm_fixdfsi.o)
 .ARM.attributes
                0x0000040d       0x2d c:/program files (x86)/cypress/psoc creator/4.4/psoc creator/import/gnu/arm/5.4.1/bin/../lib/gcc/arm-none-eabi/5.4.1/../../../../arm-none-eabi/lib/armv7-m\libg_nano.a(lib_a-errno.o)
 .ARM.attributes
                0x0000043a       0x2d c:/program files (x86)/cypress/psoc creator/4.4/psoc creator/import/gnu/arm/5.4.1/bin/../lib/gcc/arm-none-eabi/5.4.1/../../../../arm-none-eabi/lib/armv7-m\libg_nano.a(lib_a-exit.o)
 .ARM.attributes
                0x00000467       0x2d c:/program files (x86)/cypress/psoc creator/4.4/psoc creator/import/gnu/arm/5.4.1/bin/../lib/gcc/arm-none-eabi/5.4.1/../../../../arm-none-eabi/lib/armv7-m\libg_nano.a(lib_a-impure.o)
 .ARM.attributes
                0x00000494       0x2d c:/program files (x86)/cypress/psoc creator/4.4/psoc creator/import/gnu/arm/5.4.1/bin/../lib/gcc/arm-none-eabi/5.4.1/../../../../arm-none-eabi/lib/armv7-m\libg_nano.a(lib_a-init.o)
 .ARM.attributes
                0x000004c1       0x2d c:/program files (x86)/cypress/psoc creator/4.4/psoc creator/import/gnu/arm/5.4.1/bin/../lib/gcc/arm-none-eabi/5.4.1/../../../../arm-none-eabi/lib/armv7-m\libg_nano.a(lib_a-memcpy-stub.o)
 .ARM.attributes
                0x000004ee       0x2d c:/program files (x86)/cypress/psoc creator/4.4/psoc creator/import/gnu/arm/5.4.1/bin/../lib/gcc/arm-none-eabi/5.4.1/../../../../arm-none-eabi/lib/armv7-m\libg_nano.a(lib_a-memset.o)
 .ARM.attributes
                0x0000051b       0x2d c:/program files (x86)/cypress/psoc creator/4.4/psoc creator/import/gnu/arm/5.4.1/bin/../lib/gcc/arm-none-eabi/5.4.1/../../../../arm-none-eabi/lib/armv7-m\libg_nano.a(lib_a-sprintf.o)
 .ARM.attributes
                0x00000548       0x2d c:/program files (x86)/cypress/psoc creator/4.4/psoc creator/import/gnu/arm/5.4.1/bin/../lib/gcc/arm-none-eabi/5.4.1/../../../../arm-none-eabi/lib/armv7-m\libg_nano.a(lib_a-nano-svfprintf.o)
 .ARM.attributes
                0x00000575       0x2d c:/program files (x86)/cypress/psoc creator/4.4/psoc creator/import/gnu/arm/5.4.1/bin/../lib/gcc/arm-none-eabi/5.4.1/../../../../arm-none-eabi/lib/armv7-m\libg_nano.a(lib_a-nano-vfprintf_i.o)
 .ARM.attributes
                0x000005a2       0x2d c:/program files (x86)/cypress/psoc creator/4.4/psoc creator/import/gnu/arm/5.4.1/bin/../lib/gcc/arm-none-eabi/5.4.1/../../../../arm-none-eabi/lib/armv7-m\libg_nano.a(lib_a-memchr-stub.o)
 .ARM.attributes
                0x000005cf       0x2d c:/program files (x86)/cypress/psoc creator/4.4/psoc creator/import/gnu/arm/5.4.1/bin/../lib/gcc/arm-none-eabi/5.4.1/../../../../arm-none-eabi/lib/armv7-m\libg_nano.a(lib_a-memmove.o)
 .ARM.attributes
                0x000005fc       0x2d c:/program files (x86)/cypress/psoc creator/4.4/psoc creator/import/gnu/arm/5.4.1/bin/../lib/gcc/arm-none-eabi/5.4.1/../../../../arm-none-eabi/lib/armv7-m\libg_nano.a(lib_a-nano-freer.o)
 .ARM.attributes
                0x00000629       0x2d c:/program files (x86)/cypress/psoc creator/4.4/psoc creator/import/gnu/arm/5.4.1/bin/../lib/gcc/arm-none-eabi/5.4.1/../../../../arm-none-eabi/lib/armv7-m\libg_nano.a(lib_a-nano-mallocr.o)
 .ARM.attributes
                0x00000656       0x2d c:/program files (x86)/cypress/psoc creator/4.4/psoc creator/import/gnu/arm/5.4.1/bin/../lib/gcc/arm-none-eabi/5.4.1/../../../../arm-none-eabi/lib/armv7-m\libg_nano.a(lib_a-nano-reallocr.o)
 .ARM.attributes
                0x00000683       0x2d c:/program files (x86)/cypress/psoc creator/4.4/psoc creator/import/gnu/arm/5.4.1/bin/../lib/gcc/arm-none-eabi/5.4.1/../../../../arm-none-eabi/lib/armv7-m\libg_nano.a(lib_a-sbrkr.o)
 .ARM.attributes
                0x000006b0       0x2d c:/program files (x86)/cypress/psoc creator/4.4/psoc creator/import/gnu/arm/5.4.1/bin/../lib/gcc/arm-none-eabi/5.4.1/../../../../arm-none-eabi/lib/armv7-m\libg_nano.a(lib_a-mlock.o)
 .ARM.attributes
                0x000006dd       0x2d c:/program files (x86)/cypress/psoc creator/4.4/psoc creator/import/gnu/arm/5.4.1/bin/../lib/gcc/arm-none-eabi/5.4.1/../../../../arm-none-eabi/lib/armv7-m\libg_nano.a(lib_a-nano-msizer.o)
 .ARM.attributes
                0x0000070a       0x2d c:/program files (x86)/cypress/psoc creator/4.4/psoc creator/import/gnu/arm/5.4.1/bin/../lib/gcc/arm-none-eabi/5.4.1/../../../../arm-none-eabi/lib/armv7-m\libg_nano.a(lib_a-reent.o)
 .ARM.attributes
                0x00000737       0x2d c:/program files (x86)/cypress/psoc creator/4.4/psoc creator/import/gnu/arm/5.4.1/bin/../lib/gcc/arm-none-eabi/5.4.1/armv7-m/crtend.o
 .ARM.attributes
                0x00000764       0x1d c:/program files (x86)/cypress/psoc creator/4.4/psoc creator/import/gnu/arm/5.4.1/bin/../lib/gcc/arm-none-eabi/5.4.1/armv7-m/crtn.o

/DISCARD/
 *(.note.GNU-stack)
OUTPUT(\\Mac\Home\Desktop\Elektronik ingenioer\3rd semester\PRJ3\PRJ3\afstandssensor_test\UltraSonic_059_190702.cydsn\CortexM3\ARM_GCC_541\Debug\UltraSonic_059_190702.elf elf32-littlearm)
