Archive member included to satisfy reference by file (symbol)

.\CortexM3\ARM_GCC_541\Debug\Modultest for stepper og affyring.a(dialDirPin.o)
                              .\CortexM3\ARM_GCC_541\Debug\stepper.o (dialDirPin_Write)
.\CortexM3\ARM_GCC_541\Debug\Modultest for stepper og affyring.a(dialStepPin.o)
                              .\CortexM3\ARM_GCC_541\Debug\stepper.o (dialStepPin_Write)
.\CortexM3\ARM_GCC_541\Debug\Modultest for stepper og affyring.a(Timer_1.o)
                              .\CortexM3\ARM_GCC_541\Debug\stepper.o (Timer_1_Stop)
.\CortexM3\ARM_GCC_541\Debug\Modultest for stepper og affyring.a(angleDirPin.o)
                              .\CortexM3\ARM_GCC_541\Debug\stepper.o (angleDirPin_Write)
.\CortexM3\ARM_GCC_541\Debug\Modultest for stepper og affyring.a(angleStepPin.o)
                              .\CortexM3\ARM_GCC_541\Debug\stepper.o (angleStepPin_Write)
.\CortexM3\ARM_GCC_541\Debug\Modultest for stepper og affyring.a(CyLib.o)
                              .\CortexM3\ARM_GCC_541\Debug\Cm3Start.o (CyHalt)
.\CortexM3\ARM_GCC_541\Debug\Modultest for stepper og affyring.a(cyPm.o)
                              .\CortexM3\ARM_GCC_541\Debug\Modultest for stepper og affyring.a(CyLib.o) (CyPmReadStatus)
.\CortexM3\ARM_GCC_541\Debug\Modultest for stepper og affyring.a(fireDirPin.o)
                              .\CortexM3\ARM_GCC_541\Debug\firing.o (fireDirPin_Write)
.\CortexM3\ARM_GCC_541\Debug\Modultest for stepper og affyring.a(fireStepPin.o)
                              .\CortexM3\ARM_GCC_541\Debug\firing.o (fireStepPin_Write)
.\CortexM3\ARM_GCC_541\Debug\Modultest for stepper og affyring.a(stepper_isr_timer.o)
                              .\CortexM3\ARM_GCC_541\Debug\control.o (stepper_isr_timer_StartEx)
.\CortexM3\ARM_GCC_541\Debug\Modultest for stepper og affyring.a(CyBootAsmGnu.o)
                              .\CortexM3\ARM_GCC_541\Debug\cyfitter_cfg.o (CyDelayCycles)
.\CortexM3\ARM_GCC_541\Debug\Modultest for stepper og affyring.a(CyFlash.o)
                              .\CortexM3\ARM_GCC_541\Debug\Modultest for stepper og affyring.a(cyPm.o) (CyFlash_SetWaitCycles)
.\CortexM3\ARM_GCC_541\Debug\Modultest for stepper og affyring.a(CySpc.o)
                              .\CortexM3\ARM_GCC_541\Debug\Modultest for stepper og affyring.a(CyFlash.o) (CySpcStart)
c:/program files (x86)/cypress/psoc creator/4.4/psoc creator/import/gnu/arm/5.4.1/bin/../lib/gcc/arm-none-eabi/5.4.1/../../../../arm-none-eabi/lib/armv7-m\libg_nano.a(lib_a-errno.o)
                              .\CortexM3\ARM_GCC_541\Debug\Cm3Start.o (__errno)
c:/program files (x86)/cypress/psoc creator/4.4/psoc creator/import/gnu/arm/5.4.1/bin/../lib/gcc/arm-none-eabi/5.4.1/../../../../arm-none-eabi/lib/armv7-m\libg_nano.a(lib_a-exit.o)
                              c:/program files (x86)/cypress/psoc creator/4.4/psoc creator/import/gnu/arm/5.4.1/bin/../lib/gcc/arm-none-eabi/5.4.1/../../../../arm-none-eabi/lib/armv7-m/crt0.o (exit)
c:/program files (x86)/cypress/psoc creator/4.4/psoc creator/import/gnu/arm/5.4.1/bin/../lib/gcc/arm-none-eabi/5.4.1/../../../../arm-none-eabi/lib/armv7-m\libg_nano.a(lib_a-impure.o)
                              c:/program files (x86)/cypress/psoc creator/4.4/psoc creator/import/gnu/arm/5.4.1/bin/../lib/gcc/arm-none-eabi/5.4.1/../../../../arm-none-eabi/lib/armv7-m\libg_nano.a(lib_a-exit.o) (_global_impure_ptr)
c:/program files (x86)/cypress/psoc creator/4.4/psoc creator/import/gnu/arm/5.4.1/bin/../lib/gcc/arm-none-eabi/5.4.1/../../../../arm-none-eabi/lib/armv7-m\libg_nano.a(lib_a-init.o)
                              c:/program files (x86)/cypress/psoc creator/4.4/psoc creator/import/gnu/arm/5.4.1/bin/../lib/gcc/arm-none-eabi/5.4.1/../../../../arm-none-eabi/lib/armv7-m/crt0.o (__libc_init_array)
c:/program files (x86)/cypress/psoc creator/4.4/psoc creator/import/gnu/arm/5.4.1/bin/../lib/gcc/arm-none-eabi/5.4.1/../../../../arm-none-eabi/lib/armv7-m\libg_nano.a(lib_a-memcpy-stub.o)
                              .\CortexM3\ARM_GCC_541\Debug\cyfitter_cfg.o (memcpy)
c:/program files (x86)/cypress/psoc creator/4.4/psoc creator/import/gnu/arm/5.4.1/bin/../lib/gcc/arm-none-eabi/5.4.1/../../../../arm-none-eabi/lib/armv7-m\libg_nano.a(lib_a-memset.o)
                              c:/program files (x86)/cypress/psoc creator/4.4/psoc creator/import/gnu/arm/5.4.1/bin/../lib/gcc/arm-none-eabi/5.4.1/../../../../arm-none-eabi/lib/armv7-m/crt0.o (memset)

Allocating common symbols
Common symbol       size              file

dieTemperature      0x2               .\CortexM3\ARM_GCC_541\Debug\Modultest for stepper og affyring.a(CyFlash.o)

Discarded input sections

 .text          0x00000000        0x0 c:/program files (x86)/cypress/psoc creator/4.4/psoc creator/import/gnu/arm/5.4.1/bin/../lib/gcc/arm-none-eabi/5.4.1/armv7-m/crti.o
 .data          0x00000000        0x0 c:/program files (x86)/cypress/psoc creator/4.4/psoc creator/import/gnu/arm/5.4.1/bin/../lib/gcc/arm-none-eabi/5.4.1/armv7-m/crti.o
 .bss           0x00000000        0x0 c:/program files (x86)/cypress/psoc creator/4.4/psoc creator/import/gnu/arm/5.4.1/bin/../lib/gcc/arm-none-eabi/5.4.1/armv7-m/crti.o
 .data          0x00000000        0x4 c:/program files (x86)/cypress/psoc creator/4.4/psoc creator/import/gnu/arm/5.4.1/bin/../lib/gcc/arm-none-eabi/5.4.1/armv7-m/crtbegin.o
 .text          0x00000000       0x74 c:/program files (x86)/cypress/psoc creator/4.4/psoc creator/import/gnu/arm/5.4.1/bin/../lib/gcc/arm-none-eabi/5.4.1/../../../../arm-none-eabi/lib/armv7-m/crt0.o
 .data          0x00000000        0x0 c:/program files (x86)/cypress/psoc creator/4.4/psoc creator/import/gnu/arm/5.4.1/bin/../lib/gcc/arm-none-eabi/5.4.1/../../../../arm-none-eabi/lib/armv7-m/crt0.o
 .bss           0x00000000        0x0 c:/program files (x86)/cypress/psoc creator/4.4/psoc creator/import/gnu/arm/5.4.1/bin/../lib/gcc/arm-none-eabi/5.4.1/../../../../arm-none-eabi/lib/armv7-m/crt0.o
 .ARM.extab     0x00000000        0x0 c:/program files (x86)/cypress/psoc creator/4.4/psoc creator/import/gnu/arm/5.4.1/bin/../lib/gcc/arm-none-eabi/5.4.1/../../../../arm-none-eabi/lib/armv7-m/crt0.o
 .ARM.exidx     0x00000000        0x8 c:/program files (x86)/cypress/psoc creator/4.4/psoc creator/import/gnu/arm/5.4.1/bin/../lib/gcc/arm-none-eabi/5.4.1/../../../../arm-none-eabi/lib/armv7-m/crt0.o
 .text          0x00000000        0x0 .\CortexM3\ARM_GCC_541\Debug\main.o
 .data          0x00000000        0x0 .\CortexM3\ARM_GCC_541\Debug\main.o
 .bss           0x00000000        0x0 .\CortexM3\ARM_GCC_541\Debug\main.o
 .text          0x00000000        0x0 .\CortexM3\ARM_GCC_541\Debug\stepper.o
 .text          0x00000000        0x0 .\CortexM3\ARM_GCC_541\Debug\firing.o
 .text          0x00000000        0x0 .\CortexM3\ARM_GCC_541\Debug\control.o
 .data          0x00000000        0x0 .\CortexM3\ARM_GCC_541\Debug\control.o
 .bss           0x00000000        0x0 .\CortexM3\ARM_GCC_541\Debug\control.o
 .text          0x00000000        0x0 .\CortexM3\ARM_GCC_541\Debug\cyfitter_cfg.o
 .data          0x00000000        0x0 .\CortexM3\ARM_GCC_541\Debug\cyfitter_cfg.o
 .bss           0x00000000        0x0 .\CortexM3\ARM_GCC_541\Debug\cyfitter_cfg.o
 .text.SetAnalogRoutingPumps
                0x00000000       0x10 .\CortexM3\ARM_GCC_541\Debug\cyfitter_cfg.o
 .text          0x00000000        0x0 .\CortexM3\ARM_GCC_541\Debug\cymetadata.o
 .data          0x00000000        0x0 .\CortexM3\ARM_GCC_541\Debug\cymetadata.o
 .bss           0x00000000        0x0 .\CortexM3\ARM_GCC_541\Debug\cymetadata.o
 .text          0x00000000        0x0 .\CortexM3\ARM_GCC_541\Debug\Cm3Start.o
 .data          0x00000000        0x4 .\CortexM3\ARM_GCC_541\Debug\Cm3Start.o
 .bss           0x00000000        0x0 .\CortexM3\ARM_GCC_541\Debug\Cm3Start.o
 .text._exit    0x00000000        0xc .\CortexM3\ARM_GCC_541\Debug\Cm3Start.o
 .text._sbrk    0x00000000       0x30 .\CortexM3\ARM_GCC_541\Debug\Cm3Start.o
 .text          0x00000000        0x0 .\CortexM3\ARM_GCC_541\Debug\Modultest for stepper og affyring.a(dialDirPin.o)
 .data          0x00000000        0x0 .\CortexM3\ARM_GCC_541\Debug\Modultest for stepper og affyring.a(dialDirPin.o)
 .bss           0x00000000        0x0 .\CortexM3\ARM_GCC_541\Debug\Modultest for stepper og affyring.a(dialDirPin.o)
 .text.dialDirPin_SetDriveMode
                0x00000000       0x18 .\CortexM3\ARM_GCC_541\Debug\Modultest for stepper og affyring.a(dialDirPin.o)
 .text.dialDirPin_Read
                0x00000000       0x10 .\CortexM3\ARM_GCC_541\Debug\Modultest for stepper og affyring.a(dialDirPin.o)
 .text.dialDirPin_ReadDataReg
                0x00000000       0x10 .\CortexM3\ARM_GCC_541\Debug\Modultest for stepper og affyring.a(dialDirPin.o)
 .text          0x00000000        0x0 .\CortexM3\ARM_GCC_541\Debug\Modultest for stepper og affyring.a(dialStepPin.o)
 .data          0x00000000        0x0 .\CortexM3\ARM_GCC_541\Debug\Modultest for stepper og affyring.a(dialStepPin.o)
 .bss           0x00000000        0x0 .\CortexM3\ARM_GCC_541\Debug\Modultest for stepper og affyring.a(dialStepPin.o)
 .text.dialStepPin_SetDriveMode
                0x00000000       0x18 .\CortexM3\ARM_GCC_541\Debug\Modultest for stepper og affyring.a(dialStepPin.o)
 .text.dialStepPin_Read
                0x00000000       0x10 .\CortexM3\ARM_GCC_541\Debug\Modultest for stepper og affyring.a(dialStepPin.o)
 .text.dialStepPin_ReadDataReg
                0x00000000       0x10 .\CortexM3\ARM_GCC_541\Debug\Modultest for stepper og affyring.a(dialStepPin.o)
 .text          0x00000000        0x0 .\CortexM3\ARM_GCC_541\Debug\Modultest for stepper og affyring.a(Timer_1.o)
 .data          0x00000000        0x0 .\CortexM3\ARM_GCC_541\Debug\Modultest for stepper og affyring.a(Timer_1.o)
 .text.Timer_1_SoftwareCapture
                0x00000000        0xc .\CortexM3\ARM_GCC_541\Debug\Modultest for stepper og affyring.a(Timer_1.o)
 .text.Timer_1_ReadControlRegister
                0x00000000        0xc .\CortexM3\ARM_GCC_541\Debug\Modultest for stepper og affyring.a(Timer_1.o)
 .text.Timer_1_WriteControlRegister
                0x00000000        0xc .\CortexM3\ARM_GCC_541\Debug\Modultest for stepper og affyring.a(Timer_1.o)
 .text.Timer_1_ReadPeriod
                0x00000000        0xc .\CortexM3\ARM_GCC_541\Debug\Modultest for stepper og affyring.a(Timer_1.o)
 .text.Timer_1_ReadCounter
                0x00000000       0x14 .\CortexM3\ARM_GCC_541\Debug\Modultest for stepper og affyring.a(Timer_1.o)
 .text          0x00000000        0x0 .\CortexM3\ARM_GCC_541\Debug\Modultest for stepper og affyring.a(angleDirPin.o)
 .data          0x00000000        0x0 .\CortexM3\ARM_GCC_541\Debug\Modultest for stepper og affyring.a(angleDirPin.o)
 .bss           0x00000000        0x0 .\CortexM3\ARM_GCC_541\Debug\Modultest for stepper og affyring.a(angleDirPin.o)
 .text.angleDirPin_SetDriveMode
                0x00000000       0x18 .\CortexM3\ARM_GCC_541\Debug\Modultest for stepper og affyring.a(angleDirPin.o)
 .text.angleDirPin_Read
                0x00000000        0xc .\CortexM3\ARM_GCC_541\Debug\Modultest for stepper og affyring.a(angleDirPin.o)
 .text.angleDirPin_ReadDataReg
                0x00000000        0xc .\CortexM3\ARM_GCC_541\Debug\Modultest for stepper og affyring.a(angleDirPin.o)
 .text          0x00000000        0x0 .\CortexM3\ARM_GCC_541\Debug\Modultest for stepper og affyring.a(angleStepPin.o)
 .data          0x00000000        0x0 .\CortexM3\ARM_GCC_541\Debug\Modultest for stepper og affyring.a(angleStepPin.o)
 .bss           0x00000000        0x0 .\CortexM3\ARM_GCC_541\Debug\Modultest for stepper og affyring.a(angleStepPin.o)
 .text.angleStepPin_SetDriveMode
                0x00000000       0x18 .\CortexM3\ARM_GCC_541\Debug\Modultest for stepper og affyring.a(angleStepPin.o)
 .text.angleStepPin_Read
                0x00000000       0x10 .\CortexM3\ARM_GCC_541\Debug\Modultest for stepper og affyring.a(angleStepPin.o)
 .text.angleStepPin_ReadDataReg
                0x00000000       0x10 .\CortexM3\ARM_GCC_541\Debug\Modultest for stepper og affyring.a(angleStepPin.o)
 .text          0x00000000        0x0 .\CortexM3\ARM_GCC_541\Debug\Modultest for stepper og affyring.a(CyLib.o)
 .bss           0x00000000       0x1c .\CortexM3\ARM_GCC_541\Debug\Modultest for stepper og affyring.a(CyLib.o)
 .text.CyUSB_PowerOnCheck
                0x00000000       0x48 .\CortexM3\ARM_GCC_541\Debug\Modultest for stepper og affyring.a(CyLib.o)
 .text.CyBusClk_Internal_SetDivider
                0x00000000       0x48 .\CortexM3\ARM_GCC_541\Debug\Modultest for stepper og affyring.a(CyLib.o)
 .text.CyPLL_OUT_Stop
                0x00000000       0x10 .\CortexM3\ARM_GCC_541\Debug\Modultest for stepper og affyring.a(CyLib.o)
 .text.CyIMO_Stop
                0x00000000       0x1c .\CortexM3\ARM_GCC_541\Debug\Modultest for stepper og affyring.a(CyLib.o)
 .text.CyIMO_EnableDoubler
                0x00000000       0x10 .\CortexM3\ARM_GCC_541\Debug\Modultest for stepper og affyring.a(CyLib.o)
 .text.CyIMO_DisableDoubler
                0x00000000       0x10 .\CortexM3\ARM_GCC_541\Debug\Modultest for stepper og affyring.a(CyLib.o)
 .text.CyMasterClk_SetSource
                0x00000000       0x18 .\CortexM3\ARM_GCC_541\Debug\Modultest for stepper og affyring.a(CyLib.o)
 .text.CyMasterClk_SetDivider
                0x00000000        0xc .\CortexM3\ARM_GCC_541\Debug\Modultest for stepper og affyring.a(CyLib.o)
 .text.CyBusClk_SetDivider
                0x00000000       0x70 .\CortexM3\ARM_GCC_541\Debug\Modultest for stepper og affyring.a(CyLib.o)
 .text.CyUsbClk_SetSource
                0x00000000       0x18 .\CortexM3\ARM_GCC_541\Debug\Modultest for stepper og affyring.a(CyLib.o)
 .text.CyILO_Start1K
                0x00000000       0x10 .\CortexM3\ARM_GCC_541\Debug\Modultest for stepper og affyring.a(CyLib.o)
 .text.CyILO_Stop1K
                0x00000000       0x10 .\CortexM3\ARM_GCC_541\Debug\Modultest for stepper og affyring.a(CyLib.o)
 .text.CyILO_Start100K
                0x00000000       0x10 .\CortexM3\ARM_GCC_541\Debug\Modultest for stepper og affyring.a(CyLib.o)
 .text.CyILO_Stop100K
                0x00000000       0x10 .\CortexM3\ARM_GCC_541\Debug\Modultest for stepper og affyring.a(CyLib.o)
 .text.CyPLL_OUT_Start
                0x00000000       0x78 .\CortexM3\ARM_GCC_541\Debug\Modultest for stepper og affyring.a(CyLib.o)
 .text.CyIMO_Start
                0x00000000       0x60 .\CortexM3\ARM_GCC_541\Debug\Modultest for stepper og affyring.a(CyLib.o)
 .text.CyILO_Enable33K
                0x00000000       0x10 .\CortexM3\ARM_GCC_541\Debug\Modultest for stepper og affyring.a(CyLib.o)
 .text.CyILO_Disable33K
                0x00000000       0x10 .\CortexM3\ARM_GCC_541\Debug\Modultest for stepper og affyring.a(CyLib.o)
 .text.CyILO_SetSource
                0x00000000       0x18 .\CortexM3\ARM_GCC_541\Debug\Modultest for stepper og affyring.a(CyLib.o)
 .text.CyILO_SetPowerMode
                0x00000000       0x24 .\CortexM3\ARM_GCC_541\Debug\Modultest for stepper og affyring.a(CyLib.o)
 .text.CyXTAL_32KHZ_Stop
                0x00000000       0x30 .\CortexM3\ARM_GCC_541\Debug\Modultest for stepper og affyring.a(CyLib.o)
 .text.CyXTAL_32KHZ_ReadStatus
                0x00000000       0x10 .\CortexM3\ARM_GCC_541\Debug\Modultest for stepper og affyring.a(CyLib.o)
 .text.CyXTAL_Start
                0x00000000       0xac .\CortexM3\ARM_GCC_541\Debug\Modultest for stepper og affyring.a(CyLib.o)
 .text.CyXTAL_Stop
                0x00000000       0x10 .\CortexM3\ARM_GCC_541\Debug\Modultest for stepper og affyring.a(CyLib.o)
 .text.CyXTAL_EnableErrStatus
                0x00000000       0x10 .\CortexM3\ARM_GCC_541\Debug\Modultest for stepper og affyring.a(CyLib.o)
 .text.CyXTAL_DisableErrStatus
                0x00000000       0x10 .\CortexM3\ARM_GCC_541\Debug\Modultest for stepper og affyring.a(CyLib.o)
 .text.CyXTAL_ReadStatus
                0x00000000       0x18 .\CortexM3\ARM_GCC_541\Debug\Modultest for stepper og affyring.a(CyLib.o)
 .text.CyXTAL_EnableFaultRecovery
                0x00000000       0x10 .\CortexM3\ARM_GCC_541\Debug\Modultest for stepper og affyring.a(CyLib.o)
 .text.CyXTAL_DisableFaultRecovery
                0x00000000       0x10 .\CortexM3\ARM_GCC_541\Debug\Modultest for stepper og affyring.a(CyLib.o)
 .text.CyXTAL_SetStartup
                0x00000000       0x18 .\CortexM3\ARM_GCC_541\Debug\Modultest for stepper og affyring.a(CyLib.o)
 .text.CyXTAL_SetFbVoltage
                0x00000000       0x18 .\CortexM3\ARM_GCC_541\Debug\Modultest for stepper og affyring.a(CyLib.o)
 .text.CyXTAL_SetWdVoltage
                0x00000000       0x18 .\CortexM3\ARM_GCC_541\Debug\Modultest for stepper og affyring.a(CyLib.o)
 .text.CyHalt   0x00000000        0x4 .\CortexM3\ARM_GCC_541\Debug\Modultest for stepper og affyring.a(CyLib.o)
 .text.CyPLL_OUT_SetPQ
                0x00000000       0x60 .\CortexM3\ARM_GCC_541\Debug\Modultest for stepper og affyring.a(CyLib.o)
 .text.CyPLL_OUT_SetSource
                0x00000000       0x34 .\CortexM3\ARM_GCC_541\Debug\Modultest for stepper og affyring.a(CyLib.o)
 .text.CyIMO_SetTrimValue
                0x00000000       0xcc .\CortexM3\ARM_GCC_541\Debug\Modultest for stepper og affyring.a(CyLib.o)
 .text.CyIMO_SetFreq
                0x00000000       0xf4 .\CortexM3\ARM_GCC_541\Debug\Modultest for stepper og affyring.a(CyLib.o)
 .text.CyIMO_SetSource
                0x00000000       0x58 .\CortexM3\ARM_GCC_541\Debug\Modultest for stepper og affyring.a(CyLib.o)
 .text.CySoftwareReset
                0x00000000       0x10 .\CortexM3\ARM_GCC_541\Debug\Modultest for stepper og affyring.a(CyLib.o)
 .text.CyXTAL_32KHZ_SetPowerMode
                0x00000000       0x84 .\CortexM3\ARM_GCC_541\Debug\Modultest for stepper og affyring.a(CyLib.o)
 .text.CyXTAL_32KHZ_Start
                0x00000000       0x74 .\CortexM3\ARM_GCC_541\Debug\Modultest for stepper og affyring.a(CyLib.o)
 .text.CyDelayFreq
                0x00000000       0x4c .\CortexM3\ARM_GCC_541\Debug\Modultest for stepper og affyring.a(CyLib.o)
 .text.CyWdtStart
                0x00000000       0x40 .\CortexM3\ARM_GCC_541\Debug\Modultest for stepper og affyring.a(CyLib.o)
 .text.CyWdtClear
                0x00000000        0xc .\CortexM3\ARM_GCC_541\Debug\Modultest for stepper og affyring.a(CyLib.o)
 .text.CyVdStickyStatus
                0x00000000       0x2c .\CortexM3\ARM_GCC_541\Debug\Modultest for stepper og affyring.a(CyLib.o)
 .text.CyVdLvDigitEnable
                0x00000000       0x84 .\CortexM3\ARM_GCC_541\Debug\Modultest for stepper og affyring.a(CyLib.o)
 .text.CyVdLvAnalogEnable
                0x00000000       0x80 .\CortexM3\ARM_GCC_541\Debug\Modultest for stepper og affyring.a(CyLib.o)
 .text.CyVdLvDigitDisable
                0x00000000       0x30 .\CortexM3\ARM_GCC_541\Debug\Modultest for stepper og affyring.a(CyLib.o)
 .text.CyVdLvAnalogDisable
                0x00000000       0x28 .\CortexM3\ARM_GCC_541\Debug\Modultest for stepper og affyring.a(CyLib.o)
 .text.CyVdHvAnalogEnable
                0x00000000       0x54 .\CortexM3\ARM_GCC_541\Debug\Modultest for stepper og affyring.a(CyLib.o)
 .text.CyVdHvAnalogDisable
                0x00000000       0x20 .\CortexM3\ARM_GCC_541\Debug\Modultest for stepper og affyring.a(CyLib.o)
 .text.CyVdRealTimeStatus
                0x00000000       0x1c .\CortexM3\ARM_GCC_541\Debug\Modultest for stepper og affyring.a(CyLib.o)
 .text.CyDisableInts
                0x00000000       0x1c .\CortexM3\ARM_GCC_541\Debug\Modultest for stepper og affyring.a(CyLib.o)
 .text.CyEnableInts
                0x00000000       0x18 .\CortexM3\ARM_GCC_541\Debug\Modultest for stepper og affyring.a(CyLib.o)
 .text.CyFlushCache
                0x00000000       0x44 .\CortexM3\ARM_GCC_541\Debug\Modultest for stepper og affyring.a(CyLib.o)
 .text.CyIntSetSysVector
                0x00000000       0x28 .\CortexM3\ARM_GCC_541\Debug\Modultest for stepper og affyring.a(CyLib.o)
 .text.CyIntGetSysVector
                0x00000000       0x20 .\CortexM3\ARM_GCC_541\Debug\Modultest for stepper og affyring.a(CyLib.o)
 .text.CyIntSetVector
                0x00000000       0x28 .\CortexM3\ARM_GCC_541\Debug\Modultest for stepper og affyring.a(CyLib.o)
 .text.CyIntGetVector
                0x00000000       0x24 .\CortexM3\ARM_GCC_541\Debug\Modultest for stepper og affyring.a(CyLib.o)
 .text.CyIntSetPriority
                0x00000000       0x30 .\CortexM3\ARM_GCC_541\Debug\Modultest for stepper og affyring.a(CyLib.o)
 .text.CyIntGetPriority
                0x00000000       0x20 .\CortexM3\ARM_GCC_541\Debug\Modultest for stepper og affyring.a(CyLib.o)
 .text.CyIntGetState
                0x00000000       0x24 .\CortexM3\ARM_GCC_541\Debug\Modultest for stepper og affyring.a(CyLib.o)
 .text.CySysTickStop
                0x00000000       0x10 .\CortexM3\ARM_GCC_541\Debug\Modultest for stepper og affyring.a(CyLib.o)
 .text.CySysTickEnableInterrupt
                0x00000000       0x10 .\CortexM3\ARM_GCC_541\Debug\Modultest for stepper og affyring.a(CyLib.o)
 .text.CySysTickEnable
                0x00000000       0x18 .\CortexM3\ARM_GCC_541\Debug\Modultest for stepper og affyring.a(CyLib.o)
 .text.CySysTickDisableInterrupt
                0x00000000       0x10 .\CortexM3\ARM_GCC_541\Debug\Modultest for stepper og affyring.a(CyLib.o)
 .text.CySysTickSetReload
                0x00000000       0x10 .\CortexM3\ARM_GCC_541\Debug\Modultest for stepper og affyring.a(CyLib.o)
 .text.CySysTickGetReload
                0x00000000       0x10 .\CortexM3\ARM_GCC_541\Debug\Modultest for stepper og affyring.a(CyLib.o)
 .text.CySysTickGetValue
                0x00000000       0x10 .\CortexM3\ARM_GCC_541\Debug\Modultest for stepper og affyring.a(CyLib.o)
 .text.CySysTickSetClockSource
                0x00000000       0x20 .\CortexM3\ARM_GCC_541\Debug\Modultest for stepper og affyring.a(CyLib.o)
 .text.CySysTickGetClockSource
                0x00000000       0x10 .\CortexM3\ARM_GCC_541\Debug\Modultest for stepper og affyring.a(CyLib.o)
 .text.CySysTickGetCountFlag
                0x00000000       0x10 .\CortexM3\ARM_GCC_541\Debug\Modultest for stepper og affyring.a(CyLib.o)
 .text.CySysTickServiceCallbacks
                0x00000000       0x28 .\CortexM3\ARM_GCC_541\Debug\Modultest for stepper og affyring.a(CyLib.o)
 .text.CySysTickClear
                0x00000000        0xc .\CortexM3\ARM_GCC_541\Debug\Modultest for stepper og affyring.a(CyLib.o)
 .text.CySysTickInit
                0x00000000       0x58 .\CortexM3\ARM_GCC_541\Debug\Modultest for stepper og affyring.a(CyLib.o)
 .text.CySysTickStart
                0x00000000       0x1c .\CortexM3\ARM_GCC_541\Debug\Modultest for stepper og affyring.a(CyLib.o)
 .text.CySysTickSetCallback
                0x00000000       0x10 .\CortexM3\ARM_GCC_541\Debug\Modultest for stepper og affyring.a(CyLib.o)
 .text.CySysTickGetCallback
                0x00000000       0x10 .\CortexM3\ARM_GCC_541\Debug\Modultest for stepper og affyring.a(CyLib.o)
 .text.CyGetUniqueId
                0x00000000       0x70 .\CortexM3\ARM_GCC_541\Debug\Modultest for stepper og affyring.a(CyLib.o)
 .text          0x00000000        0x0 .\CortexM3\ARM_GCC_541\Debug\Modultest for stepper og affyring.a(cyPm.o)
 .data          0x00000000        0x0 .\CortexM3\ARM_GCC_541\Debug\Modultest for stepper og affyring.a(cyPm.o)
 .bss           0x00000000       0x43 .\CortexM3\ARM_GCC_541\Debug\Modultest for stepper og affyring.a(cyPm.o)
 .text.CyPmHibSlpSaveSet
                0x00000000      0x1dc .\CortexM3\ARM_GCC_541\Debug\Modultest for stepper og affyring.a(cyPm.o)
 .text.CyPmHibSlpRestore
                0x00000000       0xd8 .\CortexM3\ARM_GCC_541\Debug\Modultest for stepper og affyring.a(cyPm.o)
 .text.CyPmHviLviSaveDisable
                0x00000000       0xa0 .\CortexM3\ARM_GCC_541\Debug\Modultest for stepper og affyring.a(cyPm.o)
 .text.CyPmHibSaveSet
                0x00000000       0x98 .\CortexM3\ARM_GCC_541\Debug\Modultest for stepper og affyring.a(cyPm.o)
 .text.CyPmHviLviRestore
                0x00000000       0x48 .\CortexM3\ARM_GCC_541\Debug\Modultest for stepper og affyring.a(cyPm.o)
 .text.CyPmHibRestore
                0x00000000       0x60 .\CortexM3\ARM_GCC_541\Debug\Modultest for stepper og affyring.a(cyPm.o)
 .text.CyPmSaveClocks
                0x00000000      0x218 .\CortexM3\ARM_GCC_541\Debug\Modultest for stepper og affyring.a(cyPm.o)
 .text.CyPmRestoreClocks
                0x00000000      0x24c .\CortexM3\ARM_GCC_541\Debug\Modultest for stepper og affyring.a(cyPm.o)
 .text.CyPmAltAct
                0x00000000       0x6c .\CortexM3\ARM_GCC_541\Debug\Modultest for stepper og affyring.a(cyPm.o)
 .text.CyPmSleep
                0x00000000       0xf4 .\CortexM3\ARM_GCC_541\Debug\Modultest for stepper og affyring.a(cyPm.o)
 .text.CyPmHibernateEx
                0x00000000       0xf4 .\CortexM3\ARM_GCC_541\Debug\Modultest for stepper og affyring.a(cyPm.o)
 .text.CyPmHibernate
                0x00000000        0xc .\CortexM3\ARM_GCC_541\Debug\Modultest for stepper og affyring.a(cyPm.o)
 .text.CyPmReadStatus
                0x00000000       0x30 .\CortexM3\ARM_GCC_541\Debug\Modultest for stepper og affyring.a(cyPm.o)
 .text.CyPmCtwSetInterval
                0x00000000       0x5c .\CortexM3\ARM_GCC_541\Debug\Modultest for stepper og affyring.a(cyPm.o)
 .text.CyPmOppsSet
                0x00000000       0x2c .\CortexM3\ARM_GCC_541\Debug\Modultest for stepper og affyring.a(cyPm.o)
 .text.CyPmFtwSetInterval
                0x00000000       0x5c .\CortexM3\ARM_GCC_541\Debug\Modultest for stepper og affyring.a(cyPm.o)
 .rodata        0x00000000        0xf .\CortexM3\ARM_GCC_541\Debug\Modultest for stepper og affyring.a(cyPm.o)
 .text          0x00000000        0x0 .\CortexM3\ARM_GCC_541\Debug\Modultest for stepper og affyring.a(fireDirPin.o)
 .data          0x00000000        0x0 .\CortexM3\ARM_GCC_541\Debug\Modultest for stepper og affyring.a(fireDirPin.o)
 .bss           0x00000000        0x0 .\CortexM3\ARM_GCC_541\Debug\Modultest for stepper og affyring.a(fireDirPin.o)
 .text.fireDirPin_SetDriveMode
                0x00000000       0x18 .\CortexM3\ARM_GCC_541\Debug\Modultest for stepper og affyring.a(fireDirPin.o)
 .text.fireDirPin_Read
                0x00000000       0x10 .\CortexM3\ARM_GCC_541\Debug\Modultest for stepper og affyring.a(fireDirPin.o)
 .text.fireDirPin_ReadDataReg
                0x00000000       0x10 .\CortexM3\ARM_GCC_541\Debug\Modultest for stepper og affyring.a(fireDirPin.o)
 .text          0x00000000        0x0 .\CortexM3\ARM_GCC_541\Debug\Modultest for stepper og affyring.a(fireStepPin.o)
 .data          0x00000000        0x0 .\CortexM3\ARM_GCC_541\Debug\Modultest for stepper og affyring.a(fireStepPin.o)
 .bss           0x00000000        0x0 .\CortexM3\ARM_GCC_541\Debug\Modultest for stepper og affyring.a(fireStepPin.o)
 .text.fireStepPin_SetDriveMode
                0x00000000       0x18 .\CortexM3\ARM_GCC_541\Debug\Modultest for stepper og affyring.a(fireStepPin.o)
 .text.fireStepPin_Read
                0x00000000       0x10 .\CortexM3\ARM_GCC_541\Debug\Modultest for stepper og affyring.a(fireStepPin.o)
 .text.fireStepPin_ReadDataReg
                0x00000000       0x10 .\CortexM3\ARM_GCC_541\Debug\Modultest for stepper og affyring.a(fireStepPin.o)
 .text          0x00000000        0x0 .\CortexM3\ARM_GCC_541\Debug\Modultest for stepper og affyring.a(stepper_isr_timer.o)
 .data          0x00000000        0x0 .\CortexM3\ARM_GCC_541\Debug\Modultest for stepper og affyring.a(stepper_isr_timer.o)
 .bss           0x00000000        0x0 .\CortexM3\ARM_GCC_541\Debug\Modultest for stepper og affyring.a(stepper_isr_timer.o)
 .text.stepper_isr_timer_Interrupt
                0x00000000        0x4 .\CortexM3\ARM_GCC_541\Debug\Modultest for stepper og affyring.a(stepper_isr_timer.o)
 .text.stepper_isr_timer_GetVector
                0x00000000        0xc .\CortexM3\ARM_GCC_541\Debug\Modultest for stepper og affyring.a(stepper_isr_timer.o)
 .text.stepper_isr_timer_GetPriority
                0x00000000        0xc .\CortexM3\ARM_GCC_541\Debug\Modultest for stepper og affyring.a(stepper_isr_timer.o)
 .text.stepper_isr_timer_GetState
                0x00000000       0x10 .\CortexM3\ARM_GCC_541\Debug\Modultest for stepper og affyring.a(stepper_isr_timer.o)
 .text.stepper_isr_timer_Start
                0x00000000       0x1c .\CortexM3\ARM_GCC_541\Debug\Modultest for stepper og affyring.a(stepper_isr_timer.o)
 .text.stepper_isr_timer_Stop
                0x00000000       0x14 .\CortexM3\ARM_GCC_541\Debug\Modultest for stepper og affyring.a(stepper_isr_timer.o)
 .text.stepper_isr_timer_SetPending
                0x00000000        0xc .\CortexM3\ARM_GCC_541\Debug\Modultest for stepper og affyring.a(stepper_isr_timer.o)
 .text.stepper_isr_timer_ClearPending
                0x00000000        0xc .\CortexM3\ARM_GCC_541\Debug\Modultest for stepper og affyring.a(stepper_isr_timer.o)
 .data          0x00000000        0x0 .\CortexM3\ARM_GCC_541\Debug\Modultest for stepper og affyring.a(CyBootAsmGnu.o)
 .bss           0x00000000        0x0 .\CortexM3\ARM_GCC_541\Debug\Modultest for stepper og affyring.a(CyBootAsmGnu.o)
 .text          0x00000000        0x0 .\CortexM3\ARM_GCC_541\Debug\Modultest for stepper og affyring.a(CyFlash.o)
 .data          0x00000000        0x0 .\CortexM3\ARM_GCC_541\Debug\Modultest for stepper og affyring.a(CyFlash.o)
 .bss           0x00000000        0x0 .\CortexM3\ARM_GCC_541\Debug\Modultest for stepper og affyring.a(CyFlash.o)
 .text.CySetTempInt
                0x00000000       0x60 .\CortexM3\ARM_GCC_541\Debug\Modultest for stepper og affyring.a(CyFlash.o)
 .text.CyFlash_Start
                0x00000000       0x54 .\CortexM3\ARM_GCC_541\Debug\Modultest for stepper og affyring.a(CyFlash.o)
 .text.CyFlash_Stop
                0x00000000       0x24 .\CortexM3\ARM_GCC_541\Debug\Modultest for stepper og affyring.a(CyFlash.o)
 .text.CyFlash_EraseRow
                0x00000000       0x78 .\CortexM3\ARM_GCC_541\Debug\Modultest for stepper og affyring.a(CyFlash.o)
 .text.CyFlashGetSpcAlgorithm
                0x00000000       0x4c .\CortexM3\ARM_GCC_541\Debug\Modultest for stepper og affyring.a(CyFlash.o)
 .text.CySetTemp
                0x00000000       0x14 .\CortexM3\ARM_GCC_541\Debug\Modultest for stepper og affyring.a(CyFlash.o)
 .text.CySetFlashEEBuffer
                0x00000000       0x20 .\CortexM3\ARM_GCC_541\Debug\Modultest for stepper og affyring.a(CyFlash.o)
 .text.CyWriteRowFull
                0x00000000       0xf8 .\CortexM3\ARM_GCC_541\Debug\Modultest for stepper og affyring.a(CyFlash.o)
 .text.CyWriteRowData
                0x00000000       0x14 .\CortexM3\ARM_GCC_541\Debug\Modultest for stepper og affyring.a(CyFlash.o)
 .text.CyFlash_SetWaitCycles
                0x00000000       0x7c .\CortexM3\ARM_GCC_541\Debug\Modultest for stepper og affyring.a(CyFlash.o)
 .text.CyEEPROM_Start
                0x00000000       0x54 .\CortexM3\ARM_GCC_541\Debug\Modultest for stepper og affyring.a(CyFlash.o)
 .text.CyEEPROM_Stop
                0x00000000       0x24 .\CortexM3\ARM_GCC_541\Debug\Modultest for stepper og affyring.a(CyFlash.o)
 .text.CyEEPROM_ReadReserve
                0x00000000       0x1c .\CortexM3\ARM_GCC_541\Debug\Modultest for stepper og affyring.a(CyFlash.o)
 .text.CyEEPROM_ReadRelease
                0x00000000       0x10 .\CortexM3\ARM_GCC_541\Debug\Modultest for stepper og affyring.a(CyFlash.o)
 COMMON         0x00000000        0x2 .\CortexM3\ARM_GCC_541\Debug\Modultest for stepper og affyring.a(CyFlash.o)
 .text          0x00000000        0x0 .\CortexM3\ARM_GCC_541\Debug\Modultest for stepper og affyring.a(CySpc.o)
 .data          0x00000000        0x0 .\CortexM3\ARM_GCC_541\Debug\Modultest for stepper og affyring.a(CySpc.o)
 .bss           0x00000000        0x8 .\CortexM3\ARM_GCC_541\Debug\Modultest for stepper og affyring.a(CySpc.o)
 .text.CySpcStart
                0x00000000       0x24 .\CortexM3\ARM_GCC_541\Debug\Modultest for stepper og affyring.a(CySpc.o)
 .text.CySpcStop
                0x00000000       0x24 .\CortexM3\ARM_GCC_541\Debug\Modultest for stepper og affyring.a(CySpc.o)
 .text.CySpcReadData
                0x00000000       0x34 .\CortexM3\ARM_GCC_541\Debug\Modultest for stepper og affyring.a(CySpc.o)
 .text.CySpcLoadMultiByte
                0x00000000       0x78 .\CortexM3\ARM_GCC_541\Debug\Modultest for stepper og affyring.a(CySpc.o)
 .text.CySpcLoadRow
                0x00000000       0x50 .\CortexM3\ARM_GCC_541\Debug\Modultest for stepper og affyring.a(CySpc.o)
 .text.CySpcLoadRowFull
                0x00000000       0x80 .\CortexM3\ARM_GCC_541\Debug\Modultest for stepper og affyring.a(CySpc.o)
 .text.CySpcWriteRow
                0x00000000       0x4c .\CortexM3\ARM_GCC_541\Debug\Modultest for stepper og affyring.a(CySpc.o)
 .text.CySpcEraseSector
                0x00000000       0x3c .\CortexM3\ARM_GCC_541\Debug\Modultest for stepper og affyring.a(CySpc.o)
 .text.CySpcEraseRow
                0x00000000       0x4c .\CortexM3\ARM_GCC_541\Debug\Modultest for stepper og affyring.a(CySpc.o)
 .text.CySpcGetTemp
                0x00000000       0x3c .\CortexM3\ARM_GCC_541\Debug\Modultest for stepper og affyring.a(CySpc.o)
 .text.CySpcLock
                0x00000000       0x4c .\CortexM3\ARM_GCC_541\Debug\Modultest for stepper og affyring.a(CySpc.o)
 .text.CySpcUnlock
                0x00000000       0x38 .\CortexM3\ARM_GCC_541\Debug\Modultest for stepper og affyring.a(CySpc.o)
 .text.CySpcGetAlgorithm
                0x00000000       0x28 .\CortexM3\ARM_GCC_541\Debug\Modultest for stepper og affyring.a(CySpc.o)
 .text          0x00000000        0x0 c:/program files (x86)/cypress/psoc creator/4.4/psoc creator/import/gnu/arm/5.4.1/bin/../lib/gcc/arm-none-eabi/5.4.1/../../../../arm-none-eabi/lib/armv7-m\libg_nano.a(lib_a-errno.o)
 .data          0x00000000        0x0 c:/program files (x86)/cypress/psoc creator/4.4/psoc creator/import/gnu/arm/5.4.1/bin/../lib/gcc/arm-none-eabi/5.4.1/../../../../arm-none-eabi/lib/armv7-m\libg_nano.a(lib_a-errno.o)
 .bss           0x00000000        0x0 c:/program files (x86)/cypress/psoc creator/4.4/psoc creator/import/gnu/arm/5.4.1/bin/../lib/gcc/arm-none-eabi/5.4.1/../../../../arm-none-eabi/lib/armv7-m\libg_nano.a(lib_a-errno.o)
 .text          0x00000000        0x0 c:/program files (x86)/cypress/psoc creator/4.4/psoc creator/import/gnu/arm/5.4.1/bin/../lib/gcc/arm-none-eabi/5.4.1/../../../../arm-none-eabi/lib/armv7-m\libg_nano.a(lib_a-exit.o)
 .data          0x00000000        0x0 c:/program files (x86)/cypress/psoc creator/4.4/psoc creator/import/gnu/arm/5.4.1/bin/../lib/gcc/arm-none-eabi/5.4.1/../../../../arm-none-eabi/lib/armv7-m\libg_nano.a(lib_a-exit.o)
 .bss           0x00000000        0x0 c:/program files (x86)/cypress/psoc creator/4.4/psoc creator/import/gnu/arm/5.4.1/bin/../lib/gcc/arm-none-eabi/5.4.1/../../../../arm-none-eabi/lib/armv7-m\libg_nano.a(lib_a-exit.o)
 .text.exit     0x00000000       0x28 c:/program files (x86)/cypress/psoc creator/4.4/psoc creator/import/gnu/arm/5.4.1/bin/../lib/gcc/arm-none-eabi/5.4.1/../../../../arm-none-eabi/lib/armv7-m\libg_nano.a(lib_a-exit.o)
 .text          0x00000000        0x0 c:/program files (x86)/cypress/psoc creator/4.4/psoc creator/import/gnu/arm/5.4.1/bin/../lib/gcc/arm-none-eabi/5.4.1/../../../../arm-none-eabi/lib/armv7-m\libg_nano.a(lib_a-impure.o)
 .data          0x00000000        0x0 c:/program files (x86)/cypress/psoc creator/4.4/psoc creator/import/gnu/arm/5.4.1/bin/../lib/gcc/arm-none-eabi/5.4.1/../../../../arm-none-eabi/lib/armv7-m\libg_nano.a(lib_a-impure.o)
 .bss           0x00000000        0x0 c:/program files (x86)/cypress/psoc creator/4.4/psoc creator/import/gnu/arm/5.4.1/bin/../lib/gcc/arm-none-eabi/5.4.1/../../../../arm-none-eabi/lib/armv7-m\libg_nano.a(lib_a-impure.o)
 .rodata._global_impure_ptr
                0x00000000        0x4 c:/program files (x86)/cypress/psoc creator/4.4/psoc creator/import/gnu/arm/5.4.1/bin/../lib/gcc/arm-none-eabi/5.4.1/../../../../arm-none-eabi/lib/armv7-m\libg_nano.a(lib_a-impure.o)
 .text          0x00000000        0x0 c:/program files (x86)/cypress/psoc creator/4.4/psoc creator/import/gnu/arm/5.4.1/bin/../lib/gcc/arm-none-eabi/5.4.1/../../../../arm-none-eabi/lib/armv7-m\libg_nano.a(lib_a-init.o)
 .data          0x00000000        0x0 c:/program files (x86)/cypress/psoc creator/4.4/psoc creator/import/gnu/arm/5.4.1/bin/../lib/gcc/arm-none-eabi/5.4.1/../../../../arm-none-eabi/lib/armv7-m\libg_nano.a(lib_a-init.o)
 .bss           0x00000000        0x0 c:/program files (x86)/cypress/psoc creator/4.4/psoc creator/import/gnu/arm/5.4.1/bin/../lib/gcc/arm-none-eabi/5.4.1/../../../../arm-none-eabi/lib/armv7-m\libg_nano.a(lib_a-init.o)
 .text          0x00000000        0x0 c:/program files (x86)/cypress/psoc creator/4.4/psoc creator/import/gnu/arm/5.4.1/bin/../lib/gcc/arm-none-eabi/5.4.1/../../../../arm-none-eabi/lib/armv7-m\libg_nano.a(lib_a-memcpy-stub.o)
 .data          0x00000000        0x0 c:/program files (x86)/cypress/psoc creator/4.4/psoc creator/import/gnu/arm/5.4.1/bin/../lib/gcc/arm-none-eabi/5.4.1/../../../../arm-none-eabi/lib/armv7-m\libg_nano.a(lib_a-memcpy-stub.o)
 .bss           0x00000000        0x0 c:/program files (x86)/cypress/psoc creator/4.4/psoc creator/import/gnu/arm/5.4.1/bin/../lib/gcc/arm-none-eabi/5.4.1/../../../../arm-none-eabi/lib/armv7-m\libg_nano.a(lib_a-memcpy-stub.o)
 .text          0x00000000        0x0 c:/program files (x86)/cypress/psoc creator/4.4/psoc creator/import/gnu/arm/5.4.1/bin/../lib/gcc/arm-none-eabi/5.4.1/../../../../arm-none-eabi/lib/armv7-m\libg_nano.a(lib_a-memset.o)
 .data          0x00000000        0x0 c:/program files (x86)/cypress/psoc creator/4.4/psoc creator/import/gnu/arm/5.4.1/bin/../lib/gcc/arm-none-eabi/5.4.1/../../../../arm-none-eabi/lib/armv7-m\libg_nano.a(lib_a-memset.o)
 .bss           0x00000000        0x0 c:/program files (x86)/cypress/psoc creator/4.4/psoc creator/import/gnu/arm/5.4.1/bin/../lib/gcc/arm-none-eabi/5.4.1/../../../../arm-none-eabi/lib/armv7-m\libg_nano.a(lib_a-memset.o)
 .text          0x00000000        0x0 c:/program files (x86)/cypress/psoc creator/4.4/psoc creator/import/gnu/arm/5.4.1/bin/../lib/gcc/arm-none-eabi/5.4.1/armv7-m/crtend.o
 .data          0x00000000        0x0 c:/program files (x86)/cypress/psoc creator/4.4/psoc creator/import/gnu/arm/5.4.1/bin/../lib/gcc/arm-none-eabi/5.4.1/armv7-m/crtend.o
 .bss           0x00000000        0x0 c:/program files (x86)/cypress/psoc creator/4.4/psoc creator/import/gnu/arm/5.4.1/bin/../lib/gcc/arm-none-eabi/5.4.1/armv7-m/crtend.o
 .text          0x00000000        0x0 c:/program files (x86)/cypress/psoc creator/4.4/psoc creator/import/gnu/arm/5.4.1/bin/../lib/gcc/arm-none-eabi/5.4.1/armv7-m/crtn.o
 .data          0x00000000        0x0 c:/program files (x86)/cypress/psoc creator/4.4/psoc creator/import/gnu/arm/5.4.1/bin/../lib/gcc/arm-none-eabi/5.4.1/armv7-m/crtn.o
 .bss           0x00000000        0x0 c:/program files (x86)/cypress/psoc creator/4.4/psoc creator/import/gnu/arm/5.4.1/bin/../lib/gcc/arm-none-eabi/5.4.1/armv7-m/crtn.o

Memory Configuration

Name             Origin             Length             Attributes
rom              0x00000000         0x00040000         xr
ram              0x1fff8000         0x00010000         xrw
*default*        0x00000000         0xffffffff

Linker script and memory map

LOAD c:/program files (x86)/cypress/psoc creator/4.4/psoc creator/import/gnu/arm/5.4.1/bin/../lib/gcc/arm-none-eabi/5.4.1/armv7-m/crti.o
LOAD c:/program files (x86)/cypress/psoc creator/4.4/psoc creator/import/gnu/arm/5.4.1/bin/../lib/gcc/arm-none-eabi/5.4.1/armv7-m/crtbegin.o
LOAD c:/program files (x86)/cypress/psoc creator/4.4/psoc creator/import/gnu/arm/5.4.1/bin/../lib/gcc/arm-none-eabi/5.4.1/../../../../arm-none-eabi/lib/armv7-m/crt0.o
START GROUP
LOAD .\CortexM3\ARM_GCC_541\Debug\main.o
LOAD .\CortexM3\ARM_GCC_541\Debug\stepper.o
LOAD .\CortexM3\ARM_GCC_541\Debug\firing.o
LOAD .\CortexM3\ARM_GCC_541\Debug\control.o
LOAD .\CortexM3\ARM_GCC_541\Debug\cyfitter_cfg.o
LOAD .\CortexM3\ARM_GCC_541\Debug\cymetadata.o
LOAD .\CortexM3\ARM_GCC_541\Debug\Cm3Start.o
LOAD .\CortexM3\ARM_GCC_541\Debug\Modultest for stepper og affyring.a
LOAD C:\Program Files (x86)\Cypress\PSoC Creator\4.4\PSoC Creator\psoc\content\cycomponentlibrary\CyComponentLibrary.cylib\CortexM3\ARM_GCC_541\Debug\CyComponentLibrary.a
END GROUP
START GROUP
LOAD c:/program files (x86)/cypress/psoc creator/4.4/psoc creator/import/gnu/arm/5.4.1/bin/../lib/gcc/arm-none-eabi/5.4.1/armv7-m\libgcc.a
LOAD c:/program files (x86)/cypress/psoc creator/4.4/psoc creator/import/gnu/arm/5.4.1/bin/../lib/gcc/arm-none-eabi/5.4.1/../../../../arm-none-eabi/lib/armv7-m\libg_nano.a
LOAD c:/program files (x86)/cypress/psoc creator/4.4/psoc creator/import/gnu/arm/5.4.1/bin/../lib/gcc/arm-none-eabi/5.4.1/../../../../arm-none-eabi/lib/armv7-m\libc_nano.a
END GROUP
START GROUP
LOAD c:/program files (x86)/cypress/psoc creator/4.4/psoc creator/import/gnu/arm/5.4.1/bin/../lib/gcc/arm-none-eabi/5.4.1/armv7-m\libgcc.a
LOAD c:/program files (x86)/cypress/psoc creator/4.4/psoc creator/import/gnu/arm/5.4.1/bin/../lib/gcc/arm-none-eabi/5.4.1/../../../../arm-none-eabi/lib/armv7-m\libc_nano.a
END GROUP
LOAD c:/program files (x86)/cypress/psoc creator/4.4/psoc creator/import/gnu/arm/5.4.1/bin/../lib/gcc/arm-none-eabi/5.4.1/armv7-m/crtend.o
LOAD c:/program files (x86)/cypress/psoc creator/4.4/psoc creator/import/gnu/arm/5.4.1/bin/../lib/gcc/arm-none-eabi/5.4.1/armv7-m/crtn.o
START GROUP
LOAD c:/program files (x86)/cypress/psoc creator/4.4/psoc creator/import/gnu/arm/5.4.1/bin/../lib/gcc/arm-none-eabi/5.4.1/armv7-m\libgcc.a
LOAD c:/program files (x86)/cypress/psoc creator/4.4/psoc creator/import/gnu/arm/5.4.1/bin/../lib/gcc/arm-none-eabi/5.4.1/../../../../arm-none-eabi/lib/armv7-m\libc.a
LOAD c:/program files (x86)/cypress/psoc creator/4.4/psoc creator/import/gnu/arm/5.4.1/bin/../lib/gcc/arm-none-eabi/5.4.1/../../../../arm-none-eabi/lib/armv7-m\libnosys.a
END GROUP
                0x00000000                CY_APPL_ORIGIN = 0x0
                0x00000100                CY_FLASH_ROW_SIZE = 0x100
                0x00000020                CY_ECC_ROW_SIZE = 0x20
                0x00000000                CY_EE_IN_BTLDR = 0x0
                0x00000000                CY_APPL_LOADABLE = 0x0
                0x00000800                CY_EE_SIZE = 0x800
                0x00000001                CY_APPL_NUM = 0x1
                0x00000001                CY_APPL_MAX = 0x1
                0x00000040                CY_METADATA_SIZE = 0x40
                0x00000000                CY_APPL_LOADABLE = 0x0
                0x00000000                CY_CHECKSUM_EXCLUDE_SIZE = ALIGN (0x0, CY_FLASH_ROW_SIZE)
                [!provide]                PROVIDE (__cy_heap_start, _end)
                0x00000001                PROVIDE (__cy_region_num, ((__cy_regions_end - __cy_regions) / 0x10))
                0x20008000                PROVIDE (__cy_stack, (ORIGIN (ram) + LENGTH (ram)))
                [!provide]                PROVIDE (__cy_heap_end, (__cy_stack - 0x800))

.cybootloader   0x00000000        0x0
 *(.cybootloader)
                0x00000000                appl1_start = CY_APPL_ORIGIN?CY_APPL_ORIGIN:ALIGN (CY_FLASH_ROW_SIZE)
                0x0001ff00                appl2_start = (appl1_start + ALIGN ((((LENGTH (rom) - appl1_start) - (0x2 * CY_FLASH_ROW_SIZE)) / 0x2), CY_FLASH_ROW_SIZE))
                0x00000000                appl_start = (CY_APPL_NUM == 0x1)?appl1_start:appl2_start
                0x00000000                ecc_offset = ((appl_start / CY_FLASH_ROW_SIZE) * CY_ECC_ROW_SIZE)
                0x00000000                ee_offset = (CY_APPL_LOADABLE && ! (CY_EE_IN_BTLDR))?((CY_EE_SIZE / CY_APPL_MAX) * (CY_APPL_NUM - 0x1)):0x0
                0x00000800                ee_size = (CY_APPL_LOADABLE && ! (CY_EE_IN_BTLDR))?(CY_EE_SIZE / CY_APPL_MAX):CY_EE_SIZE
                [!provide]                PROVIDE (CY_ECC_OFFSET, ecc_offset)

.text           0x00000000      0x8ce
 CREATE_OBJECT_SYMBOLS
                0x00000000                PROVIDE (__cy_interrupt_vector, RomVectors)
 *(.romvectors)
 .romvectors    0x00000000       0x10 .\CortexM3\ARM_GCC_541\Debug\Cm3Start.o
                0x00000000                RomVectors
                0x00000001                ASSERT ((. != __cy_interrupt_vector), No interrupt vector)
                0x00000001                ASSERT (CY_APPL_ORIGIN?(SIZEOF (.cybootloader) <= CY_APPL_ORIGIN):0x1, Wrong image location)
                0x00000010                PROVIDE (__cy_reset, Reset)
 *(.text.Reset)
 .text.Reset    0x00000010       0x18 .\CortexM3\ARM_GCC_541\Debug\Cm3Start.o
                0x00000010                Reset
                0x00000001                ASSERT ((. != __cy_reset), No reset code)
 *(.dma_init)
                0x00000001                ASSERT ((((appl_start + .) <= 0x10000) || 0x1), DMA Init must be within the first 64k of flash)
 *(.text .text.* .gnu.linkonce.t.*)
 .text          0x00000028       0x5c c:/program files (x86)/cypress/psoc creator/4.4/psoc creator/import/gnu/arm/5.4.1/bin/../lib/gcc/arm-none-eabi/5.4.1/armv7-m/crtbegin.o
 .text.main     0x00000084       0x70 .\CortexM3\ARM_GCC_541\Debug\main.o
                0x00000084                main
 .text.setStepperTargets
                0x000000f4       0xc8 .\CortexM3\ARM_GCC_541\Debug\stepper.o
                0x000000f4                setStepperTargets
 .text.initStepperPins
                0x000001bc       0x1c .\CortexM3\ARM_GCC_541\Debug\stepper.o
                0x000001bc                initStepperPins
 .text.fireMechanism
                0x000001d8       0x38 .\CortexM3\ARM_GCC_541\Debug\firing.o
                0x000001d8                fireMechanism
 .text.initFiringPins
                0x00000210       0x10 .\CortexM3\ARM_GCC_541\Debug\firing.o
                0x00000210                initFiringPins
 .text.Stepper_Timer_ISR_Handler
                0x00000220      0x13c .\CortexM3\ARM_GCC_541\Debug\control.o
                0x00000220                Stepper_Timer_ISR_Handler
 .text.initControlTimer
                0x0000035c       0x18 .\CortexM3\ARM_GCC_541\Debug\control.o
                0x0000035c                initControlTimer
 .text.CyClockStartupError
                0x00000374        0x4 .\CortexM3\ARM_GCC_541\Debug\cyfitter_cfg.o
 .text.cfg_write_bytes32
                0x00000378       0x34 .\CortexM3\ARM_GCC_541\Debug\cyfitter_cfg.o
 .text.AnalogSetDefault
                0x000003ac       0x28 .\CortexM3\ARM_GCC_541\Debug\cyfitter_cfg.o
 .text.CYMEMZERO
                0x000003d4        0xc .\CortexM3\ARM_GCC_541\Debug\cyfitter_cfg.o
 .text.ClockSetup
                0x000003e0       0xb8 .\CortexM3\ARM_GCC_541\Debug\cyfitter_cfg.o
 .text.CYCONFIGCPY
                0x00000498        0x8 .\CortexM3\ARM_GCC_541\Debug\cyfitter_cfg.o
 .text.cyfitter_cfg
                0x000004a0       0xf0 .\CortexM3\ARM_GCC_541\Debug\cyfitter_cfg.o
                0x000004a0                cyfitter_cfg
 .text.IntDefaultHandler
                0x00000590       0x10 .\CortexM3\ARM_GCC_541\Debug\Cm3Start.o
                0x00000590                IntDefaultHandler
 .text.Start_c  0x000005a0       0x4c .\CortexM3\ARM_GCC_541\Debug\Cm3Start.o
                0x000005a0                Start_c
 .text.initialize_psoc
                0x000005ec       0x68 .\CortexM3\ARM_GCC_541\Debug\Cm3Start.o
                0x000005ec                initialize_psoc
 .text.dialDirPin_Write
                0x00000654       0x18 .\CortexM3\ARM_GCC_541\Debug\Modultest for stepper og affyring.a(dialDirPin.o)
                0x00000654                dialDirPin_Write
 .text.dialStepPin_Write
                0x0000066c       0x18 .\CortexM3\ARM_GCC_541\Debug\Modultest for stepper og affyring.a(dialStepPin.o)
                0x0000066c                dialStepPin_Write
 .text.Timer_1_Enable
                0x00000684       0x10 .\CortexM3\ARM_GCC_541\Debug\Modultest for stepper og affyring.a(Timer_1.o)
                0x00000684                Timer_1_Enable
 .text.Timer_1_Stop
                0x00000694       0x10 .\CortexM3\ARM_GCC_541\Debug\Modultest for stepper og affyring.a(Timer_1.o)
                0x00000694                Timer_1_Stop
 .text.Timer_1_SetInterruptMode
                0x000006a4        0xc .\CortexM3\ARM_GCC_541\Debug\Modultest for stepper og affyring.a(Timer_1.o)
                0x000006a4                Timer_1_SetInterruptMode
 .text.Timer_1_ReadStatusRegister
                0x000006b0        0xc .\CortexM3\ARM_GCC_541\Debug\Modultest for stepper og affyring.a(Timer_1.o)
                0x000006b0                Timer_1_ReadStatusRegister
 .text.Timer_1_WritePeriod
                0x000006bc        0xc .\CortexM3\ARM_GCC_541\Debug\Modultest for stepper og affyring.a(Timer_1.o)
                0x000006bc                Timer_1_WritePeriod
 .text.Timer_1_ReadCapture
                0x000006c8        0xc .\CortexM3\ARM_GCC_541\Debug\Modultest for stepper og affyring.a(Timer_1.o)
                0x000006c8                Timer_1_ReadCapture
 .text.Timer_1_WriteCounter
                0x000006d4        0xc .\CortexM3\ARM_GCC_541\Debug\Modultest for stepper og affyring.a(Timer_1.o)
                0x000006d4                Timer_1_WriteCounter
 .text.Timer_1_ClearFIFO
                0x000006e0       0x14 .\CortexM3\ARM_GCC_541\Debug\Modultest for stepper og affyring.a(Timer_1.o)
                0x000006e0                Timer_1_ClearFIFO
 .text.Timer_1_Init
                0x000006f4       0x30 .\CortexM3\ARM_GCC_541\Debug\Modultest for stepper og affyring.a(Timer_1.o)
                0x000006f4                Timer_1_Init
 .text.Timer_1_Start
                0x00000724       0x1c .\CortexM3\ARM_GCC_541\Debug\Modultest for stepper og affyring.a(Timer_1.o)
                0x00000724                Timer_1_Start
 .text.angleDirPin_Write
                0x00000740       0x18 .\CortexM3\ARM_GCC_541\Debug\Modultest for stepper og affyring.a(angleDirPin.o)
                0x00000740                angleDirPin_Write
 .text.angleStepPin_Write
                0x00000758       0x18 .\CortexM3\ARM_GCC_541\Debug\Modultest for stepper og affyring.a(angleStepPin.o)
                0x00000758                angleStepPin_Write
 .text.CyDelay  0x00000770       0x2c .\CortexM3\ARM_GCC_541\Debug\Modultest for stepper og affyring.a(CyLib.o)
                0x00000770                CyDelay
 .text.CyDelayUs
                0x0000079c       0x14 .\CortexM3\ARM_GCC_541\Debug\Modultest for stepper og affyring.a(CyLib.o)
                0x0000079c                CyDelayUs
 .text.fireDirPin_Write
                0x000007b0       0x18 .\CortexM3\ARM_GCC_541\Debug\Modultest for stepper og affyring.a(fireDirPin.o)
                0x000007b0                fireDirPin_Write
 .text.fireStepPin_Write
                0x000007c8       0x18 .\CortexM3\ARM_GCC_541\Debug\Modultest for stepper og affyring.a(fireStepPin.o)
                0x000007c8                fireStepPin_Write
 .text.stepper_isr_timer_SetVector
                0x000007e0        0xc .\CortexM3\ARM_GCC_541\Debug\Modultest for stepper og affyring.a(stepper_isr_timer.o)
                0x000007e0                stepper_isr_timer_SetVector
 .text.stepper_isr_timer_SetPriority
                0x000007ec       0x10 .\CortexM3\ARM_GCC_541\Debug\Modultest for stepper og affyring.a(stepper_isr_timer.o)
                0x000007ec                stepper_isr_timer_SetPriority
 .text.stepper_isr_timer_Enable
                0x000007fc        0xc .\CortexM3\ARM_GCC_541\Debug\Modultest for stepper og affyring.a(stepper_isr_timer.o)
                0x000007fc                stepper_isr_timer_Enable
 .text.stepper_isr_timer_Disable
                0x00000808        0xc .\CortexM3\ARM_GCC_541\Debug\Modultest for stepper og affyring.a(stepper_isr_timer.o)
                0x00000808                stepper_isr_timer_Disable
 .text.stepper_isr_timer_StartEx
                0x00000814       0x1c .\CortexM3\ARM_GCC_541\Debug\Modultest for stepper og affyring.a(stepper_isr_timer.o)
                0x00000814                stepper_isr_timer_StartEx
 .text          0x00000830       0x20 .\CortexM3\ARM_GCC_541\Debug\Modultest for stepper og affyring.a(CyBootAsmGnu.o)
                0x00000830                CyDelayCycles
                0x00000840                CyEnterCriticalSection
                0x00000848                CyExitCriticalSection
 .text.__errno  0x00000850        0xc c:/program files (x86)/cypress/psoc creator/4.4/psoc creator/import/gnu/arm/5.4.1/bin/../lib/gcc/arm-none-eabi/5.4.1/../../../../arm-none-eabi/lib/armv7-m\libg_nano.a(lib_a-errno.o)
                0x00000850                __errno
 .text.__libc_init_array
                0x0000085c       0x4c c:/program files (x86)/cypress/psoc creator/4.4/psoc creator/import/gnu/arm/5.4.1/bin/../lib/gcc/arm-none-eabi/5.4.1/../../../../arm-none-eabi/lib/armv7-m\libg_nano.a(lib_a-init.o)
                0x0000085c                __libc_init_array
 .text.memcpy   0x000008a8       0x16 c:/program files (x86)/cypress/psoc creator/4.4/psoc creator/import/gnu/arm/5.4.1/bin/../lib/gcc/arm-none-eabi/5.4.1/../../../../arm-none-eabi/lib/armv7-m\libg_nano.a(lib_a-memcpy-stub.o)
                0x000008a8                memcpy
 .text.memset   0x000008be       0x10 c:/program files (x86)/cypress/psoc creator/4.4/psoc creator/import/gnu/arm/5.4.1/bin/../lib/gcc/arm-none-eabi/5.4.1/../../../../arm-none-eabi/lib/armv7-m\libg_nano.a(lib_a-memset.o)
                0x000008be                memset
 *(.plt)
 *(.gnu.warning)
 *(.glue_7t)
 .glue_7t       0x000008ce        0x0 linker stubs
 *(.glue_7)
 .glue_7        0x000008ce        0x0 linker stubs
 *(.vfp11_veneer)
 .vfp11_veneer  0x000008ce        0x0 linker stubs
 *(.bootloader)
 *(.ARM.extab* .gnu.linkonce.armextab.*)
 *(.gcc_except_table)

.v4_bx          0x000008d0        0x0
 .v4_bx         0x000008d0        0x0 linker stubs

.iplt           0x000008d0        0x0
 .iplt          0x000008d0        0x0 c:/program files (x86)/cypress/psoc creator/4.4/psoc creator/import/gnu/arm/5.4.1/bin/../lib/gcc/arm-none-eabi/5.4.1/armv7-m/crtbegin.o

.eh_frame_hdr
 *(.eh_frame_hdr)

.eh_frame       0x000008d0        0x4
 *(.eh_frame)
 .eh_frame      0x000008d0        0x0 c:/program files (x86)/cypress/psoc creator/4.4/psoc creator/import/gnu/arm/5.4.1/bin/../lib/gcc/arm-none-eabi/5.4.1/armv7-m/crtbegin.o
 .eh_frame      0x000008d0        0x4 c:/program files (x86)/cypress/psoc creator/4.4/psoc creator/import/gnu/arm/5.4.1/bin/../lib/gcc/arm-none-eabi/5.4.1/armv7-m/crtend.o
                [!provide]                PROVIDE (__exidx_start, .)

.ARM.exidx
 *(.ARM.exidx* .gnu.linkonce.armexidx.*)
                0x000008d4                __exidx_end = .

.rodata         0x000008d4       0x6c
 *(.rodata .rodata.* .gnu.linkonce.r.*)
 .rodata        0x000008d4       0x36 .\CortexM3\ARM_GCC_541\Debug\cyfitter_cfg.o
 .rodata.str1.1
                0x0000090a        0x2 c:/program files (x86)/cypress/psoc creator/4.4/psoc creator/import/gnu/arm/5.4.1/bin/../lib/gcc/arm-none-eabi/5.4.1/../../../../arm-none-eabi/lib/armv7-m\libg_nano.a(lib_a-impure.o)
                0x0000090c                . = ALIGN (0x4)
 *(.init)
 .init          0x0000090c        0x4 c:/program files (x86)/cypress/psoc creator/4.4/psoc creator/import/gnu/arm/5.4.1/bin/../lib/gcc/arm-none-eabi/5.4.1/armv7-m/crti.o
                0x0000090c                _init
 .init          0x00000910        0x8 c:/program files (x86)/cypress/psoc creator/4.4/psoc creator/import/gnu/arm/5.4.1/bin/../lib/gcc/arm-none-eabi/5.4.1/armv7-m/crtn.o
                0x00000918                . = ALIGN (0x4)
                0x00000918                __preinit_array_start = .
 *(.preinit_array)
                0x00000918                __preinit_array_end = .
                0x00000918                . = ALIGN (0x4)
                0x00000918                __init_array_start = .
 *(SORT(.init_array.*))
 *(.init_array)
 .init_array    0x00000918        0x4 c:/program files (x86)/cypress/psoc creator/4.4/psoc creator/import/gnu/arm/5.4.1/bin/../lib/gcc/arm-none-eabi/5.4.1/armv7-m/crtbegin.o
 .init_array    0x0000091c        0x4 .\CortexM3\ARM_GCC_541\Debug\Cm3Start.o
                0x00000920                __init_array_end = .
                0x00000920                . = ALIGN (0x4)
 *(.fini)
 .fini          0x00000920        0x4 c:/program files (x86)/cypress/psoc creator/4.4/psoc creator/import/gnu/arm/5.4.1/bin/../lib/gcc/arm-none-eabi/5.4.1/armv7-m/crti.o
                0x00000920                _fini
 .fini          0x00000924        0x8 c:/program files (x86)/cypress/psoc creator/4.4/psoc creator/import/gnu/arm/5.4.1/bin/../lib/gcc/arm-none-eabi/5.4.1/armv7-m/crtn.o
                0x0000092c                . = ALIGN (0x4)
                0x0000092c                __fini_array_start = .
 *(.fini_array)
 .fini_array    0x0000092c        0x4 c:/program files (x86)/cypress/psoc creator/4.4/psoc creator/import/gnu/arm/5.4.1/bin/../lib/gcc/arm-none-eabi/5.4.1/armv7-m/crtbegin.o
 *(SORT(.fini_array.*))
                0x00000930                __fini_array_end = .
                0x00000930                . = ALIGN (0x4)
 *crtbegin.o(.ctors)
 *(EXCLUDE_FILE(*crtend.o) .ctors)
 *(SORT(.ctors.*))
 *crtend.o(.ctors)
                0x00000930                . = ALIGN (0x4)
 *crtbegin.o(.dtors)
 *(EXCLUDE_FILE(*crtend.o) .dtors)
 *(SORT(.dtors.*))
 *crtend.o(.dtors)
                0x00000930                . = ALIGN (0x4)
                0x00000930                __cy_regions = .
                0x00000930        0x4 LONG 0x940 __cy_region_init_ram
                0x00000934        0x4 LONG 0x1fff80c8 __cy_region_start_data
                0x00000938        0x4 LONG 0x80 __cy_region_init_size_ram
                0x0000093c        0x4 LONG 0x28 __cy_region_zero_size_ram
                0x00000940                __cy_regions_end = .
                0x00000940                . = ALIGN (0x8)
                0x00000940                _etext = .

.cy_checksum_exclude
                0x00000940        0x0
 *(.cy_checksum_exclude)

.ramvectors     0x1fff8000       0xc0
                0x1fff8000                __cy_region_start_ram = .
 *(.ramvectors)
 .ramvectors    0x1fff8000       0xc0 .\CortexM3\ARM_GCC_541\Debug\Cm3Start.o
                0x1fff8000                CyRamVectors

.noinit         0x1fff80c0        0x1
 *(.noinit)
 .noinit        0x1fff80c0        0x1 .\CortexM3\ARM_GCC_541\Debug\Modultest for stepper og affyring.a(CyLib.o)
                0x1fff80c0                CyResetStatus

.data           0x1fff80c8       0x80 load address 0x00000940
                0x1fff80c8                __cy_region_start_data = .
 *(.jcr)
 .jcr           0x1fff80c8        0x0 c:/program files (x86)/cypress/psoc creator/4.4/psoc creator/import/gnu/arm/5.4.1/bin/../lib/gcc/arm-none-eabi/5.4.1/armv7-m/crtbegin.o
 .jcr           0x1fff80c8        0x4 c:/program files (x86)/cypress/psoc creator/4.4/psoc creator/import/gnu/arm/5.4.1/bin/../lib/gcc/arm-none-eabi/5.4.1/armv7-m/crtend.o
 *(.got.plt)
 *(.got)
 *(.shdata)
 *(.data .data.* .gnu.linkonce.d.*)
 .data          0x1fff80cc        0x2 .\CortexM3\ARM_GCC_541\Debug\stepper.o
                0x1fff80cc                dialDirection
                0x1fff80cd                angleDirection
 .data          0x1fff80ce        0x1 .\CortexM3\ARM_GCC_541\Debug\firing.o
                0x1fff80ce                fireDirection
 *fill*         0x1fff80cf        0x1 
 .data          0x1fff80d0       0x10 .\CortexM3\ARM_GCC_541\Debug\Modultest for stepper og affyring.a(CyLib.o)
                0x1fff80d0                cydelay_32k_ms
                0x1fff80d4                cydelay_freq_khz
                0x1fff80d8                cydelay_freq_mhz
                0x1fff80dc                cydelay_freq_hz
 .data.impure_data
                0x1fff80e0       0x60 c:/program files (x86)/cypress/psoc creator/4.4/psoc creator/import/gnu/arm/5.4.1/bin/../lib/gcc/arm-none-eabi/5.4.1/../../../../arm-none-eabi/lib/armv7-m\libg_nano.a(lib_a-impure.o)
 .data._impure_ptr
                0x1fff8140        0x4 c:/program files (x86)/cypress/psoc creator/4.4/psoc creator/import/gnu/arm/5.4.1/bin/../lib/gcc/arm-none-eabi/5.4.1/../../../../arm-none-eabi/lib/armv7-m\libg_nano.a(lib_a-impure.o)
                0x1fff8140                _impure_ptr
                0x1fff8148                . = ALIGN (0x8)
 *fill*         0x1fff8144        0x4 
 *(.ram)
                0x1fff8148                _edata = .

.igot.plt       0x1fff8148        0x0 load address 0x000009c0
 .igot.plt      0x1fff8148        0x0 c:/program files (x86)/cypress/psoc creator/4.4/psoc creator/import/gnu/arm/5.4.1/bin/../lib/gcc/arm-none-eabi/5.4.1/armv7-m/crtbegin.o

.bss            0x1fff8148       0x28 load address 0x000009c0
                0x1fff8148                PROVIDE (__bss_start__, .)
 *(.shbss)
 *(.bss .bss.* .gnu.linkonce.b.*)
 .bss           0x1fff8148       0x1c c:/program files (x86)/cypress/psoc creator/4.4/psoc creator/import/gnu/arm/5.4.1/bin/../lib/gcc/arm-none-eabi/5.4.1/armv7-m/crtbegin.o
 .bss           0x1fff8164        0x4 .\CortexM3\ARM_GCC_541\Debug\stepper.o
                0x1fff8164                dialCurrentPosition
                0x1fff8165                dialStepsRemaining
                0x1fff8166                angleCurrentPosition
                0x1fff8167                angleStepsRemaining
 .bss           0x1fff8168        0x4 .\CortexM3\ARM_GCC_541\Debug\firing.o
                0x1fff8168                fireStepPhase
                0x1fff8169                fireInProgress
                0x1fff816a                fireStepsRemaining
 .bss           0x1fff816c        0x1 .\CortexM3\ARM_GCC_541\Debug\Modultest for stepper og affyring.a(Timer_1.o)
                0x1fff816c                Timer_1_initVar
 *(COMMON)
                0x1fff8170                . = ALIGN (0x8)
 *fill*         0x1fff816d        0x3 
 *(.ram.b)
                0x1fff8170                _end = .
                0x1fff8170                __end = .
                0x1fff8170                PROVIDE (end, .)
                0x1fff8170                PROVIDE (__bss_end__, .)
                0x00000940                __cy_region_init_ram = LOADADDR (.data)
                0x00000080                __cy_region_init_size_ram = (_edata - ADDR (.data))
                0x00000028                __cy_region_zero_size_ram = (_end - _edata)

.heap           0x1fff8170       0x80 load address 0x000009c0
                0x1fff8170                . = _end
                0x1fff81f0                . = (. + 0x80)
 *fill*         0x1fff8170       0x80 
                0x1fff81f0                __cy_heap_limit = .

.stack          0x20007800      0x800
                0x20007800                __cy_stack_limit = .
                0x20008000                . = (. + 0x800)
 *fill*         0x20007800      0x800 
                0x00000001                ASSERT ((__cy_stack_limit >= __cy_heap_limit), region RAM overflowed with stack)
                0x00000000                cy_checksum_exclude_size = (CY_APPL_LOADABLE == 0x1)?SIZEOF (.cy_checksum_exclude):0x0
                0x00000001                ASSERT ((cy_checksum_exclude_size <= CY_CHECKSUM_EXCLUDE_SIZE), CY_BOOT: Section .cy_checksum_exclude size exceedes specified limit.)

.cyloadermeta
 *(.cyloadermeta)

.cyloadablemeta
 *(.cyloadablemeta)

.cyconfigecc    0x80000000       0xc0
 *(.cyconfigecc)
 .cyconfigecc   0x80000000       0xc0 .\CortexM3\ARM_GCC_541\Debug\cymetadata.o
                0x80000000                cy_meta_configecc

.cycustnvl      0x90000000        0x4
 *(.cycustnvl)
 .cycustnvl     0x90000000        0x4 .\CortexM3\ARM_GCC_541\Debug\cymetadata.o
                0x90000000                cy_meta_custnvl

.cywolatch      0x90100000        0x4
 *(.cywolatch)
 .cywolatch     0x90100000        0x4 .\CortexM3\ARM_GCC_541\Debug\cymetadata.o
                0x90100000                cy_meta_wonvl

.cyeeprom       0x90200000        0x0
 *(.cyeeprom)
                0x00000001                ASSERT ((. <= ((0x90200000 + ee_offset) + ee_size)), .cyeeprom data will not fit in EEPROM)

.cyflashprotect
                0x90400000      0x100
 *(.cyflashprotect)
 .cyflashprotect
                0x90400000      0x100 .\CortexM3\ARM_GCC_541\Debug\cymetadata.o
                0x90400000                cy_meta_flashprotect

.cymeta         0x90500000        0xc
 *(.cymeta)
 .cymeta        0x90500000        0xc .\CortexM3\ARM_GCC_541\Debug\cymetadata.o
                0x90500000                cy_metadata

.rel.dyn        0x000009c0        0x0 load address 0x9050000c
 .rel.iplt      0x000009c0        0x0 c:/program files (x86)/cypress/psoc creator/4.4/psoc creator/import/gnu/arm/5.4.1/bin/../lib/gcc/arm-none-eabi/5.4.1/armv7-m/crtbegin.o

.stab
 *(.stab)

.stabstr
 *(.stabstr)

.debug
 *(.debug)

.line
 *(.line)

.debug_srcinfo
 *(.debug_srcinfo)

.debug_sfnames
 *(.debug_sfnames)

.debug_aranges  0x00000000      0x810
 *(.debug_aranges)
 .debug_aranges
                0x00000000       0x20 .\CortexM3\ARM_GCC_541\Debug\main.o
 .debug_aranges
                0x00000020       0x28 .\CortexM3\ARM_GCC_541\Debug\stepper.o
 .debug_aranges
                0x00000048       0x28 .\CortexM3\ARM_GCC_541\Debug\firing.o
 .debug_aranges
                0x00000070       0x28 .\CortexM3\ARM_GCC_541\Debug\control.o
 .debug_aranges
                0x00000098       0x58 .\CortexM3\ARM_GCC_541\Debug\cyfitter_cfg.o
 .debug_aranges
                0x000000f0       0x18 .\CortexM3\ARM_GCC_541\Debug\cymetadata.o
 .debug_aranges
                0x00000108       0x48 .\CortexM3\ARM_GCC_541\Debug\Cm3Start.o
 .debug_aranges
                0x00000150       0x38 .\CortexM3\ARM_GCC_541\Debug\Modultest for stepper og affyring.a(dialDirPin.o)
 .debug_aranges
                0x00000188       0x38 .\CortexM3\ARM_GCC_541\Debug\Modultest for stepper og affyring.a(dialStepPin.o)
 .debug_aranges
                0x000001c0       0x90 .\CortexM3\ARM_GCC_541\Debug\Modultest for stepper og affyring.a(Timer_1.o)
 .debug_aranges
                0x00000250       0x38 .\CortexM3\ARM_GCC_541\Debug\Modultest for stepper og affyring.a(angleDirPin.o)
 .debug_aranges
                0x00000288       0x38 .\CortexM3\ARM_GCC_541\Debug\Modultest for stepper og affyring.a(angleStepPin.o)
 .debug_aranges
                0x000002c0      0x2a0 .\CortexM3\ARM_GCC_541\Debug\Modultest for stepper og affyring.a(CyLib.o)
 .debug_aranges
                0x00000560       0x98 .\CortexM3\ARM_GCC_541\Debug\Modultest for stepper og affyring.a(cyPm.o)
 .debug_aranges
                0x000005f8       0x38 .\CortexM3\ARM_GCC_541\Debug\Modultest for stepper og affyring.a(fireDirPin.o)
 .debug_aranges
                0x00000630       0x38 .\CortexM3\ARM_GCC_541\Debug\Modultest for stepper og affyring.a(fireStepPin.o)
 .debug_aranges
                0x00000668       0x80 .\CortexM3\ARM_GCC_541\Debug\Modultest for stepper og affyring.a(stepper_isr_timer.o)
 .debug_aranges
                0x000006e8       0x20 .\CortexM3\ARM_GCC_541\Debug\Modultest for stepper og affyring.a(CyBootAsmGnu.o)
 .debug_aranges
                0x00000708       0x88 .\CortexM3\ARM_GCC_541\Debug\Modultest for stepper og affyring.a(CyFlash.o)
 .debug_aranges
                0x00000790       0x80 .\CortexM3\ARM_GCC_541\Debug\Modultest for stepper og affyring.a(CySpc.o)

.debug_pubnames
 *(.debug_pubnames)

.debug_info     0x00000000     0x49e5
 *(.debug_info .gnu.linkonce.wi.*)
 .debug_info    0x00000000      0x22c .\CortexM3\ARM_GCC_541\Debug\main.o
 .debug_info    0x0000022c      0x2b6 .\CortexM3\ARM_GCC_541\Debug\stepper.o
 .debug_info    0x000004e2      0x209 .\CortexM3\ARM_GCC_541\Debug\firing.o
 .debug_info    0x000006eb      0x2de .\CortexM3\ARM_GCC_541\Debug\control.o
 .debug_info    0x000009c9      0x4c9 .\CortexM3\ARM_GCC_541\Debug\cyfitter_cfg.o
 .debug_info    0x00000e92      0x134 .\CortexM3\ARM_GCC_541\Debug\cymetadata.o
 .debug_info    0x00000fc6      0x3bb .\CortexM3\ARM_GCC_541\Debug\Cm3Start.o
 .debug_info    0x00001381      0x11f .\CortexM3\ARM_GCC_541\Debug\Modultest for stepper og affyring.a(dialDirPin.o)
 .debug_info    0x000014a0      0x11f .\CortexM3\ARM_GCC_541\Debug\Modultest for stepper og affyring.a(dialStepPin.o)
 .debug_info    0x000015bf      0x2d1 .\CortexM3\ARM_GCC_541\Debug\Modultest for stepper og affyring.a(Timer_1.o)
 .debug_info    0x00001890      0x11f .\CortexM3\ARM_GCC_541\Debug\Modultest for stepper og affyring.a(angleDirPin.o)
 .debug_info    0x000019af      0x11f .\CortexM3\ARM_GCC_541\Debug\Modultest for stepper og affyring.a(angleStepPin.o)
 .debug_info    0x00001ace     0x1374 .\CortexM3\ARM_GCC_541\Debug\Modultest for stepper og affyring.a(CyLib.o)
 .debug_info    0x00002e42      0xa2a .\CortexM3\ARM_GCC_541\Debug\Modultest for stepper og affyring.a(cyPm.o)
 .debug_info    0x0000386c      0x11f .\CortexM3\ARM_GCC_541\Debug\Modultest for stepper og affyring.a(fireDirPin.o)
 .debug_info    0x0000398b      0x11f .\CortexM3\ARM_GCC_541\Debug\Modultest for stepper og affyring.a(fireStepPin.o)
 .debug_info    0x00003aaa      0x2d2 .\CortexM3\ARM_GCC_541\Debug\Modultest for stepper og affyring.a(stepper_isr_timer.o)
 .debug_info    0x00003d7c       0xcc .\CortexM3\ARM_GCC_541\Debug\Modultest for stepper og affyring.a(CyBootAsmGnu.o)
 .debug_info    0x00003e48      0x64d .\CortexM3\ARM_GCC_541\Debug\Modultest for stepper og affyring.a(CyFlash.o)
 .debug_info    0x00004495      0x550 .\CortexM3\ARM_GCC_541\Debug\Modultest for stepper og affyring.a(CySpc.o)

.debug_abbrev   0x00000000     0x14b0
 *(.debug_abbrev)
 .debug_abbrev  0x00000000       0xae .\CortexM3\ARM_GCC_541\Debug\main.o
 .debug_abbrev  0x000000ae       0xe5 .\CortexM3\ARM_GCC_541\Debug\stepper.o
 .debug_abbrev  0x00000193       0xc7 .\CortexM3\ARM_GCC_541\Debug\firing.o
 .debug_abbrev  0x0000025a       0xc7 .\CortexM3\ARM_GCC_541\Debug\control.o
 .debug_abbrev  0x00000321      0x1fe .\CortexM3\ARM_GCC_541\Debug\cyfitter_cfg.o
 .debug_abbrev  0x0000051f       0x5d .\CortexM3\ARM_GCC_541\Debug\cymetadata.o
 .debug_abbrev  0x0000057c      0x1e8 .\CortexM3\ARM_GCC_541\Debug\Cm3Start.o
 .debug_abbrev  0x00000764       0x90 .\CortexM3\ARM_GCC_541\Debug\Modultest for stepper og affyring.a(dialDirPin.o)
 .debug_abbrev  0x000007f4       0x90 .\CortexM3\ARM_GCC_541\Debug\Modultest for stepper og affyring.a(dialStepPin.o)
 .debug_abbrev  0x00000884      0x12b .\CortexM3\ARM_GCC_541\Debug\Modultest for stepper og affyring.a(Timer_1.o)
 .debug_abbrev  0x000009af       0x90 .\CortexM3\ARM_GCC_541\Debug\Modultest for stepper og affyring.a(angleDirPin.o)
 .debug_abbrev  0x00000a3f       0x90 .\CortexM3\ARM_GCC_541\Debug\Modultest for stepper og affyring.a(angleStepPin.o)
 .debug_abbrev  0x00000acf      0x254 .\CortexM3\ARM_GCC_541\Debug\Modultest for stepper og affyring.a(CyLib.o)
 .debug_abbrev  0x00000d23      0x1ab .\CortexM3\ARM_GCC_541\Debug\Modultest for stepper og affyring.a(cyPm.o)
 .debug_abbrev  0x00000ece       0x90 .\CortexM3\ARM_GCC_541\Debug\Modultest for stepper og affyring.a(fireDirPin.o)
 .debug_abbrev  0x00000f5e       0x90 .\CortexM3\ARM_GCC_541\Debug\Modultest for stepper og affyring.a(fireStepPin.o)
 .debug_abbrev  0x00000fee      0x173 .\CortexM3\ARM_GCC_541\Debug\Modultest for stepper og affyring.a(stepper_isr_timer.o)
 .debug_abbrev  0x00001161       0x14 .\CortexM3\ARM_GCC_541\Debug\Modultest for stepper og affyring.a(CyBootAsmGnu.o)
 .debug_abbrev  0x00001175      0x1a7 .\CortexM3\ARM_GCC_541\Debug\Modultest for stepper og affyring.a(CyFlash.o)
 .debug_abbrev  0x0000131c      0x194 .\CortexM3\ARM_GCC_541\Debug\Modultest for stepper og affyring.a(CySpc.o)

.debug_line     0x00000000     0x23b6
 *(.debug_line)
 .debug_line    0x00000000      0x1c7 .\CortexM3\ARM_GCC_541\Debug\main.o
 .debug_line    0x000001c7      0x21a .\CortexM3\ARM_GCC_541\Debug\stepper.o
 .debug_line    0x000003e1      0x1af .\CortexM3\ARM_GCC_541\Debug\firing.o
 .debug_line    0x00000590      0x23e .\CortexM3\ARM_GCC_541\Debug\control.o
 .debug_line    0x000007ce      0x1d7 .\CortexM3\ARM_GCC_541\Debug\cyfitter_cfg.o
 .debug_line    0x000009a5      0x141 .\CortexM3\ARM_GCC_541\Debug\cymetadata.o
 .debug_line    0x00000ae6      0x234 .\CortexM3\ARM_GCC_541\Debug\Cm3Start.o
 .debug_line    0x00000d1a       0x97 .\CortexM3\ARM_GCC_541\Debug\Modultest for stepper og affyring.a(dialDirPin.o)
 .debug_line    0x00000db1       0x98 .\CortexM3\ARM_GCC_541\Debug\Modultest for stepper og affyring.a(dialStepPin.o)
 .debug_line    0x00000e49      0x172 .\CortexM3\ARM_GCC_541\Debug\Modultest for stepper og affyring.a(Timer_1.o)
 .debug_line    0x00000fbb       0x98 .\CortexM3\ARM_GCC_541\Debug\Modultest for stepper og affyring.a(angleDirPin.o)
 .debug_line    0x00001053       0x99 .\CortexM3\ARM_GCC_541\Debug\Modultest for stepper og affyring.a(angleStepPin.o)
 .debug_line    0x000010ec      0x816 .\CortexM3\ARM_GCC_541\Debug\Modultest for stepper og affyring.a(CyLib.o)
 .debug_line    0x00001902      0x367 .\CortexM3\ARM_GCC_541\Debug\Modultest for stepper og affyring.a(cyPm.o)
 .debug_line    0x00001c69       0x97 .\CortexM3\ARM_GCC_541\Debug\Modultest for stepper og affyring.a(fireDirPin.o)
 .debug_line    0x00001d00       0x98 .\CortexM3\ARM_GCC_541\Debug\Modultest for stepper og affyring.a(fireStepPin.o)
 .debug_line    0x00001d98      0x13e .\CortexM3\ARM_GCC_541\Debug\Modultest for stepper og affyring.a(stepper_isr_timer.o)
 .debug_line    0x00001ed6       0x66 .\CortexM3\ARM_GCC_541\Debug\Modultest for stepper og affyring.a(CyBootAsmGnu.o)
 .debug_line    0x00001f3c      0x21a .\CortexM3\ARM_GCC_541\Debug\Modultest for stepper og affyring.a(CyFlash.o)
 .debug_line    0x00002156      0x260 .\CortexM3\ARM_GCC_541\Debug\Modultest for stepper og affyring.a(CySpc.o)

.debug_frame    0x00000000     0x13ac
 *(.debug_frame)
 .debug_frame   0x00000000       0x2c .\CortexM3\ARM_GCC_541\Debug\main.o
 .debug_frame   0x0000002c       0x48 .\CortexM3\ARM_GCC_541\Debug\stepper.o
 .debug_frame   0x00000074       0x4c .\CortexM3\ARM_GCC_541\Debug\firing.o
 .debug_frame   0x000000c0       0x48 .\CortexM3\ARM_GCC_541\Debug\control.o
 .debug_frame   0x00000108       0xe4 .\CortexM3\ARM_GCC_541\Debug\cyfitter_cfg.o
 .debug_frame   0x000001ec       0xb8 .\CortexM3\ARM_GCC_541\Debug\Cm3Start.o
 .debug_frame   0x000002a4       0x50 .\CortexM3\ARM_GCC_541\Debug\Modultest for stepper og affyring.a(dialDirPin.o)
 .debug_frame   0x000002f4       0x50 .\CortexM3\ARM_GCC_541\Debug\Modultest for stepper og affyring.a(dialStepPin.o)
 .debug_frame   0x00000344      0x124 .\CortexM3\ARM_GCC_541\Debug\Modultest for stepper og affyring.a(Timer_1.o)
 .debug_frame   0x00000468       0x50 .\CortexM3\ARM_GCC_541\Debug\Modultest for stepper og affyring.a(angleDirPin.o)
 .debug_frame   0x000004b8       0x50 .\CortexM3\ARM_GCC_541\Debug\Modultest for stepper og affyring.a(angleStepPin.o)
 .debug_frame   0x00000508      0x738 .\CortexM3\ARM_GCC_541\Debug\Modultest for stepper og affyring.a(CyLib.o)
 .debug_frame   0x00000c40      0x1f8 .\CortexM3\ARM_GCC_541\Debug\Modultest for stepper og affyring.a(cyPm.o)
 .debug_frame   0x00000e38       0x50 .\CortexM3\ARM_GCC_541\Debug\Modultest for stepper og affyring.a(fireDirPin.o)
 .debug_frame   0x00000e88       0x50 .\CortexM3\ARM_GCC_541\Debug\Modultest for stepper og affyring.a(fireStepPin.o)
 .debug_frame   0x00000ed8      0x104 .\CortexM3\ARM_GCC_541\Debug\Modultest for stepper og affyring.a(stepper_isr_timer.o)
 .debug_frame   0x00000fdc      0x194 .\CortexM3\ARM_GCC_541\Debug\Modultest for stepper og affyring.a(CyFlash.o)
 .debug_frame   0x00001170      0x180 .\CortexM3\ARM_GCC_541\Debug\Modultest for stepper og affyring.a(CySpc.o)
 .debug_frame   0x000012f0       0x20 c:/program files (x86)/cypress/psoc creator/4.4/psoc creator/import/gnu/arm/5.4.1/bin/../lib/gcc/arm-none-eabi/5.4.1/../../../../arm-none-eabi/lib/armv7-m\libg_nano.a(lib_a-errno.o)
 .debug_frame   0x00001310       0x28 c:/program files (x86)/cypress/psoc creator/4.4/psoc creator/import/gnu/arm/5.4.1/bin/../lib/gcc/arm-none-eabi/5.4.1/../../../../arm-none-eabi/lib/armv7-m\libg_nano.a(lib_a-exit.o)
 .debug_frame   0x00001338       0x2c c:/program files (x86)/cypress/psoc creator/4.4/psoc creator/import/gnu/arm/5.4.1/bin/../lib/gcc/arm-none-eabi/5.4.1/../../../../arm-none-eabi/lib/armv7-m\libg_nano.a(lib_a-init.o)
 .debug_frame   0x00001364       0x28 c:/program files (x86)/cypress/psoc creator/4.4/psoc creator/import/gnu/arm/5.4.1/bin/../lib/gcc/arm-none-eabi/5.4.1/../../../../arm-none-eabi/lib/armv7-m\libg_nano.a(lib_a-memcpy-stub.o)
 .debug_frame   0x0000138c       0x20 c:/program files (x86)/cypress/psoc creator/4.4/psoc creator/import/gnu/arm/5.4.1/bin/../lib/gcc/arm-none-eabi/5.4.1/../../../../arm-none-eabi/lib/armv7-m\libg_nano.a(lib_a-memset.o)

.debug_str      0x00000000     0x1a4d
 *(.debug_str)
 .debug_str     0x00000000      0x1f2 .\CortexM3\ARM_GCC_541\Debug\main.o
                                0x23a (size before relaxing)
 .debug_str     0x000001f2      0x120 .\CortexM3\ARM_GCC_541\Debug\stepper.o
                                0x323 (size before relaxing)
 .debug_str     0x00000312       0x70 .\CortexM3\ARM_GCC_541\Debug\firing.o
                                0x2b2 (size before relaxing)
 .debug_str     0x00000382       0x63 .\CortexM3\ARM_GCC_541\Debug\control.o
                                0x369 (size before relaxing)
 .debug_str     0x000003e5      0x181 .\CortexM3\ARM_GCC_541\Debug\cyfitter_cfg.o
                                0x34b (size before relaxing)
 .debug_str     0x00000566       0x7f .\CortexM3\ARM_GCC_541\Debug\cymetadata.o
                                0x220 (size before relaxing)
 .debug_str     0x000005e5      0x144 .\CortexM3\ARM_GCC_541\Debug\Cm3Start.o
                                0x346 (size before relaxing)
 .debug_str     0x00000729       0x73 .\CortexM3\ARM_GCC_541\Debug\Modultest for stepper og affyring.a(dialDirPin.o)
                                0x237 (size before relaxing)
 .debug_str     0x0000079c       0x67 .\CortexM3\ARM_GCC_541\Debug\Modultest for stepper og affyring.a(dialStepPin.o)
                                0x23c (size before relaxing)
 .debug_str     0x00000803      0x16d .\CortexM3\ARM_GCC_541\Debug\Modultest for stepper og affyring.a(Timer_1.o)
                                0x38e (size before relaxing)
 .debug_str     0x00000970       0x67 .\CortexM3\ARM_GCC_541\Debug\Modultest for stepper og affyring.a(angleDirPin.o)
                                0x23c (size before relaxing)
 .debug_str     0x000009d7       0x6b .\CortexM3\ARM_GCC_541\Debug\Modultest for stepper og affyring.a(angleStepPin.o)
                                0x241 (size before relaxing)
 .debug_str     0x00000a42      0x801 .\CortexM3\ARM_GCC_541\Debug\Modultest for stepper og affyring.a(CyLib.o)
                                0xa83 (size before relaxing)
 .debug_str     0x00001243      0x365 .\CortexM3\ARM_GCC_541\Debug\Modultest for stepper og affyring.a(cyPm.o)
                                0x76f (size before relaxing)
 .debug_str     0x000015a8       0x63 .\CortexM3\ARM_GCC_541\Debug\Modultest for stepper og affyring.a(fireDirPin.o)
                                0x237 (size before relaxing)
 .debug_str     0x0000160b       0x67 .\CortexM3\ARM_GCC_541\Debug\Modultest for stepper og affyring.a(fireStepPin.o)
                                0x23c (size before relaxing)
 .debug_str     0x00001672      0x174 .\CortexM3\ARM_GCC_541\Debug\Modultest for stepper og affyring.a(stepper_isr_timer.o)
                                0x38a (size before relaxing)
 .debug_str     0x000017e6      0x1bb .\CortexM3\ARM_GCC_541\Debug\Modultest for stepper og affyring.a(CyFlash.o)
                                0x3fc (size before relaxing)
 .debug_str     0x000019a1       0xac .\CortexM3\ARM_GCC_541\Debug\Modultest for stepper og affyring.a(CySpc.o)
                                0x374 (size before relaxing)

.debug_loc      0x00000000     0x1c3d
 *(.debug_loc)
 .debug_loc     0x00000000       0x81 .\CortexM3\ARM_GCC_541\Debug\stepper.o
 .debug_loc     0x00000081      0x1d7 .\CortexM3\ARM_GCC_541\Debug\cyfitter_cfg.o
 .debug_loc     0x00000258      0x144 .\CortexM3\ARM_GCC_541\Debug\Cm3Start.o
 .debug_loc     0x0000039c       0x42 .\CortexM3\ARM_GCC_541\Debug\Modultest for stepper og affyring.a(dialDirPin.o)
 .debug_loc     0x000003de       0x42 .\CortexM3\ARM_GCC_541\Debug\Modultest for stepper og affyring.a(dialStepPin.o)
 .debug_loc     0x00000420       0x13 .\CortexM3\ARM_GCC_541\Debug\Modultest for stepper og affyring.a(Timer_1.o)
 .debug_loc     0x00000433       0x42 .\CortexM3\ARM_GCC_541\Debug\Modultest for stepper og affyring.a(angleDirPin.o)
 .debug_loc     0x00000475       0x42 .\CortexM3\ARM_GCC_541\Debug\Modultest for stepper og affyring.a(angleStepPin.o)
 .debug_loc     0x000004b7      0xa11 .\CortexM3\ARM_GCC_541\Debug\Modultest for stepper og affyring.a(CyLib.o)
 .debug_loc     0x00000ec8      0x1e4 .\CortexM3\ARM_GCC_541\Debug\Modultest for stepper og affyring.a(cyPm.o)
 .debug_loc     0x000010ac       0x42 .\CortexM3\ARM_GCC_541\Debug\Modultest for stepper og affyring.a(fireDirPin.o)
 .debug_loc     0x000010ee       0x42 .\CortexM3\ARM_GCC_541\Debug\Modultest for stepper og affyring.a(fireStepPin.o)
 .debug_loc     0x00001130       0x56 .\CortexM3\ARM_GCC_541\Debug\Modultest for stepper og affyring.a(stepper_isr_timer.o)
 .debug_loc     0x00001186      0x3b2 .\CortexM3\ARM_GCC_541\Debug\Modultest for stepper og affyring.a(CyFlash.o)
 .debug_loc     0x00001538      0x705 .\CortexM3\ARM_GCC_541\Debug\Modultest for stepper og affyring.a(CySpc.o)

.debug_macinfo
 *(.debug_macinfo)

.debug_ranges   0x00000000      0x6b8
 *(.debug_ranges)
 .debug_ranges  0x00000000       0x10 .\CortexM3\ARM_GCC_541\Debug\main.o
 .debug_ranges  0x00000010       0x18 .\CortexM3\ARM_GCC_541\Debug\stepper.o
 .debug_ranges  0x00000028       0x18 .\CortexM3\ARM_GCC_541\Debug\firing.o
 .debug_ranges  0x00000040       0x18 .\CortexM3\ARM_GCC_541\Debug\control.o
 .debug_ranges  0x00000058       0x48 .\CortexM3\ARM_GCC_541\Debug\cyfitter_cfg.o
 .debug_ranges  0x000000a0       0x38 .\CortexM3\ARM_GCC_541\Debug\Cm3Start.o
 .debug_ranges  0x000000d8       0x28 .\CortexM3\ARM_GCC_541\Debug\Modultest for stepper og affyring.a(dialDirPin.o)
 .debug_ranges  0x00000100       0x28 .\CortexM3\ARM_GCC_541\Debug\Modultest for stepper og affyring.a(dialStepPin.o)
 .debug_ranges  0x00000128       0x80 .\CortexM3\ARM_GCC_541\Debug\Modultest for stepper og affyring.a(Timer_1.o)
 .debug_ranges  0x000001a8       0x28 .\CortexM3\ARM_GCC_541\Debug\Modultest for stepper og affyring.a(angleDirPin.o)
 .debug_ranges  0x000001d0       0x28 .\CortexM3\ARM_GCC_541\Debug\Modultest for stepper og affyring.a(angleStepPin.o)
 .debug_ranges  0x000001f8      0x290 .\CortexM3\ARM_GCC_541\Debug\Modultest for stepper og affyring.a(CyLib.o)
 .debug_ranges  0x00000488       0x88 .\CortexM3\ARM_GCC_541\Debug\Modultest for stepper og affyring.a(cyPm.o)
 .debug_ranges  0x00000510       0x28 .\CortexM3\ARM_GCC_541\Debug\Modultest for stepper og affyring.a(fireDirPin.o)
 .debug_ranges  0x00000538       0x28 .\CortexM3\ARM_GCC_541\Debug\Modultest for stepper og affyring.a(fireStepPin.o)
 .debug_ranges  0x00000560       0x70 .\CortexM3\ARM_GCC_541\Debug\Modultest for stepper og affyring.a(stepper_isr_timer.o)
 .debug_ranges  0x000005d0       0x78 .\CortexM3\ARM_GCC_541\Debug\Modultest for stepper og affyring.a(CyFlash.o)
 .debug_ranges  0x00000648       0x70 .\CortexM3\ARM_GCC_541\Debug\Modultest for stepper og affyring.a(CySpc.o)

.comment        0x00000000       0x6e
 .comment       0x00000000       0x6e .\CortexM3\ARM_GCC_541\Debug\main.o
                                 0x6f (size before relaxing)
 .comment       0x0000006e       0x6f .\CortexM3\ARM_GCC_541\Debug\stepper.o
 .comment       0x0000006e       0x6f .\CortexM3\ARM_GCC_541\Debug\firing.o
 .comment       0x0000006e       0x6f .\CortexM3\ARM_GCC_541\Debug\control.o
 .comment       0x0000006e       0x6f .\CortexM3\ARM_GCC_541\Debug\cyfitter_cfg.o
 .comment       0x0000006e       0x6f .\CortexM3\ARM_GCC_541\Debug\cymetadata.o
 .comment       0x0000006e       0x6f .\CortexM3\ARM_GCC_541\Debug\Cm3Start.o
 .comment       0x0000006e       0x6f .\CortexM3\ARM_GCC_541\Debug\Modultest for stepper og affyring.a(dialDirPin.o)
 .comment       0x0000006e       0x6f .\CortexM3\ARM_GCC_541\Debug\Modultest for stepper og affyring.a(dialStepPin.o)
 .comment       0x0000006e       0x6f .\CortexM3\ARM_GCC_541\Debug\Modultest for stepper og affyring.a(Timer_1.o)
 .comment       0x0000006e       0x6f .\CortexM3\ARM_GCC_541\Debug\Modultest for stepper og affyring.a(angleDirPin.o)
 .comment       0x0000006e       0x6f .\CortexM3\ARM_GCC_541\Debug\Modultest for stepper og affyring.a(angleStepPin.o)
 .comment       0x0000006e       0x6f .\CortexM3\ARM_GCC_541\Debug\Modultest for stepper og affyring.a(CyLib.o)
 .comment       0x0000006e       0x6f .\CortexM3\ARM_GCC_541\Debug\Modultest for stepper og affyring.a(cyPm.o)
 .comment       0x0000006e       0x6f .\CortexM3\ARM_GCC_541\Debug\Modultest for stepper og affyring.a(fireDirPin.o)
 .comment       0x0000006e       0x6f .\CortexM3\ARM_GCC_541\Debug\Modultest for stepper og affyring.a(fireStepPin.o)
 .comment       0x0000006e       0x6f .\CortexM3\ARM_GCC_541\Debug\Modultest for stepper og affyring.a(stepper_isr_timer.o)
 .comment       0x0000006e       0x6f .\CortexM3\ARM_GCC_541\Debug\Modultest for stepper og affyring.a(CyFlash.o)
 .comment       0x0000006e       0x6f .\CortexM3\ARM_GCC_541\Debug\Modultest for stepper og affyring.a(CySpc.o)

.debug_weaknames
 *(.debug_weaknames)

.debug_funcnames
 *(.debug_funcnames)

.debug_typenames
 *(.debug_typenames)

.debug_varnames
 *(.debug_varnames)

.note.gnu.arm.ident
 *(.note.gnu.arm.ident)

.ARM.attributes
                0x00000000       0x29
 *(.ARM.attributes)
 .ARM.attributes
                0x00000000       0x1d c:/program files (x86)/cypress/psoc creator/4.4/psoc creator/import/gnu/arm/5.4.1/bin/../lib/gcc/arm-none-eabi/5.4.1/armv7-m/crti.o
 .ARM.attributes
                0x0000001d       0x2d c:/program files (x86)/cypress/psoc creator/4.4/psoc creator/import/gnu/arm/5.4.1/bin/../lib/gcc/arm-none-eabi/5.4.1/armv7-m/crtbegin.o
 .ARM.attributes
                0x0000004a       0x1b c:/program files (x86)/cypress/psoc creator/4.4/psoc creator/import/gnu/arm/5.4.1/bin/../lib/gcc/arm-none-eabi/5.4.1/../../../../arm-none-eabi/lib/armv7-m/crt0.o
 .ARM.attributes
                0x00000065       0x33 .\CortexM3\ARM_GCC_541\Debug\main.o
 .ARM.attributes
                0x00000098       0x33 .\CortexM3\ARM_GCC_541\Debug\stepper.o
 .ARM.attributes
                0x000000cb       0x33 .\CortexM3\ARM_GCC_541\Debug\firing.o
 .ARM.attributes
                0x000000fe       0x33 .\CortexM3\ARM_GCC_541\Debug\control.o
 .ARM.attributes
                0x00000131       0x33 .\CortexM3\ARM_GCC_541\Debug\cyfitter_cfg.o
 .ARM.attributes
                0x00000164       0x33 .\CortexM3\ARM_GCC_541\Debug\cymetadata.o
 .ARM.attributes
                0x00000197       0x33 .\CortexM3\ARM_GCC_541\Debug\Cm3Start.o
 .ARM.attributes
                0x000001ca       0x33 .\CortexM3\ARM_GCC_541\Debug\Modultest for stepper og affyring.a(dialDirPin.o)
 .ARM.attributes
                0x000001fd       0x33 .\CortexM3\ARM_GCC_541\Debug\Modultest for stepper og affyring.a(dialStepPin.o)
 .ARM.attributes
                0x00000230       0x33 .\CortexM3\ARM_GCC_541\Debug\Modultest for stepper og affyring.a(Timer_1.o)
 .ARM.attributes
                0x00000263       0x33 .\CortexM3\ARM_GCC_541\Debug\Modultest for stepper og affyring.a(angleDirPin.o)
 .ARM.attributes
                0x00000296       0x33 .\CortexM3\ARM_GCC_541\Debug\Modultest for stepper og affyring.a(angleStepPin.o)
 .ARM.attributes
                0x000002c9       0x33 .\CortexM3\ARM_GCC_541\Debug\Modultest for stepper og affyring.a(CyLib.o)
 .ARM.attributes
                0x000002fc       0x33 .\CortexM3\ARM_GCC_541\Debug\Modultest for stepper og affyring.a(cyPm.o)
 .ARM.attributes
                0x0000032f       0x33 .\CortexM3\ARM_GCC_541\Debug\Modultest for stepper og affyring.a(fireDirPin.o)
 .ARM.attributes
                0x00000362       0x33 .\CortexM3\ARM_GCC_541\Debug\Modultest for stepper og affyring.a(fireStepPin.o)
 .ARM.attributes
                0x00000395       0x33 .\CortexM3\ARM_GCC_541\Debug\Modultest for stepper og affyring.a(stepper_isr_timer.o)
 .ARM.attributes
                0x000003c8       0x21 .\CortexM3\ARM_GCC_541\Debug\Modultest for stepper og affyring.a(CyBootAsmGnu.o)
 .ARM.attributes
                0x000003e9       0x33 .\CortexM3\ARM_GCC_541\Debug\Modultest for stepper og affyring.a(CyFlash.o)
 .ARM.attributes
                0x0000041c       0x33 .\CortexM3\ARM_GCC_541\Debug\Modultest for stepper og affyring.a(CySpc.o)
 .ARM.attributes
                0x0000044f       0x2d c:/program files (x86)/cypress/psoc creator/4.4/psoc creator/import/gnu/arm/5.4.1/bin/../lib/gcc/arm-none-eabi/5.4.1/../../../../arm-none-eabi/lib/armv7-m\libg_nano.a(lib_a-errno.o)
 .ARM.attributes
                0x0000047c       0x2d c:/program files (x86)/cypress/psoc creator/4.4/psoc creator/import/gnu/arm/5.4.1/bin/../lib/gcc/arm-none-eabi/5.4.1/../../../../arm-none-eabi/lib/armv7-m\libg_nano.a(lib_a-exit.o)
 .ARM.attributes
                0x000004a9       0x2d c:/program files (x86)/cypress/psoc creator/4.4/psoc creator/import/gnu/arm/5.4.1/bin/../lib/gcc/arm-none-eabi/5.4.1/../../../../arm-none-eabi/lib/armv7-m\libg_nano.a(lib_a-impure.o)
 .ARM.attributes
                0x000004d6       0x2d c:/program files (x86)/cypress/psoc creator/4.4/psoc creator/import/gnu/arm/5.4.1/bin/../lib/gcc/arm-none-eabi/5.4.1/../../../../arm-none-eabi/lib/armv7-m\libg_nano.a(lib_a-init.o)
 .ARM.attributes
                0x00000503       0x2d c:/program files (x86)/cypress/psoc creator/4.4/psoc creator/import/gnu/arm/5.4.1/bin/../lib/gcc/arm-none-eabi/5.4.1/../../../../arm-none-eabi/lib/armv7-m\libg_nano.a(lib_a-memcpy-stub.o)
 .ARM.attributes
                0x00000530       0x2d c:/program files (x86)/cypress/psoc creator/4.4/psoc creator/import/gnu/arm/5.4.1/bin/../lib/gcc/arm-none-eabi/5.4.1/../../../../arm-none-eabi/lib/armv7-m\libg_nano.a(lib_a-memset.o)
 .ARM.attributes
                0x0000055d       0x2d c:/program files (x86)/cypress/psoc creator/4.4/psoc creator/import/gnu/arm/5.4.1/bin/../lib/gcc/arm-none-eabi/5.4.1/armv7-m/crtend.o
 .ARM.attributes
                0x0000058a       0x1d c:/program files (x86)/cypress/psoc creator/4.4/psoc creator/import/gnu/arm/5.4.1/bin/../lib/gcc/arm-none-eabi/5.4.1/armv7-m/crtn.o

/DISCARD/
 *(.note.GNU-stack)
OUTPUT(C:\Users\peter\OneDrive - Aarhus universitet\Dokumenter\PSoC Creator\NEW_stepperMotor\Modultest for stepper og affyring.cydsn\CortexM3\ARM_GCC_541\Debug\Modultest for stepper og affyring.elf elf32-littlearm)
