ARM GAS  C:\Users\peter\AppData\Local\Temp\ccrFgwng.s 			page 1


   1              		.syntax unified
   2              		.cpu cortex-m3
   3              		.fpu softvfp
   4              		.eabi_attribute 20, 1
   5              		.eabi_attribute 21, 1
   6              		.eabi_attribute 23, 3
   7              		.eabi_attribute 24, 1
   8              		.eabi_attribute 25, 1
   9              		.eabi_attribute 26, 1
  10              		.eabi_attribute 30, 1
  11              		.eabi_attribute 34, 1
  12              		.eabi_attribute 18, 4
  13              		.thumb
  14              		.syntax unified
  15              		.file	"stepper.c"
  16              		.text
  17              	.Ltext0:
  18              		.cfi_sections	.debug_frame
  19              		.section	.text.Timer_ISR_Handler,"ax",%progbits
  20              		.align	2
  21              		.global	Timer_ISR_Handler
  22              		.thumb
  23              		.thumb_func
  24              		.type	Timer_ISR_Handler, %function
  25              	Timer_ISR_Handler:
  26              	.LFB63:
  27              		.file 1 "stepper.c"
   1:stepper.c     **** #include "stepper.h"
   2:stepper.c     **** #include <stdlib.h>
   3:stepper.c     **** 
   4:stepper.c     **** // === Makroer til kontrol af A4988 stepperdriverens signaler ===
   5:stepper.c     **** #define STEP_PIN_STEP    StepPin_Write(1)     // Sæt STEP-pin høj
   6:stepper.c     **** #define STEP_PIN_RESET   StepPin_Write(0)     // Sæt STEP-pin lav
   7:stepper.c     **** #define DIR_PIN_FORWARD  DirPin_Write(1)      // Sæt DIR-pin høj (fremad)
   8:stepper.c     **** #define DIR_PIN_BACKWARD DirPin_Write(0)      // Sæt DIR-pin lav (baglæns)
   9:stepper.c     **** 
  10:stepper.c     **** // === Konfiguration ===
  11:stepper.c     **** #define MAX_POSITION 100                      // Maksimal logisk position
  12:stepper.c     **** #define MIN_POSITION -100                     // Minimal logisk position
  13:stepper.c     **** #define STEPS_PER_REVOLUTION 200              // Fysiske step per fuld rotation (1.8° pr step)
  14:stepper.c     **** #define DEFAULT_TIMER_PERIOD 200              // Timerens periode (bestemmer hastighed)
  15:stepper.c     **** 
  16:stepper.c     **** // === Globale variabler til styring af motorens tilstand ===
  17:stepper.c     **** volatile int currentPosition = 0;             // Nuvaerende logiske position
  18:stepper.c     **** volatile int targetPosition = 0;              // Oensket logisk slutposition
  19:stepper.c     **** volatile int stepsRemaining = 0;              // Antal fysiske step tilbage i bevægelsen
  20:stepper.c     **** volatile int direction = 1;                   // Retning: 1 = frem, -1 = tilbage
  21:stepper.c     **** 
  22:stepper.c     **** // === Interrupt Service Routine kaldet af Timer_1 ved terminal count ===
  23:stepper.c     **** CY_ISR(Timer_ISR_Handler)
  24:stepper.c     **** {
  28              		.loc 1 24 0
  29              		.cfi_startproc
  30              		@ args = 0, pretend = 0, frame = 0
  31              		@ frame_needed = 0, uses_anonymous_args = 0
  32 0000 08B5     		push	{r3, lr}
  33              		.cfi_def_cfa_offset 8
ARM GAS  C:\Users\peter\AppData\Local\Temp\ccrFgwng.s 			page 2


  34              		.cfi_offset 3, -8
  35              		.cfi_offset 14, -4
  25:stepper.c     ****     Timer_1_ReadStatusRegister(); // Ryd interrupt-flag
  36              		.loc 1 25 0
  37 0002 FFF7FEFF 		bl	Timer_1_ReadStatusRegister
  38              	.LVL0:
  26:stepper.c     **** 
  27:stepper.c     ****     if (stepsRemaining <= 0)
  39              		.loc 1 27 0
  40 0006 0C4B     		ldr	r3, .L5
  41 0008 1B68     		ldr	r3, [r3]
  42 000a 002B     		cmp	r3, #0
  43 000c 05DC     		bgt	.L2
  28:stepper.c     ****     {
  29:stepper.c     ****         Timer_1_Stop();           // Stop timeren naar vi er faerdige
  44              		.loc 1 29 0
  45 000e FFF7FEFF 		bl	Timer_1_Stop
  46              	.LVL1:
  30:stepper.c     ****         currentPosition = targetPosition; // Opdater position, saa vi er "synkroniseret"
  47              		.loc 1 30 0
  48 0012 094B     		ldr	r3, .L5
  49 0014 5A68     		ldr	r2, [r3, #4]
  50 0016 9A60     		str	r2, [r3, #8]
  31:stepper.c     ****         return;
  51              		.loc 1 31 0
  52 0018 08BD     		pop	{r3, pc}
  53              	.L2:
  32:stepper.c     ****     }
  33:stepper.c     **** 
  34:stepper.c     ****     // Send ét STEP-signal (kort puls)
  35:stepper.c     ****     STEP_PIN_STEP;
  54              		.loc 1 35 0
  55 001a 0120     		movs	r0, #1
  56 001c FFF7FEFF 		bl	StepPin_Write
  57              	.LVL2:
  36:stepper.c     ****     CyDelayUs(100);              // Hold puls i 100 mikrosekunder
  58              		.loc 1 36 0
  59 0020 6420     		movs	r0, #100
  60 0022 FFF7FEFF 		bl	CyDelayUs
  61              	.LVL3:
  37:stepper.c     ****     STEP_PIN_RESET;
  62              		.loc 1 37 0
  63 0026 0020     		movs	r0, #0
  64 0028 FFF7FEFF 		bl	StepPin_Write
  65              	.LVL4:
  38:stepper.c     **** 
  39:stepper.c     ****     stepsRemaining--;            // En step er udført
  66              		.loc 1 39 0
  67 002c 024A     		ldr	r2, .L5
  68 002e 1368     		ldr	r3, [r2]
  69 0030 013B     		subs	r3, r3, #1
  70 0032 1360     		str	r3, [r2]
  71 0034 08BD     		pop	{r3, pc}
  72              	.L6:
  73 0036 00BF     		.align	2
  74              	.L5:
  75 0038 00000000 		.word	.LANCHOR0
ARM GAS  C:\Users\peter\AppData\Local\Temp\ccrFgwng.s 			page 3


  76              		.cfi_endproc
  77              	.LFE63:
  78              		.size	Timer_ISR_Handler, .-Timer_ISR_Handler
  79              		.section	.text.GoToPosition,"ax",%progbits
  80              		.align	2
  81              		.global	GoToPosition
  82              		.thumb
  83              		.thumb_func
  84              		.type	GoToPosition, %function
  85              	GoToPosition:
  86              	.LFB64:
  40:stepper.c     **** }
  41:stepper.c     **** 
  42:stepper.c     **** // === Starter en ny bevægelse til en ønsket logisk position ===
  43:stepper.c     **** void GoToPosition(int newTarget)
  44:stepper.c     **** {
  87              		.loc 1 44 0
  88              		.cfi_startproc
  89              		@ args = 0, pretend = 0, frame = 0
  90              		@ frame_needed = 0, uses_anonymous_args = 0
  91              	.LVL5:
  92 0000 08B5     		push	{r3, lr}
  93              		.cfi_def_cfa_offset 8
  94              		.cfi_offset 3, -8
  95              		.cfi_offset 14, -4
  45:stepper.c     ****     // Begræns målpositionen til inden for gyldigt område
  46:stepper.c     ****     if (newTarget > MAX_POSITION)
  96              		.loc 1 46 0
  97 0002 6428     		cmp	r0, #100
  98 0004 00DD     		ble	.L8
  47:stepper.c     ****         newTarget = MAX_POSITION;
  99              		.loc 1 47 0
 100 0006 6420     		movs	r0, #100
 101              	.LVL6:
 102              	.L8:
  48:stepper.c     ****     if (newTarget < MIN_POSITION)
 103              		.loc 1 48 0
 104 0008 10F1640F 		cmn	r0, #100
 105 000c 01DA     		bge	.L9
  49:stepper.c     ****         newTarget = MIN_POSITION;
 106              		.loc 1 49 0
 107 000e 6FF06300 		mvn	r0, #99
 108              	.LVL7:
 109              	.L9:
  50:stepper.c     **** 
  51:stepper.c     ****     // Udregn antal steps der skal til for at nå målet
  52:stepper.c     ****     int stepsToTarget = newTarget - currentPosition;
 110              		.loc 1 52 0
 111 0012 124B     		ldr	r3, .L16
 112 0014 9B68     		ldr	r3, [r3, #8]
 113              	.LVL8:
  53:stepper.c     **** 
  54:stepper.c     ****     if (stepsToTarget == 0)
 114              		.loc 1 54 0
 115 0016 C31A     		subs	r3, r0, r3
 116              	.LVL9:
 117 0018 1FD0     		beq	.L7
ARM GAS  C:\Users\peter\AppData\Local\Temp\ccrFgwng.s 			page 4


  55:stepper.c     ****         return; // Allerede ved målet
  56:stepper.c     **** 
  57:stepper.c     ****     // Bestem retning og antal steps der skal køres
  58:stepper.c     ****     direction = (stepsToTarget > 0) ? 1 : 0;
 118              		.loc 1 58 0
 119 001a 002B     		cmp	r3, #0
 120 001c D4BF     		ite	le
 121 001e 0021     		movle	r1, #0
 122 0020 0121     		movgt	r1, #1
 123 0022 0F4A     		ldr	r2, .L16+4
 124 0024 1160     		str	r1, [r2]
  59:stepper.c     ****     stepsRemaining = abs(stepsToTarget); // 1 logisk enhed = 1 step
 125              		.loc 1 59 0
 126 0026 002B     		cmp	r3, #0
 127 0028 B8BF     		it	lt
 128 002a 5B42     		rsblt	r3, r3, #0
 129              	.LVL10:
 130 002c 0B49     		ldr	r1, .L16
 131 002e 0B60     		str	r3, [r1]
  60:stepper.c     **** 
  61:stepper.c     ****     targetPosition = newTarget; // Gem ønsket målposition
 132              		.loc 1 61 0
 133 0030 4860     		str	r0, [r1, #4]
  62:stepper.c     **** 
  63:stepper.c     ****     // Sæt DIR-pin afhængigt af retning
  64:stepper.c     ****     if (direction > 0)
 134              		.loc 1 64 0
 135 0032 1368     		ldr	r3, [r2]
 136 0034 002B     		cmp	r3, #0
 137 0036 03DD     		ble	.L11
  65:stepper.c     ****         DIR_PIN_FORWARD;
 138              		.loc 1 65 0
 139 0038 0120     		movs	r0, #1
 140              	.LVL11:
 141 003a FFF7FEFF 		bl	DirPin_Write
 142              	.LVL12:
 143 003e 02E0     		b	.L12
 144              	.LVL13:
 145              	.L11:
  66:stepper.c     ****     else
  67:stepper.c     ****         DIR_PIN_BACKWARD;
 146              		.loc 1 67 0
 147 0040 0020     		movs	r0, #0
 148              	.LVL14:
 149 0042 FFF7FEFF 		bl	DirPin_Write
 150              	.LVL15:
 151              	.L12:
  68:stepper.c     **** 
  69:stepper.c     ****     // Klargør og start timeren til at udløse step-pulser
  70:stepper.c     ****     Timer_1_Stop();
 152              		.loc 1 70 0
 153 0046 FFF7FEFF 		bl	Timer_1_Stop
 154              	.LVL16:
  71:stepper.c     ****     Timer_1_WritePeriod(DEFAULT_TIMER_PERIOD); // Lavere værdi = hurtigere bevægelse
 155              		.loc 1 71 0
 156 004a C820     		movs	r0, #200
 157 004c FFF7FEFF 		bl	Timer_1_WritePeriod
ARM GAS  C:\Users\peter\AppData\Local\Temp\ccrFgwng.s 			page 5


 158              	.LVL17:
  72:stepper.c     ****     Timer_1_WriteCounter(0);
 159              		.loc 1 72 0
 160 0050 0020     		movs	r0, #0
 161 0052 FFF7FEFF 		bl	Timer_1_WriteCounter
 162              	.LVL18:
  73:stepper.c     ****     Timer_1_Start();
 163              		.loc 1 73 0
 164 0056 FFF7FEFF 		bl	Timer_1_Start
 165              	.LVL19:
 166              	.L7:
 167 005a 08BD     		pop	{r3, pc}
 168              	.L17:
 169              		.align	2
 170              	.L16:
 171 005c 00000000 		.word	.LANCHOR0
 172 0060 00000000 		.word	.LANCHOR1
 173              		.cfi_endproc
 174              	.LFE64:
 175              		.size	GoToPosition, .-GoToPosition
 176              		.global	direction
 177              		.global	stepsRemaining
 178              		.global	targetPosition
 179              		.global	currentPosition
 180              		.data
 181              		.align	2
 182              		.set	.LANCHOR1,. + 0
 183              		.type	direction, %object
 184              		.size	direction, 4
 185              	direction:
 186 0000 01000000 		.word	1
 187              		.bss
 188              		.align	2
 189              		.set	.LANCHOR0,. + 0
 190              		.type	stepsRemaining, %object
 191              		.size	stepsRemaining, 4
 192              	stepsRemaining:
 193 0000 00000000 		.space	4
 194              		.type	targetPosition, %object
 195              		.size	targetPosition, 4
 196              	targetPosition:
 197 0004 00000000 		.space	4
 198              		.type	currentPosition, %object
 199              		.size	currentPosition, 4
 200              	currentPosition:
 201 0008 00000000 		.space	4
 202              		.text
 203              	.Letext0:
 204              		.file 2 "c:\\program files (x86)\\cypress\\psoc creator\\4.4\\psoc creator\\import\\gnu\\arm\\5.4.
 205              		.file 3 "c:\\program files (x86)\\cypress\\psoc creator\\4.4\\psoc creator\\import\\gnu\\arm\\5.4.
 206              		.file 4 "Generated_Source\\PSoC5/core_cm3.h"
 207              		.file 5 "Generated_Source\\PSoC5/Timer_1.h"
 208              		.file 6 "Generated_Source\\PSoC5/StepPin.h"
 209              		.file 7 "Generated_Source\\PSoC5/CyLib.h"
 210              		.file 8 "Generated_Source\\PSoC5/DirPin.h"
 211              		.section	.debug_info,"",%progbits
 212              	.Ldebug_info0:
ARM GAS  C:\Users\peter\AppData\Local\Temp\ccrFgwng.s 			page 6


 213 0000 44020000 		.4byte	0x244
 214 0004 0400     		.2byte	0x4
 215 0006 00000000 		.4byte	.Ldebug_abbrev0
 216 000a 04       		.byte	0x4
 217 000b 01       		.uleb128 0x1
 218 000c FB000000 		.4byte	.LASF31
 219 0010 0C       		.byte	0xc
 220 0011 BA020000 		.4byte	.LASF32
 221 0015 6C000000 		.4byte	.LASF33
 222 0019 00000000 		.4byte	.Ldebug_ranges0+0
 223 001d 00000000 		.4byte	0
 224 0021 00000000 		.4byte	.Ldebug_line0
 225 0025 02       		.uleb128 0x2
 226 0026 01       		.byte	0x1
 227 0027 06       		.byte	0x6
 228 0028 E1000000 		.4byte	.LASF0
 229 002c 02       		.uleb128 0x2
 230 002d 01       		.byte	0x1
 231 002e 08       		.byte	0x8
 232 002f ED000000 		.4byte	.LASF1
 233 0033 02       		.uleb128 0x2
 234 0034 02       		.byte	0x2
 235 0035 05       		.byte	0x5
 236 0036 38020000 		.4byte	.LASF2
 237 003a 02       		.uleb128 0x2
 238 003b 02       		.byte	0x2
 239 003c 07       		.byte	0x7
 240 003d 9B010000 		.4byte	.LASF3
 241 0041 03       		.uleb128 0x3
 242 0042 40000000 		.4byte	.LASF9
 243 0046 02       		.byte	0x2
 244 0047 3F       		.byte	0x3f
 245 0048 4C000000 		.4byte	0x4c
 246 004c 02       		.uleb128 0x2
 247 004d 04       		.byte	0x4
 248 004e 05       		.byte	0x5
 249 004f 6C020000 		.4byte	.LASF4
 250 0053 02       		.uleb128 0x2
 251 0054 04       		.byte	0x4
 252 0055 07       		.byte	0x7
 253 0056 89010000 		.4byte	.LASF5
 254 005a 02       		.uleb128 0x2
 255 005b 08       		.byte	0x8
 256 005c 05       		.byte	0x5
 257 005d 25020000 		.4byte	.LASF6
 258 0061 02       		.uleb128 0x2
 259 0062 08       		.byte	0x8
 260 0063 07       		.byte	0x7
 261 0064 D9010000 		.4byte	.LASF7
 262 0068 04       		.uleb128 0x4
 263 0069 04       		.byte	0x4
 264 006a 05       		.byte	0x5
 265 006b 696E7400 		.ascii	"int\000"
 266 006f 02       		.uleb128 0x2
 267 0070 04       		.byte	0x4
 268 0071 07       		.byte	0x7
 269 0072 CC010000 		.4byte	.LASF8
ARM GAS  C:\Users\peter\AppData\Local\Temp\ccrFgwng.s 			page 7


 270 0076 03       		.uleb128 0x3
 271 0077 05020000 		.4byte	.LASF10
 272 007b 03       		.byte	0x3
 273 007c 2C       		.byte	0x2c
 274 007d 41000000 		.4byte	0x41
 275 0081 02       		.uleb128 0x2
 276 0082 04       		.byte	0x4
 277 0083 04       		.byte	0x4
 278 0084 DB000000 		.4byte	.LASF11
 279 0088 02       		.uleb128 0x2
 280 0089 08       		.byte	0x8
 281 008a 04       		.byte	0x4
 282 008b BB010000 		.4byte	.LASF12
 283 008f 02       		.uleb128 0x2
 284 0090 01       		.byte	0x1
 285 0091 08       		.byte	0x8
 286 0092 33020000 		.4byte	.LASF13
 287 0096 02       		.uleb128 0x2
 288 0097 08       		.byte	0x8
 289 0098 04       		.byte	0x4
 290 0099 82020000 		.4byte	.LASF14
 291 009d 02       		.uleb128 0x2
 292 009e 04       		.byte	0x4
 293 009f 07       		.byte	0x7
 294 00a0 0D020000 		.4byte	.LASF15
 295 00a4 05       		.uleb128 0x5
 296 00a5 A8020000 		.4byte	.LASF16
 297 00a9 01       		.byte	0x1
 298 00aa 17       		.byte	0x17
 299 00ab 00000000 		.4byte	.LFB63
 300 00af 3C000000 		.4byte	.LFE63-.LFB63
 301 00b3 01       		.uleb128 0x1
 302 00b4 9C       		.byte	0x9c
 303 00b5 02010000 		.4byte	0x102
 304 00b9 06       		.uleb128 0x6
 305 00ba 06000000 		.4byte	.LVL0
 306 00be EF010000 		.4byte	0x1ef
 307 00c2 06       		.uleb128 0x6
 308 00c3 12000000 		.4byte	.LVL1
 309 00c7 FA010000 		.4byte	0x1fa
 310 00cb 07       		.uleb128 0x7
 311 00cc 20000000 		.4byte	.LVL2
 312 00d0 05020000 		.4byte	0x205
 313 00d4 DE000000 		.4byte	0xde
 314 00d8 08       		.uleb128 0x8
 315 00d9 01       		.uleb128 0x1
 316 00da 50       		.byte	0x50
 317 00db 01       		.uleb128 0x1
 318 00dc 31       		.byte	0x31
 319 00dd 00       		.byte	0
 320 00de 07       		.uleb128 0x7
 321 00df 26000000 		.4byte	.LVL3
 322 00e3 10020000 		.4byte	0x210
 323 00e7 F2000000 		.4byte	0xf2
 324 00eb 08       		.uleb128 0x8
 325 00ec 01       		.uleb128 0x1
 326 00ed 50       		.byte	0x50
ARM GAS  C:\Users\peter\AppData\Local\Temp\ccrFgwng.s 			page 8


 327 00ee 02       		.uleb128 0x2
 328 00ef 08       		.byte	0x8
 329 00f0 64       		.byte	0x64
 330 00f1 00       		.byte	0
 331 00f2 09       		.uleb128 0x9
 332 00f3 2C000000 		.4byte	.LVL4
 333 00f7 05020000 		.4byte	0x205
 334 00fb 08       		.uleb128 0x8
 335 00fc 01       		.uleb128 0x1
 336 00fd 50       		.byte	0x50
 337 00fe 01       		.uleb128 0x1
 338 00ff 30       		.byte	0x30
 339 0100 00       		.byte	0
 340 0101 00       		.byte	0
 341 0102 05       		.uleb128 0x5
 342 0103 75020000 		.4byte	.LASF17
 343 0107 01       		.byte	0x1
 344 0108 2B       		.byte	0x2b
 345 0109 00000000 		.4byte	.LFB64
 346 010d 64000000 		.4byte	.LFE64-.LFB64
 347 0111 01       		.uleb128 0x1
 348 0112 9C       		.byte	0x9c
 349 0113 95010000 		.4byte	0x195
 350 0117 0A       		.uleb128 0xa
 351 0118 4A000000 		.4byte	.LASF34
 352 011c 01       		.byte	0x1
 353 011d 2B       		.byte	0x2b
 354 011e 68000000 		.4byte	0x68
 355 0122 00000000 		.4byte	.LLST0
 356 0126 0B       		.uleb128 0xb
 357 0127 0E000000 		.4byte	.LASF35
 358 012b 01       		.byte	0x1
 359 012c 34       		.byte	0x34
 360 012d 68000000 		.4byte	0x68
 361 0131 47000000 		.4byte	.LLST1
 362 0135 07       		.uleb128 0x7
 363 0136 3E000000 		.4byte	.LVL12
 364 013a 1B020000 		.4byte	0x21b
 365 013e 48010000 		.4byte	0x148
 366 0142 08       		.uleb128 0x8
 367 0143 01       		.uleb128 0x1
 368 0144 50       		.byte	0x50
 369 0145 01       		.uleb128 0x1
 370 0146 31       		.byte	0x31
 371 0147 00       		.byte	0
 372 0148 07       		.uleb128 0x7
 373 0149 46000000 		.4byte	.LVL15
 374 014d 1B020000 		.4byte	0x21b
 375 0151 5B010000 		.4byte	0x15b
 376 0155 08       		.uleb128 0x8
 377 0156 01       		.uleb128 0x1
 378 0157 50       		.byte	0x50
 379 0158 01       		.uleb128 0x1
 380 0159 30       		.byte	0x30
 381 015a 00       		.byte	0
 382 015b 06       		.uleb128 0x6
 383 015c 4A000000 		.4byte	.LVL16
ARM GAS  C:\Users\peter\AppData\Local\Temp\ccrFgwng.s 			page 9


 384 0160 FA010000 		.4byte	0x1fa
 385 0164 07       		.uleb128 0x7
 386 0165 50000000 		.4byte	.LVL17
 387 0169 26020000 		.4byte	0x226
 388 016d 78010000 		.4byte	0x178
 389 0171 08       		.uleb128 0x8
 390 0172 01       		.uleb128 0x1
 391 0173 50       		.byte	0x50
 392 0174 02       		.uleb128 0x2
 393 0175 09       		.byte	0x9
 394 0176 C8       		.byte	0xc8
 395 0177 00       		.byte	0
 396 0178 07       		.uleb128 0x7
 397 0179 56000000 		.4byte	.LVL18
 398 017d 31020000 		.4byte	0x231
 399 0181 8B010000 		.4byte	0x18b
 400 0185 08       		.uleb128 0x8
 401 0186 01       		.uleb128 0x1
 402 0187 50       		.byte	0x50
 403 0188 01       		.uleb128 0x1
 404 0189 30       		.byte	0x30
 405 018a 00       		.byte	0
 406 018b 06       		.uleb128 0x6
 407 018c 5A000000 		.4byte	.LVL19
 408 0190 3C020000 		.4byte	0x23c
 409 0194 00       		.byte	0
 410 0195 0C       		.uleb128 0xc
 411 0196 AE010000 		.4byte	.LASF18
 412 019a 04       		.byte	0x4
 413 019b 1207     		.2byte	0x712
 414 019d A1010000 		.4byte	0x1a1
 415 01a1 0D       		.uleb128 0xd
 416 01a2 76000000 		.4byte	0x76
 417 01a6 0E       		.uleb128 0xe
 418 01a7 1C000000 		.4byte	.LASF19
 419 01ab 01       		.byte	0x1
 420 01ac 11       		.byte	0x11
 421 01ad B7010000 		.4byte	0x1b7
 422 01b1 05       		.uleb128 0x5
 423 01b2 03       		.byte	0x3
 424 01b3 00000000 		.4byte	currentPosition
 425 01b7 0D       		.uleb128 0xd
 426 01b8 68000000 		.4byte	0x68
 427 01bc 0E       		.uleb128 0xe
 428 01bd 16020000 		.4byte	.LASF20
 429 01c1 01       		.byte	0x1
 430 01c2 12       		.byte	0x12
 431 01c3 B7010000 		.4byte	0x1b7
 432 01c7 05       		.uleb128 0x5
 433 01c8 03       		.byte	0x3
 434 01c9 00000000 		.4byte	targetPosition
 435 01cd 0E       		.uleb128 0xe
 436 01ce 42020000 		.4byte	.LASF21
 437 01d2 01       		.byte	0x1
 438 01d3 13       		.byte	0x13
 439 01d4 B7010000 		.4byte	0x1b7
 440 01d8 05       		.uleb128 0x5
ARM GAS  C:\Users\peter\AppData\Local\Temp\ccrFgwng.s 			page 10


 441 01d9 03       		.byte	0x3
 442 01da 00000000 		.4byte	stepsRemaining
 443 01de 0E       		.uleb128 0xe
 444 01df 54000000 		.4byte	.LASF22
 445 01e3 01       		.byte	0x1
 446 01e4 14       		.byte	0x14
 447 01e5 B7010000 		.4byte	0x1b7
 448 01e9 05       		.uleb128 0x5
 449 01ea 03       		.byte	0x3
 450 01eb 00000000 		.4byte	direction
 451 01ef 0F       		.uleb128 0xf
 452 01f0 51020000 		.4byte	.LASF23
 453 01f4 51020000 		.4byte	.LASF23
 454 01f8 05       		.byte	0x5
 455 01f9 5E       		.byte	0x5e
 456 01fa 0F       		.uleb128 0xf
 457 01fb 9B020000 		.4byte	.LASF24
 458 01ff 9B020000 		.4byte	.LASF24
 459 0203 05       		.byte	0x5
 460 0204 5B       		.byte	0x5b
 461 0205 0F       		.uleb128 0xf
 462 0206 5E000000 		.4byte	.LASF25
 463 020a 5E000000 		.4byte	.LASF25
 464 020e 06       		.byte	0x6
 465 020f 26       		.byte	0x26
 466 0210 0F       		.uleb128 0xf
 467 0211 C2010000 		.4byte	.LASF26
 468 0215 C2010000 		.4byte	.LASF26
 469 0219 07       		.byte	0x7
 470 021a 77       		.byte	0x77
 471 021b 0F       		.uleb128 0xf
 472 021c 8E020000 		.4byte	.LASF27
 473 0220 8E020000 		.4byte	.LASF27
 474 0224 08       		.byte	0x8
 475 0225 26       		.byte	0x26
 476 0226 0F       		.uleb128 0xf
 477 0227 2C000000 		.4byte	.LASF28
 478 022b 2C000000 		.4byte	.LASF28
 479 022f 05       		.byte	0x5
 480 0230 68       		.byte	0x68
 481 0231 0F       		.uleb128 0xf
 482 0232 F0010000 		.4byte	.LASF29
 483 0236 F0010000 		.4byte	.LASF29
 484 023a 05       		.byte	0x5
 485 023b 6A       		.byte	0x6a
 486 023c 0F       		.uleb128 0xf
 487 023d 00000000 		.4byte	.LASF30
 488 0241 00000000 		.4byte	.LASF30
 489 0245 05       		.byte	0x5
 490 0246 5A       		.byte	0x5a
 491 0247 00       		.byte	0
 492              		.section	.debug_abbrev,"",%progbits
 493              	.Ldebug_abbrev0:
 494 0000 01       		.uleb128 0x1
 495 0001 11       		.uleb128 0x11
 496 0002 01       		.byte	0x1
 497 0003 25       		.uleb128 0x25
ARM GAS  C:\Users\peter\AppData\Local\Temp\ccrFgwng.s 			page 11


 498 0004 0E       		.uleb128 0xe
 499 0005 13       		.uleb128 0x13
 500 0006 0B       		.uleb128 0xb
 501 0007 03       		.uleb128 0x3
 502 0008 0E       		.uleb128 0xe
 503 0009 1B       		.uleb128 0x1b
 504 000a 0E       		.uleb128 0xe
 505 000b 55       		.uleb128 0x55
 506 000c 17       		.uleb128 0x17
 507 000d 11       		.uleb128 0x11
 508 000e 01       		.uleb128 0x1
 509 000f 10       		.uleb128 0x10
 510 0010 17       		.uleb128 0x17
 511 0011 00       		.byte	0
 512 0012 00       		.byte	0
 513 0013 02       		.uleb128 0x2
 514 0014 24       		.uleb128 0x24
 515 0015 00       		.byte	0
 516 0016 0B       		.uleb128 0xb
 517 0017 0B       		.uleb128 0xb
 518 0018 3E       		.uleb128 0x3e
 519 0019 0B       		.uleb128 0xb
 520 001a 03       		.uleb128 0x3
 521 001b 0E       		.uleb128 0xe
 522 001c 00       		.byte	0
 523 001d 00       		.byte	0
 524 001e 03       		.uleb128 0x3
 525 001f 16       		.uleb128 0x16
 526 0020 00       		.byte	0
 527 0021 03       		.uleb128 0x3
 528 0022 0E       		.uleb128 0xe
 529 0023 3A       		.uleb128 0x3a
 530 0024 0B       		.uleb128 0xb
 531 0025 3B       		.uleb128 0x3b
 532 0026 0B       		.uleb128 0xb
 533 0027 49       		.uleb128 0x49
 534 0028 13       		.uleb128 0x13
 535 0029 00       		.byte	0
 536 002a 00       		.byte	0
 537 002b 04       		.uleb128 0x4
 538 002c 24       		.uleb128 0x24
 539 002d 00       		.byte	0
 540 002e 0B       		.uleb128 0xb
 541 002f 0B       		.uleb128 0xb
 542 0030 3E       		.uleb128 0x3e
 543 0031 0B       		.uleb128 0xb
 544 0032 03       		.uleb128 0x3
 545 0033 08       		.uleb128 0x8
 546 0034 00       		.byte	0
 547 0035 00       		.byte	0
 548 0036 05       		.uleb128 0x5
 549 0037 2E       		.uleb128 0x2e
 550 0038 01       		.byte	0x1
 551 0039 3F       		.uleb128 0x3f
 552 003a 19       		.uleb128 0x19
 553 003b 03       		.uleb128 0x3
 554 003c 0E       		.uleb128 0xe
ARM GAS  C:\Users\peter\AppData\Local\Temp\ccrFgwng.s 			page 12


 555 003d 3A       		.uleb128 0x3a
 556 003e 0B       		.uleb128 0xb
 557 003f 3B       		.uleb128 0x3b
 558 0040 0B       		.uleb128 0xb
 559 0041 27       		.uleb128 0x27
 560 0042 19       		.uleb128 0x19
 561 0043 11       		.uleb128 0x11
 562 0044 01       		.uleb128 0x1
 563 0045 12       		.uleb128 0x12
 564 0046 06       		.uleb128 0x6
 565 0047 40       		.uleb128 0x40
 566 0048 18       		.uleb128 0x18
 567 0049 9742     		.uleb128 0x2117
 568 004b 19       		.uleb128 0x19
 569 004c 01       		.uleb128 0x1
 570 004d 13       		.uleb128 0x13
 571 004e 00       		.byte	0
 572 004f 00       		.byte	0
 573 0050 06       		.uleb128 0x6
 574 0051 898201   		.uleb128 0x4109
 575 0054 00       		.byte	0
 576 0055 11       		.uleb128 0x11
 577 0056 01       		.uleb128 0x1
 578 0057 31       		.uleb128 0x31
 579 0058 13       		.uleb128 0x13
 580 0059 00       		.byte	0
 581 005a 00       		.byte	0
 582 005b 07       		.uleb128 0x7
 583 005c 898201   		.uleb128 0x4109
 584 005f 01       		.byte	0x1
 585 0060 11       		.uleb128 0x11
 586 0061 01       		.uleb128 0x1
 587 0062 31       		.uleb128 0x31
 588 0063 13       		.uleb128 0x13
 589 0064 01       		.uleb128 0x1
 590 0065 13       		.uleb128 0x13
 591 0066 00       		.byte	0
 592 0067 00       		.byte	0
 593 0068 08       		.uleb128 0x8
 594 0069 8A8201   		.uleb128 0x410a
 595 006c 00       		.byte	0
 596 006d 02       		.uleb128 0x2
 597 006e 18       		.uleb128 0x18
 598 006f 9142     		.uleb128 0x2111
 599 0071 18       		.uleb128 0x18
 600 0072 00       		.byte	0
 601 0073 00       		.byte	0
 602 0074 09       		.uleb128 0x9
 603 0075 898201   		.uleb128 0x4109
 604 0078 01       		.byte	0x1
 605 0079 11       		.uleb128 0x11
 606 007a 01       		.uleb128 0x1
 607 007b 31       		.uleb128 0x31
 608 007c 13       		.uleb128 0x13
 609 007d 00       		.byte	0
 610 007e 00       		.byte	0
 611 007f 0A       		.uleb128 0xa
ARM GAS  C:\Users\peter\AppData\Local\Temp\ccrFgwng.s 			page 13


 612 0080 05       		.uleb128 0x5
 613 0081 00       		.byte	0
 614 0082 03       		.uleb128 0x3
 615 0083 0E       		.uleb128 0xe
 616 0084 3A       		.uleb128 0x3a
 617 0085 0B       		.uleb128 0xb
 618 0086 3B       		.uleb128 0x3b
 619 0087 0B       		.uleb128 0xb
 620 0088 49       		.uleb128 0x49
 621 0089 13       		.uleb128 0x13
 622 008a 02       		.uleb128 0x2
 623 008b 17       		.uleb128 0x17
 624 008c 00       		.byte	0
 625 008d 00       		.byte	0
 626 008e 0B       		.uleb128 0xb
 627 008f 34       		.uleb128 0x34
 628 0090 00       		.byte	0
 629 0091 03       		.uleb128 0x3
 630 0092 0E       		.uleb128 0xe
 631 0093 3A       		.uleb128 0x3a
 632 0094 0B       		.uleb128 0xb
 633 0095 3B       		.uleb128 0x3b
 634 0096 0B       		.uleb128 0xb
 635 0097 49       		.uleb128 0x49
 636 0098 13       		.uleb128 0x13
 637 0099 02       		.uleb128 0x2
 638 009a 17       		.uleb128 0x17
 639 009b 00       		.byte	0
 640 009c 00       		.byte	0
 641 009d 0C       		.uleb128 0xc
 642 009e 34       		.uleb128 0x34
 643 009f 00       		.byte	0
 644 00a0 03       		.uleb128 0x3
 645 00a1 0E       		.uleb128 0xe
 646 00a2 3A       		.uleb128 0x3a
 647 00a3 0B       		.uleb128 0xb
 648 00a4 3B       		.uleb128 0x3b
 649 00a5 05       		.uleb128 0x5
 650 00a6 49       		.uleb128 0x49
 651 00a7 13       		.uleb128 0x13
 652 00a8 3F       		.uleb128 0x3f
 653 00a9 19       		.uleb128 0x19
 654 00aa 3C       		.uleb128 0x3c
 655 00ab 19       		.uleb128 0x19
 656 00ac 00       		.byte	0
 657 00ad 00       		.byte	0
 658 00ae 0D       		.uleb128 0xd
 659 00af 35       		.uleb128 0x35
 660 00b0 00       		.byte	0
 661 00b1 49       		.uleb128 0x49
 662 00b2 13       		.uleb128 0x13
 663 00b3 00       		.byte	0
 664 00b4 00       		.byte	0
 665 00b5 0E       		.uleb128 0xe
 666 00b6 34       		.uleb128 0x34
 667 00b7 00       		.byte	0
 668 00b8 03       		.uleb128 0x3
ARM GAS  C:\Users\peter\AppData\Local\Temp\ccrFgwng.s 			page 14


 669 00b9 0E       		.uleb128 0xe
 670 00ba 3A       		.uleb128 0x3a
 671 00bb 0B       		.uleb128 0xb
 672 00bc 3B       		.uleb128 0x3b
 673 00bd 0B       		.uleb128 0xb
 674 00be 49       		.uleb128 0x49
 675 00bf 13       		.uleb128 0x13
 676 00c0 3F       		.uleb128 0x3f
 677 00c1 19       		.uleb128 0x19
 678 00c2 02       		.uleb128 0x2
 679 00c3 18       		.uleb128 0x18
 680 00c4 00       		.byte	0
 681 00c5 00       		.byte	0
 682 00c6 0F       		.uleb128 0xf
 683 00c7 2E       		.uleb128 0x2e
 684 00c8 00       		.byte	0
 685 00c9 3F       		.uleb128 0x3f
 686 00ca 19       		.uleb128 0x19
 687 00cb 3C       		.uleb128 0x3c
 688 00cc 19       		.uleb128 0x19
 689 00cd 6E       		.uleb128 0x6e
 690 00ce 0E       		.uleb128 0xe
 691 00cf 03       		.uleb128 0x3
 692 00d0 0E       		.uleb128 0xe
 693 00d1 3A       		.uleb128 0x3a
 694 00d2 0B       		.uleb128 0xb
 695 00d3 3B       		.uleb128 0x3b
 696 00d4 0B       		.uleb128 0xb
 697 00d5 00       		.byte	0
 698 00d6 00       		.byte	0
 699 00d7 00       		.byte	0
 700              		.section	.debug_loc,"",%progbits
 701              	.Ldebug_loc0:
 702              	.LLST0:
 703 0000 00000000 		.4byte	.LVL5
 704 0004 08000000 		.4byte	.LVL6
 705 0008 0100     		.2byte	0x1
 706 000a 50       		.byte	0x50
 707 000b 08000000 		.4byte	.LVL6
 708 000f 3A000000 		.4byte	.LVL11
 709 0013 0100     		.2byte	0x1
 710 0015 50       		.byte	0x50
 711 0016 3A000000 		.4byte	.LVL11
 712 001a 3D000000 		.4byte	.LVL12-1
 713 001e 0500     		.2byte	0x5
 714 0020 03       		.byte	0x3
 715 0021 00000000 		.4byte	targetPosition
 716 0025 40000000 		.4byte	.LVL13
 717 0029 42000000 		.4byte	.LVL14
 718 002d 0100     		.2byte	0x1
 719 002f 50       		.byte	0x50
 720 0030 42000000 		.4byte	.LVL14
 721 0034 45000000 		.4byte	.LVL15-1
 722 0038 0500     		.2byte	0x5
 723 003a 03       		.byte	0x3
 724 003b 00000000 		.4byte	targetPosition
 725 003f 00000000 		.4byte	0
ARM GAS  C:\Users\peter\AppData\Local\Temp\ccrFgwng.s 			page 15


 726 0043 00000000 		.4byte	0
 727              	.LLST1:
 728 0047 16000000 		.4byte	.LVL8
 729 004b 18000000 		.4byte	.LVL9
 730 004f 0600     		.2byte	0x6
 731 0051 70       		.byte	0x70
 732 0052 00       		.sleb128 0
 733 0053 73       		.byte	0x73
 734 0054 00       		.sleb128 0
 735 0055 1C       		.byte	0x1c
 736 0056 9F       		.byte	0x9f
 737 0057 18000000 		.4byte	.LVL9
 738 005b 2C000000 		.4byte	.LVL10
 739 005f 0100     		.2byte	0x1
 740 0061 53       		.byte	0x53
 741 0062 00000000 		.4byte	0
 742 0066 00000000 		.4byte	0
 743              		.section	.debug_aranges,"",%progbits
 744 0000 24000000 		.4byte	0x24
 745 0004 0200     		.2byte	0x2
 746 0006 00000000 		.4byte	.Ldebug_info0
 747 000a 04       		.byte	0x4
 748 000b 00       		.byte	0
 749 000c 0000     		.2byte	0
 750 000e 0000     		.2byte	0
 751 0010 00000000 		.4byte	.LFB63
 752 0014 3C000000 		.4byte	.LFE63-.LFB63
 753 0018 00000000 		.4byte	.LFB64
 754 001c 64000000 		.4byte	.LFE64-.LFB64
 755 0020 00000000 		.4byte	0
 756 0024 00000000 		.4byte	0
 757              		.section	.debug_ranges,"",%progbits
 758              	.Ldebug_ranges0:
 759 0000 00000000 		.4byte	.LFB63
 760 0004 3C000000 		.4byte	.LFE63
 761 0008 00000000 		.4byte	.LFB64
 762 000c 64000000 		.4byte	.LFE64
 763 0010 00000000 		.4byte	0
 764 0014 00000000 		.4byte	0
 765              		.section	.debug_line,"",%progbits
 766              	.Ldebug_line0:
 767 0000 B0010000 		.section	.debug_str,"MS",%progbits,1
 767      02007301 
 767      00000201 
 767      FB0E0D00 
 767      01010101 
 768              	.LASF30:
 769 0000 54696D65 		.ascii	"Timer_1_Start\000"
 769      725F315F 
 769      53746172 
 769      7400
 770              	.LASF35:
 771 000e 73746570 		.ascii	"stepsToTarget\000"
 771      73546F54 
 771      61726765 
 771      7400
 772              	.LASF19:
ARM GAS  C:\Users\peter\AppData\Local\Temp\ccrFgwng.s 			page 16


 773 001c 63757272 		.ascii	"currentPosition\000"
 773      656E7450 
 773      6F736974 
 773      696F6E00 
 774              	.LASF28:
 775 002c 54696D65 		.ascii	"Timer_1_WritePeriod\000"
 775      725F315F 
 775      57726974 
 775      65506572 
 775      696F6400 
 776              	.LASF9:
 777 0040 5F5F696E 		.ascii	"__int32_t\000"
 777      7433325F 
 777      7400
 778              	.LASF34:
 779 004a 6E657754 		.ascii	"newTarget\000"
 779      61726765 
 779      7400
 780              	.LASF22:
 781 0054 64697265 		.ascii	"direction\000"
 781      6374696F 
 781      6E00
 782              	.LASF25:
 783 005e 53746570 		.ascii	"StepPin_Write\000"
 783      50696E5F 
 783      57726974 
 783      6500
 784              	.LASF33:
 785 006c 433A5C55 		.ascii	"C:\\Users\\peter\\OneDrive - Aarhus universitet\\Do"
 785      73657273 
 785      5C706574 
 785      65725C4F 
 785      6E654472 
 786 009b 6B756D65 		.ascii	"kumenter\\PSoC Creator\\NEW_stepperMotor\\stepper w"
 786      6E746572 
 786      5C50536F 
 786      43204372 
 786      6561746F 
 787 00cb 69746820 		.ascii	"ith timer.cydsn\000"
 787      74696D65 
 787      722E6379 
 787      64736E00 
 788              	.LASF11:
 789 00db 666C6F61 		.ascii	"float\000"
 789      7400
 790              	.LASF0:
 791 00e1 7369676E 		.ascii	"signed char\000"
 791      65642063 
 791      68617200 
 792              	.LASF1:
 793 00ed 756E7369 		.ascii	"unsigned char\000"
 793      676E6564 
 793      20636861 
 793      7200
 794              	.LASF31:
 795 00fb 474E5520 		.ascii	"GNU C11 5.4.1 20160609 (release) [ARM/embedded-5-br"
 795      43313120 
ARM GAS  C:\Users\peter\AppData\Local\Temp\ccrFgwng.s 			page 17


 795      352E342E 
 795      31203230 
 795      31363036 
 796 012e 616E6368 		.ascii	"anch revision 237715] -mcpu=cortex-m3 -mthumb -g -O"
 796      20726576 
 796      6973696F 
 796      6E203233 
 796      37373135 
 797 0161 67202D66 		.ascii	"g -ffunction-sections -ffat-lto-objects\000"
 797      66756E63 
 797      74696F6E 
 797      2D736563 
 797      74696F6E 
 798              	.LASF5:
 799 0189 6C6F6E67 		.ascii	"long unsigned int\000"
 799      20756E73 
 799      69676E65 
 799      6420696E 
 799      7400
 800              	.LASF3:
 801 019b 73686F72 		.ascii	"short unsigned int\000"
 801      7420756E 
 801      7369676E 
 801      65642069 
 801      6E7400
 802              	.LASF18:
 803 01ae 49544D5F 		.ascii	"ITM_RxBuffer\000"
 803      52784275 
 803      66666572 
 803      00
 804              	.LASF12:
 805 01bb 646F7562 		.ascii	"double\000"
 805      6C6500
 806              	.LASF26:
 807 01c2 43794465 		.ascii	"CyDelayUs\000"
 807      6C617955 
 807      7300
 808              	.LASF8:
 809 01cc 756E7369 		.ascii	"unsigned int\000"
 809      676E6564 
 809      20696E74 
 809      00
 810              	.LASF7:
 811 01d9 6C6F6E67 		.ascii	"long long unsigned int\000"
 811      206C6F6E 
 811      6720756E 
 811      7369676E 
 811      65642069 
 812              	.LASF29:
 813 01f0 54696D65 		.ascii	"Timer_1_WriteCounter\000"
 813      725F315F 
 813      57726974 
 813      65436F75 
 813      6E746572 
 814              	.LASF10:
 815 0205 696E7433 		.ascii	"int32_t\000"
 815      325F7400 
ARM GAS  C:\Users\peter\AppData\Local\Temp\ccrFgwng.s 			page 18


 816              	.LASF15:
 817 020d 73697A65 		.ascii	"sizetype\000"
 817      74797065 
 817      00
 818              	.LASF20:
 819 0216 74617267 		.ascii	"targetPosition\000"
 819      6574506F 
 819      73697469 
 819      6F6E00
 820              	.LASF6:
 821 0225 6C6F6E67 		.ascii	"long long int\000"
 821      206C6F6E 
 821      6720696E 
 821      7400
 822              	.LASF13:
 823 0233 63686172 		.ascii	"char\000"
 823      00
 824              	.LASF2:
 825 0238 73686F72 		.ascii	"short int\000"
 825      7420696E 
 825      7400
 826              	.LASF21:
 827 0242 73746570 		.ascii	"stepsRemaining\000"
 827      7352656D 
 827      61696E69 
 827      6E6700
 828              	.LASF23:
 829 0251 54696D65 		.ascii	"Timer_1_ReadStatusRegister\000"
 829      725F315F 
 829      52656164 
 829      53746174 
 829      75735265 
 830              	.LASF4:
 831 026c 6C6F6E67 		.ascii	"long int\000"
 831      20696E74 
 831      00
 832              	.LASF17:
 833 0275 476F546F 		.ascii	"GoToPosition\000"
 833      506F7369 
 833      74696F6E 
 833      00
 834              	.LASF14:
 835 0282 6C6F6E67 		.ascii	"long double\000"
 835      20646F75 
 835      626C6500 
 836              	.LASF27:
 837 028e 44697250 		.ascii	"DirPin_Write\000"
 837      696E5F57 
 837      72697465 
 837      00
 838              	.LASF24:
 839 029b 54696D65 		.ascii	"Timer_1_Stop\000"
 839      725F315F 
 839      53746F70 
 839      00
 840              	.LASF16:
 841 02a8 54696D65 		.ascii	"Timer_ISR_Handler\000"
ARM GAS  C:\Users\peter\AppData\Local\Temp\ccrFgwng.s 			page 19


 841      725F4953 
 841      525F4861 
 841      6E646C65 
 841      7200
 842              	.LASF32:
 843 02ba 73746570 		.ascii	"stepper.c\000"
 843      7065722E 
 843      6300
 844              		.ident	"GCC: (GNU Tools for ARM Embedded Processors) 5.4.1 20160609 (release) [ARM/embedded-5-bran
