Archive member included to satisfy reference by file (symbol)

.\CortexM3\ARM_GCC_541\Debug\Motor_Test.a(CyLib.o)
                              .\CortexM3\ARM_GCC_541\Debug\Cm3Start.o (CyHalt)
.\CortexM3\ARM_GCC_541\Debug\Motor_Test.a(cyPm.o)
                              .\CortexM3\ARM_GCC_541\Debug\Motor_Test.a(CyLib.o) (CyPmReadStatus)
.\CortexM3\ARM_GCC_541\Debug\Motor_Test.a(isr_uart_rx_BT.o)
                              .\CortexM3\ARM_GCC_541\Debug\main.o (isr_uart_rx_BT_StartEx)
.\CortexM3\ARM_GCC_541\Debug\Motor_Test.a(UART_BT.o)
                              .\CortexM3\ARM_GCC_541\Debug\main.o (UART_BT_Start)
.\CortexM3\ARM_GCC_541\Debug\Motor_Test.a(UART_BT_INT.o)
                              .\CortexM3\ARM_GCC_541\Debug\Motor_Test.a(UART_BT.o) (UART_BT_RXISR)
.\CortexM3\ARM_GCC_541\Debug\Motor_Test.a(UART_BT_IntClock.o)
                              .\CortexM3\ARM_GCC_541\Debug\Motor_Test.a(UART_BT.o) (UART_BT_IntClock_Start)
.\CortexM3\ARM_GCC_541\Debug\Motor_Test.a(PWM_B.o)
                              .\CortexM3\ARM_GCC_541\Debug\motor_control.o (PWM_B_WriteCompare1)
.\CortexM3\ARM_GCC_541\Debug\Motor_Test.a(PWM_A.o)
                              .\CortexM3\ARM_GCC_541\Debug\motor_control.o (PWM_A_WriteCompare1)
.\CortexM3\ARM_GCC_541\Debug\Motor_Test.a(UART_PC.o)
                              .\CortexM3\ARM_GCC_541\Debug\main.o (UART_PC_Start)
.\CortexM3\ARM_GCC_541\Debug\Motor_Test.a(UART_PC_IntClock.o)
                              .\CortexM3\ARM_GCC_541\Debug\Motor_Test.a(UART_PC.o) (UART_PC_IntClock_Start)
.\CortexM3\ARM_GCC_541\Debug\Motor_Test.a(Clock_24MHz.o)
                              .\CortexM3\ARM_GCC_541\Debug\distanceSensor.o (Clock_24MHz_Start)
.\CortexM3\ARM_GCC_541\Debug\Motor_Test.a(Trigger.o)
                              .\CortexM3\ARM_GCC_541\Debug\distanceSensor.o (Trigger_Write)
.\CortexM3\ARM_GCC_541\Debug\Motor_Test.a(isr_echo_int.o)
                              .\CortexM3\ARM_GCC_541\Debug\distanceSensor.o (isr_echo_int_Enable)
.\CortexM3\ARM_GCC_541\Debug\Motor_Test.a(Counter.o)
                              .\CortexM3\ARM_GCC_541\Debug\distanceSensor.o (Counter_Enable)
.\CortexM3\ARM_GCC_541\Debug\Motor_Test.a(Counter_Reset.o)
                              .\CortexM3\ARM_GCC_541\Debug\distanceSensor.o (Counter_Reset_Write)
.\CortexM3\ARM_GCC_541\Debug\Motor_Test.a(isr_timer_DS.o)
                              .\CortexM3\ARM_GCC_541\Debug\distanceSensor.o (isr_timer_DS_StartEx)
.\CortexM3\ARM_GCC_541\Debug\Motor_Test.a(Clock_5kHz.o)
                              .\CortexM3\ARM_GCC_541\Debug\distanceSensor.o (Clock_5kHz_Start)
.\CortexM3\ARM_GCC_541\Debug\Motor_Test.a(fireDirPin.o)
                              .\CortexM3\ARM_GCC_541\Debug\firing.o (fireDirPin_Write)
.\CortexM3\ARM_GCC_541\Debug\Motor_Test.a(dialDirPin.o)
                              .\CortexM3\ARM_GCC_541\Debug\stepper.o (dialDirPin_Write)
.\CortexM3\ARM_GCC_541\Debug\Motor_Test.a(dialStepPin.o)
                              .\CortexM3\ARM_GCC_541\Debug\control.o (dialStepPin_Write)
.\CortexM3\ARM_GCC_541\Debug\Motor_Test.a(Timer_Stepper.o)
                              .\CortexM3\ARM_GCC_541\Debug\firing.o (Timer_Stepper_Stop)
.\CortexM3\ARM_GCC_541\Debug\Motor_Test.a(stepper_isr_timer.o)
                              .\CortexM3\ARM_GCC_541\Debug\control.o (stepper_isr_timer_StartEx)
.\CortexM3\ARM_GCC_541\Debug\Motor_Test.a(angleDirPin.o)
                              .\CortexM3\ARM_GCC_541\Debug\stepper.o (angleDirPin_Write)
.\CortexM3\ARM_GCC_541\Debug\Motor_Test.a(angleStepPin.o)
                              .\CortexM3\ARM_GCC_541\Debug\control.o (angleStepPin_Write)
.\CortexM3\ARM_GCC_541\Debug\Motor_Test.a(fireStepPin.o)
                              .\CortexM3\ARM_GCC_541\Debug\firing.o (fireStepPin_Write)
.\CortexM3\ARM_GCC_541\Debug\Motor_Test.a(CyBootAsmGnu.o)
                              .\CortexM3\ARM_GCC_541\Debug\cyfitter_cfg.o (CyDelayCycles)
.\CortexM3\ARM_GCC_541\Debug\Motor_Test.a(CyFlash.o)
                              .\CortexM3\ARM_GCC_541\Debug\Motor_Test.a(cyPm.o) (CyFlash_SetWaitCycles)
.\CortexM3\ARM_GCC_541\Debug\Motor_Test.a(CySpc.o)
                              .\CortexM3\ARM_GCC_541\Debug\Motor_Test.a(CyFlash.o) (CySpcStart)
c:/program files (x86)/cypress/psoc creator/4.2/psoc creator/import/gnu/arm/5.4.1/bin/../lib/gcc/arm-none-eabi/5.4.1/armv7-m\libgcc.a(_arm_addsubdf3.o)
                              .\CortexM3\ARM_GCC_541\Debug\distanceSensor.o (__aeabi_ui2d)
c:/program files (x86)/cypress/psoc creator/4.2/psoc creator/import/gnu/arm/5.4.1/bin/../lib/gcc/arm-none-eabi/5.4.1/armv7-m\libgcc.a(_arm_muldivdf3.o)
                              .\CortexM3\ARM_GCC_541\Debug\distanceSensor.o (__aeabi_dmul)
c:/program files (x86)/cypress/psoc creator/4.2/psoc creator/import/gnu/arm/5.4.1/bin/../lib/gcc/arm-none-eabi/5.4.1/armv7-m\libgcc.a(_arm_cmpdf2.o)
[...]
Memory Configuration

Name             Origin             Length             Attributes
rom              0x00000000         0x00040000         xr
ram              0x1fff8000         0x00010000         xrw
*default*        0x00000000         0xffffffff

Linker script and memory map

LOAD c:/program files (x86)/cypress/psoc creator/4.2/psoc creator/import/gnu/arm/5.4.1/bin/../lib/gcc/arm-none-eabi/5.4.1/armv7-m/crti.o
LOAD c:/program files (x86)/cypress/psoc creator/4.2/psoc creator/import/gnu/arm/5.4.1/bin/../lib/gcc/arm-none-eabi/5.4.1/armv7-m/crtbegin.o
LOAD c:/program files (x86)/cypress/psoc creator/4.2/psoc creator/import/gnu/arm/5.4.1/bin/../lib/gcc/arm-none-eabi/5.4.1/../../../../arm-none-eabi/lib/armv7-m/crt0.o
START GROUP
LOAD .\CortexM3\ARM_GCC_541\Debug\main.o
LOAD .\CortexM3\ARM_GCC_541\Debug\motor_control.o
LOAD .\CortexM3\ARM_GCC_541\Debug\UART_handler.o
LOAD .\CortexM3\ARM_GCC_541\Debug\distanceSensor.o
LOAD .\CortexM3\ARM_GCC_541\Debug\firing.o
LOAD .\CortexM3\ARM_GCC_541\Debug\control.o
LOAD .\CortexM3\ARM_GCC_541\Debug\stepper.o
LOAD .\CortexM3\ARM_GCC_541\Debug\cyfitter_cfg.o
LOAD .\CortexM3\ARM_GCC_541\Debug\cymetadata.o
LOAD .\CortexM3\ARM_GCC_541\Debug\Cm3Start.o
LOAD .\CortexM3\ARM_GCC_541\Debug\Motor_Test.a
LOAD C:\Program Files (x86)\Cypress\PSoC Creator\4.2\PSoC Creator\psoc\content\cycomponentlibrary\CyComponentLibrary.cylib\CortexM3\ARM_GCC_541\Debug\CyComponentLibrary.a
END GROUP
START GROUP
LOAD c:/program files (x86)/cypress/psoc creator/4.2/psoc creator/import/gnu/arm/5.4.1/bin/../lib/gcc/arm-none-eabi/5.4.1/armv7-m\libgcc.a
LOAD c:/program files (x86)/cypress/psoc creator/4.2/psoc creator/import/gnu/arm/5.4.1/bin/../lib/gcc/arm-none-eabi/5.4.1/../../../../arm-none-eabi/lib/armv7-m\libg_nano.a
LOAD c:/program files (x86)/cypress/psoc creator/4.2/psoc creator/import/gnu/arm/5.4.1/bin/../lib/gcc/arm-none-eabi/5.4.1/../../../../arm-none-eabi/lib/armv7-m\libc_nano.a
END GROUP
START GROUP
LOAD c:/program files (x86)/cypress/psoc creator/4.2/psoc creator/import/gnu/arm/5.4.1/bin/../lib/gcc/arm-none-eabi/5.4.1/armv7-m\libgcc.a
LOAD c:/program files (x86)/cypress/psoc creator/4.2/psoc creator/import/gnu/arm/5.4.1/bin/../lib/gcc/arm-none-eabi/5.4.1/../../../../arm-none-eabi/lib/armv7-m\libc_nano.a
END GROUP
LOAD c:/program files (x86)/cypress/psoc creator/4.2/psoc creator/import/gnu/arm/5.4.1/bin/../lib/gcc/arm-none-eabi/5.4.1/armv7-m/crtend.o
LOAD c:/program files (x86)/cypress/psoc creator/4.2/psoc creator/import/gnu/arm/5.4.1/bin/../lib/gcc/arm-none-eabi/5.4.1/armv7-m/crtn.o
START GROUP
LOAD c:/program files (x86)/cypress/psoc creator/4.2/psoc creator/import/gnu/arm/5.4.1/bin/../lib/gcc/arm-none-eabi/5.4.1/armv7-m\libgcc.a
LOAD c:/program files (x86)/cypress/psoc creator/4.2/psoc creator/import/gnu/arm/5.4.1/bin/../lib/gcc/arm-none-eabi/5.4.1/../../../../arm-none-eabi/lib/armv7-m\libc.a
LOAD c:/program files (x86)/cypress/psoc creator/4.2/psoc creator/import/gnu/arm/5.4.1/bin/../lib/gcc/arm-none-eabi/5.4.1/../../../../arm-none-eabi/lib/armv7-m\libnosys.a
END GROUP
                0x00000000                CY_APPL_ORIGIN = 0x0
                0x00000100                CY_FLASH_ROW_SIZE = 0x100
                0x00000020                CY_ECC_ROW_SIZE = 0x20
                0x00000000                CY_EE_IN_BTLDR = 0x0
                0x00000000                CY_APPL_LOADABLE = 0x0
                0x00000800                CY_EE_SIZE = 0x800
                0x00000001                CY_APPL_NUM = 0x1
                0x00000001                CY_APPL_MAX = 0x1
                0x00000040                CY_METADATA_SIZE = 0x40
                0x00000000                CY_APPL_LOADABLE = 0x0
                0x00000000                CY_CHECKSUM_EXCLUDE_SIZE = ALIGN (0x0, CY_FLASH_ROW_SIZE)
                [!provide]                PROVIDE (__cy_heap_start, _end)
                0x00000001                PROVIDE (__cy_region_num, ((__cy_regions_end - __cy_regions) / 0x10))
                0x20008000                PROVIDE (__cy_stack, (ORIGIN (ram) + LENGTH (ram)))
                [!provide]                PROVIDE (__cy_heap_end, (__cy_stack - 0x800))

.cybootloader   0x00000000        0x0
 *(.cybootloader)
                0x00000000                appl1_start = CY_APPL_ORIGIN?CY_APPL_ORIGIN:ALIGN (CY_FLASH_ROW_SIZE)
                0x0001ff00                appl2_start = (appl1_start + ALIGN ((((LENGTH (rom) - appl1_start) - (0x2 * CY_FLASH_ROW_SIZE)) / 0x2), CY_FLASH_ROW_SIZE))
                0x00000000                appl_start = (CY_APPL_NUM == 0x1)?appl1_start:appl2_start
                0x00000000                ecc_offset = ((appl_start / CY_FLASH_ROW_SIZE) * CY_ECC_ROW_SIZE)
                0x00000000                ee_offset = (CY_APPL_LOADABLE && ! (CY_EE_IN_BTLDR))?((CY_EE_SIZE / CY_APPL_MAX) * (CY_APPL_NUM - 0x1)):0x0
                0x00000800                ee_size = (CY_APPL_LOADABLE && ! (CY_EE_IN_BTLDR))?(CY_EE_SIZE / CY_APPL_MAX):CY_EE_SIZE
                [!provide]                PROVIDE (CY_ECC_OFFSET, ecc_offset)

.text           0x00000000     0x4904
 CREATE_OBJECT_SYMBOLS
                0x00000000                PROVIDE (__cy_interrupt_vector, RomVectors)
 *(.romvectors)
 .romvectors    0x00000000       0x10 .\CortexM3\ARM_GCC_541\Debug\Cm3Start.o
                0x00000000                RomVectors
                0x00000001                ASSERT ((. != __cy_interrupt_vector), No interrupt vector)
                0x00000001                ASSERT (CY_APPL_ORIGIN?(SIZEOF (.cybootloader) <= CY_APPL_ORIGIN):0x1, Wrong image location)
                0x00000010                PROVIDE (__cy_reset, Reset)
 *(.text.Reset)
 .text.Reset    0x00000010       0x18 .\CortexM3\ARM_GCC_541\Debug\Cm3Start.o
                0x00000010                Reset
                0x00000001                ASSERT ((. != __cy_reset), No reset code)
 *(.dma_init)
                0x00000001                ASSERT ((((appl_start + .) <= 0x10000) || 0x1), DMA Init must be within the first 64k of flash)
 *(.text .text.* .gnu.linkonce.t.*)
 .text          0x00000028       0x5c c:/program files (x86)/cypress/psoc creator/4.2/psoc creator/import/gnu/arm/5.4.1/bin/../lib/gcc/arm-none-eabi/5.4.1/armv7-m/crtbegin.o
 .text.main     0x00000084       0xd8 .\CortexM3\ARM_GCC_541\Debug\main.o
                0x00000084                main
 .text.set_speedA
                0x0000015c       0x40 .\CortexM3\ARM_GCC_541\Debug\motor_control.o
                0x0000015c                set_speedA
 .text.set_speedB
                0x0000019c       0x40 .\CortexM3\ARM_GCC_541\Debug\motor_control.o
                0x0000019c                set_speedB
 .text.ISR_UART_rx_handler_BT
                0x000001dc      0x16c .\CortexM3\ARM_GCC_541\Debug\UART_handler.o
                0x000001dc                ISR_UART_rx_handler_BT
 .text.ISR_DS_echo
                0x00000348       0x1c .\CortexM3\ARM_GCC_541\Debug\distanceSensor.o
                0x00000348                ISR_DS_echo
 .text.get_obstruct
                0x00000364        0xc .\CortexM3\ARM_GCC_541\Debug\distanceSensor.o
                0x00000364                get_obstruct
 .text.set_obstruct
                0x00000370        0xc .\CortexM3\ARM_GCC_541\Debug\distanceSensor.o
                0x00000370                set_obstruct
 .text.get_timerFlag
                0x0000037c        0xc .\CortexM3\ARM_GCC_541\Debug\distanceSensor.o
                0x0000037c                get_timerFlag
 .text.set_timerFlag
                0x00000388        0xc .\CortexM3\ARM_GCC_541\Debug\distanceSensor.o
                0x00000388                set_timerFlag
 .text.ISR_timer_DS_tc_handler
                0x00000394       0x10 .\CortexM3\ARM_GCC_541\Debug\distanceSensor.o
                0x00000394                ISR_timer_DS_tc_handler
 .text.init_DS_hardware
                0x000003a4       0x4c .\CortexM3\ARM_GCC_541\Debug\distanceSensor.o
                0x000003a4                init_DS_hardware
 .text.pulse_trigger
                0x000003f0       0x34 .\CortexM3\ARM_GCC_541\Debug\distanceSensor.o
                0x000003f0                pulse_trigger
 *fill*         0x00000424        0x4 
 .text.measure_distance
                0x00000428       0x68 .\CortexM3\ARM_GCC_541\Debug\distanceSensor.o
                0x00000428                measure_distance
 .text.splash   0x00000490       0x28 .\CortexM3\ARM_GCC_541\Debug\distanceSensor.o
                0x00000490                splash
 .text.fireMechanism
                0x000004b8       0x38 .\CortexM3\ARM_GCC_541\Debug\firing.o
                0x000004b8                fireMechanism
 .text.initFiringPins
                0x000004f0       0x10 .\CortexM3\ARM_GCC_541\Debug\firing.o
                0x000004f0                initFiringPins
 .text.Stepper_Timer_ISR_Handler
                0x00000500      0x13c .\CortexM3\ARM_GCC_541\Debug\control.o
                0x00000500                Stepper_Timer_ISR_Handler
 .text.initControlTimer
                0x0000063c       0x18 .\CortexM3\ARM_GCC_541\Debug\control.o
                0x0000063c                initControlTimer
 .text.setStepperTargets
                0x00000654       0xc8 .\CortexM3\ARM_GCC_541\Debug\stepper.o
                0x00000654                setStepperTargets
 .text.initStepperPins
                0x0000071c       0x1c .\CortexM3\ARM_GCC_541\Debug\stepper.o
                0x0000071c                initStepperPins
 .text.CyClockStartupError
                0x00000738        0x4 .\CortexM3\ARM_GCC_541\Debug\cyfitter_cfg.o
 .text.cfg_write_bytes32
                0x0000073c       0x34 .\CortexM3\ARM_GCC_541\Debug\cyfitter_cfg.o
 .text.AnalogSetDefault
                0x00000770       0x28 .\CortexM3\ARM_GCC_541\Debug\cyfitter_cfg.o
 .text.CYMEMZERO
                0x00000798        0xc .\CortexM3\ARM_GCC_541\Debug\cyfitter_cfg.o
 .text.ClockSetup
                0x000007a4      0x108 .\CortexM3\ARM_GCC_541\Debug\cyfitter_cfg.o
 .text.CYCONFIGCPY
                0x000008ac        0x8 .\CortexM3\ARM_GCC_541\Debug\cyfitter_cfg.o
 .text.cyfitter_cfg
                0x000008b4      0x144 .\CortexM3\ARM_GCC_541\Debug\cyfitter_cfg.o
                0x000008b4                cyfitter_cfg
 .text.IntDefaultHandler
                0x000009f8       0x10 .\CortexM3\ARM_GCC_541\Debug\Cm3Start.o
                0x000009f8                IntDefaultHandler
 .text._sbrk    0x00000a08       0x30 .\CortexM3\ARM_GCC_541\Debug\Cm3Start.o
                0x00000a08                _sbrk
 .text.Start_c  0x00000a38       0x4c .\CortexM3\ARM_GCC_541\Debug\Cm3Start.o
                0x00000a38                Start_c
 .text.initialize_psoc
                0x00000a84       0x68 .\CortexM3\ARM_GCC_541\Debug\Cm3Start.o
                0x00000a84                initialize_psoc
 .text.CyHalt   0x00000aec        0x4 .\CortexM3\ARM_GCC_541\Debug\Motor_Test.a(CyLib.o)
                0x00000aec                CyHalt
 .text.CyDelay  0x00000af0       0x2c .\CortexM3\ARM_GCC_541\Debug\Motor_Test.a(CyLib.o)
                0x00000af0                CyDelay
 .text.CyDelayUs
                0x00000b1c       0x14 .\CortexM3\ARM_GCC_541\Debug\Motor_Test.a(CyLib.o)
                0x00000b1c                CyDelayUs
 .text.CyIntSetVector
                0x00000b30       0x28 .\CortexM3\ARM_GCC_541\Debug\Motor_Test.a(CyLib.o)
                0x00000b30                CyIntSetVector
 .text.CyIntSetPriority
                0x00000b58       0x30 .\CortexM3\ARM_GCC_541\Debug\Motor_Test.a(CyLib.o)
                0x00000b58                CyIntSetPriority
 .text.isr_uart_rx_BT_SetVector
                0x00000b88        0xc .\CortexM3\ARM_GCC_541\Debug\Motor_Test.a(isr_uart_rx_BT.o)
                0x00000b88                isr_uart_rx_BT_SetVector
 .text.isr_uart_rx_BT_SetPriority
                0x00000b94       0x10 .\CortexM3\ARM_GCC_541\Debug\Motor_Test.a(isr_uart_rx_BT.o)
                0x00000b94                isr_uart_rx_BT_SetPriority
 .text.isr_uart_rx_BT_Enable
                0x00000ba4        0xc .\CortexM3\ARM_GCC_541\Debug\Motor_Test.a(isr_uart_rx_BT.o)
                0x00000ba4                isr_uart_rx_BT_Enable
 .text.isr_uart_rx_BT_Disable
                0x00000bb0        0xc .\CortexM3\ARM_GCC_541\Debug\Motor_Test.a(isr_uart_rx_BT.o)
                0x00000bb0                isr_uart_rx_BT_Disable
 .text.isr_uart_rx_BT_StartEx
                0x00000bbc       0x1c .\CortexM3\ARM_GCC_541\Debug\Motor_Test.a(isr_uart_rx_BT.o)
                0x00000bbc                isr_uart_rx_BT_StartEx
 .text.UART_BT_Init
                0x00000bd8       0x5c .\CortexM3\ARM_GCC_541\Debug\Motor_Test.a(UART_BT.o)
                0x00000bd8                UART_BT_Init
 .text.UART_BT_Enable
                0x00000c34       0x50 .\CortexM3\ARM_GCC_541\Debug\Motor_Test.a(UART_BT.o)
                0x00000c34                UART_BT_Enable
 .text.UART_BT_Start
                0x00000c84       0x1c .\CortexM3\ARM_GCC_541\Debug\Motor_Test.a(UART_BT.o)
                0x00000c84                UART_BT_Start
 .text.UART_BT_ReadRxData
                0x00000ca0       0x64 .\CortexM3\ARM_GCC_541\Debug\Motor_Test.a(UART_BT.o)
                0x00000ca0                UART_BT_ReadRxData
 .text.UART_BT_GetRxBufferSize
                0x00000d04       0x60 .\CortexM3\ARM_GCC_541\Debug\Motor_Test.a(UART_BT.o)
                0x00000d04                UART_BT_GetRxBufferSize
 .text.UART_BT_PutChar
                0x00000d64       0x70 .\CortexM3\ARM_GCC_541\Debug\Motor_Test.a(UART_BT.o)
                0x00000d64                UART_BT_PutChar
 .text.UART_BT_PutString
                0x00000dd4       0x24 .\CortexM3\ARM_GCC_541\Debug\Motor_Test.a(UART_BT.o)
                0x00000dd4                UART_BT_PutString
 .text.UART_BT_RXISR
                0x00000df8       0x98 .\CortexM3\ARM_GCC_541\Debug\Motor_Test.a(UART_BT_INT.o)
                0x00000df8                UART_BT_RXISR
 .text.UART_BT_TXISR
                0x00000e90       0x58 .\CortexM3\ARM_GCC_541\Debug\Motor_Test.a(UART_BT_INT.o)
                0x00000e90                UART_BT_TXISR
 .text.UART_BT_IntClock_Start
                0x00000ee8       0x1c .\CortexM3\ARM_GCC_541\Debug\Motor_Test.a(UART_BT_IntClock.o)
                0x00000ee8                UART_BT_IntClock_Start
 .text.PWM_B_Enable
                0x00000f04       0x10 .\CortexM3\ARM_GCC_541\Debug\Motor_Test.a(PWM_B.o)
                0x00000f04                PWM_B_Enable
 .text.PWM_B_WriteCounter
                0x00000f14        0xc .\CortexM3\ARM_GCC_541\Debug\Motor_Test.a(PWM_B.o)
                0x00000f14                PWM_B_WriteCounter
 .text.PWM_B_WritePeriod
                0x00000f20        0xc .\CortexM3\ARM_GCC_541\Debug\Motor_Test.a(PWM_B.o)
                0x00000f20                PWM_B_WritePeriod
 .text.PWM_B_WriteCompare1
                0x00000f2c        0xc .\CortexM3\ARM_GCC_541\Debug\Motor_Test.a(PWM_B.o)
                0x00000f2c                PWM_B_WriteCompare1
 .text.PWM_B_WriteCompare2
                0x00000f38        0xc .\CortexM3\ARM_GCC_541\Debug\Motor_Test.a(PWM_B.o)
                0x00000f38                PWM_B_WriteCompare2
 .text.PWM_B_SetInterruptMode
                0x00000f44        0xc .\CortexM3\ARM_GCC_541\Debug\Motor_Test.a(PWM_B.o)
                0x00000f44                PWM_B_SetInterruptMode
 .text.PWM_B_ReadStatusRegister
                0x00000f50        0xc .\CortexM3\ARM_GCC_541\Debug\Motor_Test.a(PWM_B.o)
                0x00000f50                PWM_B_ReadStatusRegister
 .text.PWM_B_ReadCapture
                0x00000f5c        0xc .\CortexM3\ARM_GCC_541\Debug\Motor_Test.a(PWM_B.o)
                0x00000f5c                PWM_B_ReadCapture
 .text.PWM_B_ClearFIFO
                0x00000f68       0x14 .\CortexM3\ARM_GCC_541\Debug\Motor_Test.a(PWM_B.o)
                0x00000f68                PWM_B_ClearFIFO
 .text.PWM_B_Init
                0x00000f7c       0x58 .\CortexM3\ARM_GCC_541\Debug\Motor_Test.a(PWM_B.o)
                0x00000f7c                PWM_B_Init
 .text.PWM_B_Start
                0x00000fd4       0x1c .\CortexM3\ARM_GCC_541\Debug\Motor_Test.a(PWM_B.o)
                0x00000fd4                PWM_B_Start
 .text.PWM_A_Enable
                0x00000ff0       0x10 .\CortexM3\ARM_GCC_541\Debug\Motor_Test.a(PWM_A.o)
                0x00000ff0                PWM_A_Enable
 .text.PWM_A_WriteCounter
                0x00001000        0xc .\CortexM3\ARM_GCC_541\Debug\Motor_Test.a(PWM_A.o)
                0x00001000                PWM_A_WriteCounter
 .text.PWM_A_WritePeriod
                0x0000100c        0xc .\CortexM3\ARM_GCC_541\Debug\Motor_Test.a(PWM_A.o)
                0x0000100c                PWM_A_WritePeriod
 .text.PWM_A_WriteCompare1
                0x00001018        0xc .\CortexM3\ARM_GCC_541\Debug\Motor_Test.a(PWM_A.o)
                0x00001018                PWM_A_WriteCompare1
 .text.PWM_A_WriteCompare2
                0x00001024        0xc .\CortexM3\ARM_GCC_541\Debug\Motor_Test.a(PWM_A.o)
                0x00001024                PWM_A_WriteCompare2
 .text.PWM_A_SetInterruptMode
                0x00001030        0xc .\CortexM3\ARM_GCC_541\Debug\Motor_Test.a(PWM_A.o)
                0x00001030                PWM_A_SetInterruptMode
 .text.PWM_A_ReadStatusRegister
                0x0000103c        0xc .\CortexM3\ARM_GCC_541\Debug\Motor_Test.a(PWM_A.o)
                0x0000103c                PWM_A_ReadStatusRegister
 .text.PWM_A_ReadCapture
                0x00001048        0xc .\CortexM3\ARM_GCC_541\Debug\Motor_Test.a(PWM_A.o)
                0x00001048                PWM_A_ReadCapture
 .text.PWM_A_ClearFIFO
                0x00001054       0x14 .\CortexM3\ARM_GCC_541\Debug\Motor_Test.a(PWM_A.o)
                0x00001054                PWM_A_ClearFIFO
 .text.PWM_A_Init
                0x00001068       0x58 .\CortexM3\ARM_GCC_541\Debug\Motor_Test.a(PWM_A.o)
                0x00001068                PWM_A_Init
 .text.PWM_A_Start
                0x000010c0       0x1c .\CortexM3\ARM_GCC_541\Debug\Motor_Test.a(PWM_A.o)
                0x000010c0                PWM_A_Start
 .text.UART_PC_Init
                0x000010dc       0x24 .\CortexM3\ARM_GCC_541\Debug\Motor_Test.a(UART_PC.o)
                0x000010dc                UART_PC_Init
 .text.UART_PC_Enable
                0x00001100       0x38 .\CortexM3\ARM_GCC_541\Debug\Motor_Test.a(UART_PC.o)
                0x00001100                UART_PC_Enable
 .text.UART_PC_Start
                0x00001138       0x1c .\CortexM3\ARM_GCC_541\Debug\Motor_Test.a(UART_PC.o)
                0x00001138                UART_PC_Start
 .text.UART_PC_PutChar
                0x00001154       0x18 .\CortexM3\ARM_GCC_541\Debug\Motor_Test.a(UART_PC.o)
                0x00001154                UART_PC_PutChar
 .text.UART_PC_PutString
                0x0000116c       0x24 .\CortexM3\ARM_GCC_541\Debug\Motor_Test.a(UART_PC.o)
                0x0000116c                UART_PC_PutString
 .text.UART_PC_IntClock_Start
                0x00001190       0x1c .\CortexM3\ARM_GCC_541\Debug\Motor_Test.a(UART_PC_IntClock.o)
                0x00001190                UART_PC_IntClock_Start
 .text.Clock_24MHz_Start
                0x000011ac       0x1c .\CortexM3\ARM_GCC_541\Debug\Motor_Test.a(Clock_24MHz.o)
                0x000011ac                Clock_24MHz_Start
 .text.Trigger_Write
                0x000011c8       0x18 .\CortexM3\ARM_GCC_541\Debug\Motor_Test.a(Trigger.o)
                0x000011c8                Trigger_Write
 .text.isr_echo_int_SetVector
                0x000011e0        0xc .\CortexM3\ARM_GCC_541\Debug\Motor_Test.a(isr_echo_int.o)
                0x000011e0                isr_echo_int_SetVector
 .text.isr_echo_int_SetPriority
                0x000011ec       0x10 .\CortexM3\ARM_GCC_541\Debug\Motor_Test.a(isr_echo_int.o)
                0x000011ec                isr_echo_int_SetPriority
 .text.isr_echo_int_Enable
                0x000011fc        0xc .\CortexM3\ARM_GCC_541\Debug\Motor_Test.a(isr_echo_int.o)
                0x000011fc                isr_echo_int_Enable
 .text.isr_echo_int_Disable
                0x00001208        0xc .\CortexM3\ARM_GCC_541\Debug\Motor_Test.a(isr_echo_int.o)
                0x00001208                isr_echo_int_Disable
 .text.isr_echo_int_StartEx
                0x00001214       0x1c .\CortexM3\ARM_GCC_541\Debug\Motor_Test.a(isr_echo_int.o)
                0x00001214                isr_echo_int_StartEx
 .text.isr_echo_int_ClearPending
                0x00001230        0xc .\CortexM3\ARM_GCC_541\Debug\Motor_Test.a(isr_echo_int.o)
                0x00001230                isr_echo_int_ClearPending
 .text.Counter_Enable
                0x0000123c       0x10 .\CortexM3\ARM_GCC_541\Debug\Motor_Test.a(Counter.o)
                0x0000123c                Counter_Enable
 .text.Counter_SetInterruptMode
                0x0000124c        0xc .\CortexM3\ARM_GCC_541\Debug\Motor_Test.a(Counter.o)
                0x0000124c                Counter_SetInterruptMode
 .text.Counter_ReadStatusRegister
                0x00001258        0xc .\CortexM3\ARM_GCC_541\Debug\Motor_Test.a(Counter.o)
                0x00001258                Counter_ReadStatusRegister
 .text.Counter_WriteCounter
                0x00001264        0xc .\CortexM3\ARM_GCC_541\Debug\Motor_Test.a(Counter.o)
                0x00001264                Counter_WriteCounter
 .text.Counter_ReadCounter
                0x00001270       0x14 .\CortexM3\ARM_GCC_541\Debug\Motor_Test.a(Counter.o)
                0x00001270                Counter_ReadCounter
 .text.Counter_ReadCapture
                0x00001284        0xc .\CortexM3\ARM_GCC_541\Debug\Motor_Test.a(Counter.o)
                0x00001284                Counter_ReadCapture
 .text.Counter_WritePeriod
                0x00001290        0xc .\CortexM3\ARM_GCC_541\Debug\Motor_Test.a(Counter.o)
                0x00001290                Counter_WritePeriod
 .text.Counter_WriteCompare
                0x0000129c        0xc .\CortexM3\ARM_GCC_541\Debug\Motor_Test.a(Counter.o)
                0x0000129c                Counter_WriteCompare
 .text.Counter_ClearFIFO
                0x000012a8       0x14 .\CortexM3\ARM_GCC_541\Debug\Motor_Test.a(Counter.o)
                0x000012a8                Counter_ClearFIFO
 .text.Counter_Init
                0x000012bc       0x58 .\CortexM3\ARM_GCC_541\Debug\Motor_Test.a(Counter.o)
                0x000012bc                Counter_Init
 .text.Counter_Start
                0x00001314       0x1c .\CortexM3\ARM_GCC_541\Debug\Motor_Test.a(Counter.o)
                0x00001314                Counter_Start
 .text.Counter_Reset_Write
                0x00001330        0xc .\CortexM3\ARM_GCC_541\Debug\Motor_Test.a(Counter_Reset.o)
                0x00001330                Counter_Reset_Write
 .text.isr_timer_DS_SetVector
                0x0000133c        0xc .\CortexM3\ARM_GCC_541\Debug\Motor_Test.a(isr_timer_DS.o)
                0x0000133c                isr_timer_DS_SetVector
 .text.isr_timer_DS_SetPriority
                0x00001348       0x10 .\CortexM3\ARM_GCC_541\Debug\Motor_Test.a(isr_timer_DS.o)
                0x00001348                isr_timer_DS_SetPriority
 .text.isr_timer_DS_Enable
                0x00001358        0xc .\CortexM3\ARM_GCC_541\Debug\Motor_Test.a(isr_timer_DS.o)
                0x00001358                isr_timer_DS_Enable
 .text.isr_timer_DS_Disable
                0x00001364        0xc .\CortexM3\ARM_GCC_541\Debug\Motor_Test.a(isr_timer_DS.o)
                0x00001364                isr_timer_DS_Disable
 .text.isr_timer_DS_StartEx
                0x00001370       0x1c .\CortexM3\ARM_GCC_541\Debug\Motor_Test.a(isr_timer_DS.o)
                0x00001370                isr_timer_DS_StartEx
 .text.isr_timer_DS_ClearPending
                0x0000138c        0xc .\CortexM3\ARM_GCC_541\Debug\Motor_Test.a(isr_timer_DS.o)
                0x0000138c                isr_timer_DS_ClearPending
 .text.Clock_5kHz_Start
                0x00001398       0x1c .\CortexM3\ARM_GCC_541\Debug\Motor_Test.a(Clock_5kHz.o)
                0x00001398                Clock_5kHz_Start
 .text.fireDirPin_Write
                0x000013b4       0x18 .\CortexM3\ARM_GCC_541\Debug\Motor_Test.a(fireDirPin.o)
                0x000013b4                fireDirPin_Write
 .text.dialDirPin_Write
                0x000013cc       0x18 .\CortexM3\ARM_GCC_541\Debug\Motor_Test.a(dialDirPin.o)
                0x000013cc                dialDirPin_Write
 .text.dialStepPin_Write
                0x000013e4       0x18 .\CortexM3\ARM_GCC_541\Debug\Motor_Test.a(dialStepPin.o)
                0x000013e4                dialStepPin_Write
 .text.Timer_Stepper_Enable
                0x000013fc       0x10 .\CortexM3\ARM_GCC_541\Debug\Motor_Test.a(Timer_Stepper.o)
                0x000013fc                Timer_Stepper_Enable
 .text.Timer_Stepper_Stop
                0x0000140c       0x10 .\CortexM3\ARM_GCC_541\Debug\Motor_Test.a(Timer_Stepper.o)
                0x0000140c                Timer_Stepper_Stop
 .text.Timer_Stepper_SetInterruptMode
                0x0000141c        0xc .\CortexM3\ARM_GCC_541\Debug\Motor_Test.a(Timer_Stepper.o)
                0x0000141c                Timer_Stepper_SetInterruptMode
 .text.Timer_Stepper_ReadStatusRegister
                0x00001428        0xc .\CortexM3\ARM_GCC_541\Debug\Motor_Test.a(Timer_Stepper.o)
                0x00001428                Timer_Stepper_ReadStatusRegister
 .text.Timer_Stepper_WritePeriod
                0x00001434        0xc .\CortexM3\ARM_GCC_541\Debug\Motor_Test.a(Timer_Stepper.o)
                0x00001434                Timer_Stepper_WritePeriod
 .text.Timer_Stepper_ReadCapture
                0x00001440        0xc .\CortexM3\ARM_GCC_541\Debug\Motor_Test.a(Timer_Stepper.o)
                0x00001440                Timer_Stepper_ReadCapture
 .text.Timer_Stepper_WriteCounter
                0x0000144c        0xc .\CortexM3\ARM_GCC_541\Debug\Motor_Test.a(Timer_Stepper.o)
                0x0000144c                Timer_Stepper_WriteCounter
 .text.Timer_Stepper_ClearFIFO
                0x00001458       0x14 .\CortexM3\ARM_GCC_541\Debug\Motor_Test.a(Timer_Stepper.o)
                0x00001458                Timer_Stepper_ClearFIFO
 .text.Timer_Stepper_Init
                0x0000146c       0x30 .\CortexM3\ARM_GCC_541\Debug\Motor_Test.a(Timer_Stepper.o)
                0x0000146c                Timer_Stepper_Init
 .text.Timer_Stepper_Start
                0x0000149c       0x1c .\CortexM3\ARM_GCC_541\Debug\Motor_Test.a(Timer_Stepper.o)
                0x0000149c                Timer_Stepper_Start
 .text.stepper_isr_timer_SetVector
                0x000014b8        0xc .\CortexM3\ARM_GCC_541\Debug\Motor_Test.a(stepper_isr_timer.o)
                0x000014b8                stepper_isr_timer_SetVector
 .text.stepper_isr_timer_SetPriority
                0x000014c4       0x10 .\CortexM3\ARM_GCC_541\Debug\Motor_Test.a(stepper_isr_timer.o)
                0x000014c4                stepper_isr_timer_SetPriority
 .text.stepper_isr_timer_Enable
                0x000014d4        0xc .\CortexM3\ARM_GCC_541\Debug\Motor_Test.a(stepper_isr_timer.o)
                0x000014d4                stepper_isr_timer_Enable
 .text.stepper_isr_timer_Disable
                0x000014e0        0xc .\CortexM3\ARM_GCC_541\Debug\Motor_Test.a(stepper_isr_timer.o)
                0x000014e0                stepper_isr_timer_Disable
 .text.stepper_isr_timer_StartEx
                0x000014ec       0x1c .\CortexM3\ARM_GCC_541\Debug\Motor_Test.a(stepper_isr_timer.o)
                0x000014ec                stepper_isr_timer_StartEx
 .text.angleDirPin_Write
                0x00001508       0x18 .\CortexM3\ARM_GCC_541\Debug\Motor_Test.a(angleDirPin.o)
                0x00001508                angleDirPin_Write
 .text.angleStepPin_Write
                0x00001520       0x18 .\CortexM3\ARM_GCC_541\Debug\Motor_Test.a(angleStepPin.o)
                0x00001520                angleStepPin_Write
 .text.fireStepPin_Write
                0x00001538       0x18 .\CortexM3\ARM_GCC_541\Debug\Motor_Test.a(fireStepPin.o)
                0x00001538                fireStepPin_Write
 .text          0x00001550       0x20 .\CortexM3\ARM_GCC_541\Debug\Motor_Test.a(CyBootAsmGnu.o)
                0x00001550                CyDelayCycles
                0x00001560                CyEnterCriticalSection
                0x00001568                CyExitCriticalSection
 .text          0x00001570      0x370 c:/program files (x86)/cypress/psoc creator/4.2/psoc creator/import/gnu/arm/5.4.1/bin/../lib/gcc/arm-none-eabi/5.4.1/armv7-m\libgcc.a(_arm_addsubdf3.o)
                0x00001570                __aeabi_drsub
                0x00001578                __aeabi_dsub
                0x00001578                __subdf3
                0x0000157c                __aeabi_dadd
                0x0000157c                __adddf3
                0x000017f4                __floatunsidf
                0x000017f4                __aeabi_ui2d
                0x00001814                __floatsidf
                0x00001814                __aeabi_i2d
                0x00001838                __aeabi_f2d
                0x00001838                __extendsfdf2
                0x00001874                __floatundidf
                0x00001874                __aeabi_ul2d
                0x00001884                __floatdidf
                0x00001884                __aeabi_l2d
 .text          0x000018e0      0x424 c:/program files (x86)/cypress/psoc creator/4.2/psoc creator/import/gnu/arm/5.4.1/bin/../lib/gcc/arm-none-eabi/5.4.1/armv7-m\libgcc.a(_arm_muldivdf3.o)
                0x000018e0                __aeabi_dmul
                0x000018e0                __muldf3
                0x00001b34                __divdf3
                0x00001b34                __aeabi_ddiv
 .text          0x00001d04      0x110 c:/program files (x86)/cypress/psoc creator/4.2/psoc creator/import/gnu/arm/5.4.1/bin/../lib/gcc/arm-none-eabi/5.4.1/armv7-m\libgcc.a(_arm_cmpdf2.o)
                0x00001d04                __gtdf2
                0x00001d04                __gedf2
                0x00001d0c                __ltdf2
                0x00001d0c                __ledf2
                0x00001d14                __nedf2
                0x00001d14                __eqdf2
                0x00001d14                __cmpdf2
                0x00001d90                __aeabi_cdrcmple
                0x00001da0                __aeabi_cdcmpeq
                0x00001da0                __aeabi_cdcmple
                0x00001db0                __aeabi_dcmpeq
                0x00001dc4                __aeabi_dcmplt
                0x00001dd8                __aeabi_dcmple
                0x00001dec                __aeabi_dcmpge
                0x00001e00                __aeabi_dcmpgt
 .text          0x00001e14       0x50 c:/program files (x86)/cypress/psoc creator/4.2/psoc creator/import/gnu/arm/5.4.1/bin/../lib/gcc/arm-none-eabi/5.4.1/armv7-m\libgcc.a(_arm_fixdfsi.o)
                0x00001e14                __aeabi_d2iz
                0x00001e14                __fixdfsi
 .text.__errno  0x00001e64        0xc c:/program files (x86)/cypress/psoc creator/4.2/psoc creator/import/gnu/arm/5.4.1/bin/../lib/gcc/arm-none-eabi/5.4.1/../../../../arm-none-eabi/lib/armv7-m\libg_nano.a(lib_a-errno.o)
                0x00001e64                __errno
 .text.__libc_init_array
                0x00001e70       0x4c c:/program files (x86)/cypress/psoc creator/4.2/psoc creator/import/gnu/arm/5.4.1/bin/../lib/gcc/arm-none-eabi/5.4.1/../../../../arm-none-eabi/lib/armv7-m\libg_nano.a(lib_a-init.o)
                0x00001e70                __libc_init_array
 .text.memcpy   0x00001ebc       0x16 c:/program files (x86)/cypress/psoc creator/4.2/psoc creator/import/gnu/arm/5.4.1/bin/../lib/gcc/arm-none-eabi/5.4.1/../../../../arm-none-eabi/lib/armv7-m\libg_nano.a(lib_a-memcpy-stub.o)
                0x00001ebc                memcpy
 .text.memset   0x00001ed2       0x10 c:/program files (x86)/cypress/psoc creator/4.2/psoc creator/import/gnu/arm/5.4.1/bin/../lib/gcc/arm-none-eabi/5.4.1/../../../../arm-none-eabi/lib/armv7-m\libg_nano.a(lib_a-memset.o)
                0x00001ed2                memset
 .text.__cvt    0x00001ee2       0xc0 c:/program files (x86)/cypress/psoc creator/4.2/psoc creator/import/gnu/arm/5.4.1/bin/../lib/gcc/arm-none-eabi/5.4.1/../../../../arm-none-eabi/lib/armv7-m\libg_nano.a(lib_a-nano-vfprintf_float.o)
                0x00001ee2                __cvt
 .text.__exponent
                0x00001fa2       0x62 c:/program files (x86)/cypress/psoc creator/4.2/psoc creator/import/gnu/arm/5.4.1/bin/../lib/gcc/arm-none-eabi/5.4.1/../../../../arm-none-eabi/lib/armv7-m\libg_nano.a(lib_a-nano-vfprintf_float.o)
                0x00001fa2                __exponent
 .text._printf_float
                0x00002004      0x488 c:/program files (x86)/cypress/psoc creator/4.2/psoc creator/import/gnu/arm/5.4.1/bin/../lib/gcc/arm-none-eabi/5.4.1/../../../../arm-none-eabi/lib/armv7-m\libg_nano.a(lib_a-nano-vfprintf_float.o)
                0x00002004                _printf_float
 .text._printf_common
                0x0000248c       0xec c:/program files (x86)/cypress/psoc creator/4.2/psoc creator/import/gnu/arm/5.4.1/bin/../lib/gcc/arm-none-eabi/5.4.1/../../../../arm-none-eabi/lib/armv7-m\libg_nano.a(lib_a-nano-vfprintf_i.o)
                0x0000248c                _printf_common
 .text._printf_i
                0x00002578      0x24c c:/program files (x86)/cypress/psoc creator/4.2/psoc creator/import/gnu/arm/5.4.1/bin/../lib/gcc/arm-none-eabi/5.4.1/../../../../arm-none-eabi/lib/armv7-m\libg_nano.a(lib_a-nano-vfprintf_i.o)
                0x00002578                _printf_i
 .text.snprintf
                0x000027c4       0x64 c:/program files (x86)/cypress/psoc creator/4.2/psoc creator/import/gnu/arm/5.4.1/bin/../lib/gcc/arm-none-eabi/5.4.1/../../../../arm-none-eabi/lib/armv7-m\libg_nano.a(lib_a-snprintf.o)
                0x000027c4                sniprintf
                0x000027c4                snprintf
 .text.sprintf  0x00002828       0x48 c:/program files (x86)/cypress/psoc creator/4.2/psoc creator/import/gnu/arm/5.4.1/bin/../lib/gcc/arm-none-eabi/5.4.1/../../../../arm-none-eabi/lib/armv7-m\libg_nano.a(lib_a-sprintf.o)
                0x00002828                siprintf
                0x00002828                sprintf
 .text.sscanf   0x00002870       0x54 c:/program files (x86)/cypress/psoc creator/4.2/psoc creator/import/gnu/arm/5.4.1/bin/../lib/gcc/arm-none-eabi/5.4.1/../../../../arm-none-eabi/lib/armv7-m\libg_nano.a(lib_a-sscanf.o)
                0x00002870                siscanf
                0x00002870                sscanf
 .text.__seofread
                0x000028c4        0x4 c:/program files (x86)/cypress/psoc creator/4.2/psoc creator/import/gnu/arm/5.4.1/bin/../lib/gcc/arm-none-eabi/5.4.1/../../../../arm-none-eabi/lib/armv7-m\libg_nano.a(lib_a-stdio.o)
                0x000028c4                __seofread
 .text          0x000028c8       0x10 c:/program files (x86)/cypress/psoc creator/4.2/psoc creator/import/gnu/arm/5.4.1/bin/../lib/gcc/arm-none-eabi/5.4.1/../../../../arm-none-eabi/lib/armv7-m\libg_nano.a(lib_a-strlen.o)
                0x000028c8                strlen
 .text.strncmp  0x000028d8       0x2a c:/program files (x86)/cypress/psoc creator/4.2/psoc creator/import/gnu/arm/5.4.1/bin/../lib/gcc/arm-none-eabi/5.4.1/../../../../arm-none-eabi/lib/armv7-m\libg_nano.a(lib_a-strncmp.o)
                0x000028d8                strncmp
 .text.quorem   0x00002902      0x116 c:/program files (x86)/cypress/psoc creator/4.2/psoc creator/import/gnu/arm/5.4.1/bin/../lib/gcc/arm-none-eabi/5.4.1/../../../../arm-none-eabi/lib/armv7-m\libg_nano.a(lib_a-dtoa.o)
 .text._dtoa_r  0x00002a18      0xb30 c:/program files (x86)/cypress/psoc creator/4.2/psoc creator/import/gnu/arm/5.4.1/bin/../lib/gcc/arm-none-eabi/5.4.1/../../../../arm-none-eabi/lib/armv7-m\libg_nano.a(lib_a-dtoa.o)
                0x00002a18                _dtoa_r
 .text._localeconv_r
                0x00003548        0x8 c:/program files (x86)/cypress/psoc creator/4.2/psoc creator/import/gnu/arm/5.4.1/bin/../lib/gcc/arm-none-eabi/5.4.1/../../../../arm-none-eabi/lib/armv7-m\libg_nano.a(lib_a-locale.o)
                0x00003548                _localeconv_r
 .text.malloc   0x00003550       0x10 c:/program files (x86)/cypress/psoc creator/4.2/psoc creator/import/gnu/arm/5.4.1/bin/../lib/gcc/arm-none-eabi/5.4.1/../../../../arm-none-eabi/lib/armv7-m\libg_nano.a(lib_a-malloc.o)
                0x00003550                malloc
 .text.memchr   0x00003560       0x1c c:/program files (x86)/cypress/psoc creator/4.2/psoc creator/import/gnu/arm/5.4.1/bin/../lib/gcc/arm-none-eabi/5.4.1/../../../../arm-none-eabi/lib/armv7-m\libg_nano.a(lib_a-memchr-stub.o)
                0x00003560                memchr
 .text._Balloc  0x0000357c       0x6a c:/program files (x86)/cypress/psoc creator/4.2/psoc creator/import/gnu/arm/5.4.1/bin/../lib/gcc/arm-none-eabi/5.4.1/../../../../arm-none-eabi/lib/armv7-m\libg_nano.a(lib_a-mprec.o)
                0x0000357c                _Balloc
 .text._Bfree   0x000035e6       0x2e c:/program files (x86)/cypress/psoc creator/4.2/psoc creator/import/gnu/arm/5.4.1/bin/../lib/gcc/arm-none-eabi/5.4.1/../../../../arm-none-eabi/lib/armv7-m\libg_nano.a(lib_a-mprec.o)
                0x000035e6                _Bfree
 .text.__multadd
                0x00003614       0x76 c:/program files (x86)/cypress/psoc creator/4.2/psoc creator/import/gnu/arm/5.4.1/bin/../lib/gcc/arm-none-eabi/5.4.1/../../../../arm-none-eabi/lib/armv7-m\libg_nano.a(lib_a-mprec.o)
                0x00003614                __multadd
 .text.__hi0bits
                0x0000368a       0x40 c:/program files (x86)/cypress/psoc creator/4.2/psoc creator/import/gnu/arm/5.4.1/bin/../lib/gcc/arm-none-eabi/5.4.1/../../../../arm-none-eabi/lib/armv7-m\libg_nano.a(lib_a-mprec.o)
                0x0000368a                __hi0bits
 .text.__lo0bits
                0x000036ca       0x5a c:/program files (x86)/cypress/psoc creator/4.2/psoc creator/import/gnu/arm/5.4.1/bin/../lib/gcc/arm-none-eabi/5.4.1/../../../../arm-none-eabi/lib/armv7-m\libg_nano.a(lib_a-mprec.o)
                0x000036ca                __lo0bits
 .text.__i2b    0x00003724       0x12 c:/program files (x86)/cypress/psoc creator/4.2/psoc creator/import/gnu/arm/5.4.1/bin/../lib/gcc/arm-none-eabi/5.4.1/../../../../arm-none-eabi/lib/armv7-m\libg_nano.a(lib_a-mprec.o)
                0x00003724                __i2b
 .text.__multiply
                0x00003736      0x120 c:/program files (x86)/cypress/psoc creator/4.2/psoc creator/import/gnu/arm/5.4.1/bin/../lib/gcc/arm-none-eabi/5.4.1/../../../../arm-none-eabi/lib/armv7-m\libg_nano.a(lib_a-mprec.o)
                0x00003736                __multiply
 *fill*         0x00003856        0x2 
 .text.__pow5mult
                0x00003858       0x9c c:/program files (x86)/cypress/psoc creator/4.2/psoc creator/import/gnu/arm/5.4.1/bin/../lib/gcc/arm-none-eabi/5.4.1/../../../../arm-none-eabi/lib/armv7-m\libg_nano.a(lib_a-mprec.o)
                0x00003858                __pow5mult
 .text.__lshift
                0x000038f4       0xa2 c:/program files (x86)/cypress/psoc creator/4.2/psoc creator/import/gnu/arm/5.4.1/bin/../lib/gcc/arm-none-eabi/5.4.1/../../../../arm-none-eabi/lib/armv7-m\libg_nano.a(lib_a-mprec.o)
                0x000038f4                __lshift
 .text.__mcmp   0x00003996       0x38 c:/program files (x86)/cypress/psoc creator/4.2/psoc creator/import/gnu/arm/5.4.1/bin/../lib/gcc/arm-none-eabi/5.4.1/../../../../arm-none-eabi/lib/armv7-m\libg_nano.a(lib_a-mprec.o)
                0x00003996                __mcmp
 .text.__mdiff  0x000039ce       0xbe c:/program files (x86)/cypress/psoc creator/4.2/psoc creator/import/gnu/arm/5.4.1/bin/../lib/gcc/arm-none-eabi/5.4.1/../../../../arm-none-eabi/lib/armv7-m\libg_nano.a(lib_a-mprec.o)
                0x000039ce                __mdiff
 .text.__d2b    0x00003a8c       0x9c c:/program files (x86)/cypress/psoc creator/4.2/psoc creator/import/gnu/arm/5.4.1/bin/../lib/gcc/arm-none-eabi/5.4.1/../../../../arm-none-eabi/lib/armv7-m\libg_nano.a(lib_a-mprec.o)
                0x00003a8c                __d2b
 .text._calloc_r
                0x00003b28       0x1c c:/program files (x86)/cypress/psoc creator/4.2/psoc creator/import/gnu/arm/5.4.1/bin/../lib/gcc/arm-none-eabi/5.4.1/../../../../arm-none-eabi/lib/armv7-m\libg_nano.a(lib_a-nano-callocr.o)
                0x00003b28                _calloc_r
 .text._free_r  0x00003b44       0x98 c:/program files (x86)/cypress/psoc creator/4.2/psoc creator/import/gnu/arm/5.4.1/bin/../lib/gcc/arm-none-eabi/5.4.1/../../../../arm-none-eabi/lib/armv7-m\libg_nano.a(lib_a-nano-freer.o)
                0x00003b44                _free_r
 .text._malloc_r
                0x00003bdc       0xbc c:/program files (x86)/cypress/psoc creator/4.2/psoc creator/import/gnu/arm/5.4.1/bin/../lib/gcc/arm-none-eabi/5.4.1/../../../../arm-none-eabi/lib/armv7-m\libg_nano.a(lib_a-nano-mallocr.o)
                0x00003bdc                _malloc_r
 .text.__ssputs_r
                0x00003c98       0xb2 c:/program files (x86)/cypress/psoc creator/4.2/psoc creator/import/gnu/arm/5.4.1/bin/../lib/gcc/arm-none-eabi/5.4.1/../../../../arm-none-eabi/lib/armv7-m\libg_nano.a(lib_a-nano-svfprintf.o)
                0x00003c98                __ssputs_r
 *fill*         0x00003d4a        0x2 
 .text._svfprintf_r
                0x00003d4c      0x1e8 c:/program files (x86)/cypress/psoc creator/4.2/psoc creator/import/gnu/arm/5.4.1/bin/../lib/gcc/arm-none-eabi/5.4.1/../../../../arm-none-eabi/lib/armv7-m\libg_nano.a(lib_a-nano-svfprintf.o)
                0x00003d4c                _svfiprintf_r
                0x00003d4c                _svfprintf_r
 .text._sungetc_r
                0x00003f34       0x7c c:/program files (x86)/cypress/psoc creator/4.2/psoc creator/import/gnu/arm/5.4.1/bin/../lib/gcc/arm-none-eabi/5.4.1/../../../../arm-none-eabi/lib/armv7-m\libg_nano.a(lib_a-nano-svfscanf.o)
                0x00003f34                _sungetc_r
 .text.__ssrefill_r
                0x00003fb0       0x3a c:/program files (x86)/cypress/psoc creator/4.2/psoc creator/import/gnu/arm/5.4.1/bin/../lib/gcc/arm-none-eabi/5.4.1/../../../../arm-none-eabi/lib/armv7-m\libg_nano.a(lib_a-nano-svfscanf.o)
                0x00003fb0                __ssrefill_r
 *fill*         0x00003fea        0x2 
 .text.__ssvfscanf_r
                0x00003fec      0x2a8 c:/program files (x86)/cypress/psoc creator/4.2/psoc creator/import/gnu/arm/5.4.1/bin/../lib/gcc/arm-none-eabi/5.4.1/../../../../arm-none-eabi/lib/armv7-m\libg_nano.a(lib_a-nano-svfscanf.o)
                0x00003fec                __ssvfiscanf_r
                0x00003fec                __ssvfscanf_r
 .text._scanf_chars
                0x00004294       0xcc c:/program files (x86)/cypress/psoc creator/4.2/psoc creator/import/gnu/arm/5.4.1/bin/../lib/gcc/arm-none-eabi/5.4.1/../../../../arm-none-eabi/lib/armv7-m\libg_nano.a(lib_a-nano-vfscanf_i.o)
                0x00004294                _scanf_chars
 .text._scanf_i
                0x00004360      0x1e4 c:/program files (x86)/cypress/psoc creator/4.2/psoc creator/import/gnu/arm/5.4.1/bin/../lib/gcc/arm-none-eabi/5.4.1/../../../../arm-none-eabi/lib/armv7-m\libg_nano.a(lib_a-nano-vfscanf_i.o)
                0x00004360                _scanf_i
 .text._sbrk_r  0x00004544       0x20 c:/program files (x86)/cypress/psoc creator/4.2/psoc creator/import/gnu/arm/5.4.1/bin/../lib/gcc/arm-none-eabi/5.4.1/../../../../arm-none-eabi/lib/armv7-m\libg_nano.a(lib_a-sbrkr.o)
                0x00004544                _sbrk_r
 .text.__sccl   0x00004564       0x60 c:/program files (x86)/cypress/psoc creator/4.2/psoc creator/import/gnu/arm/5.4.1/bin/../lib/gcc/arm-none-eabi/5.4.1/../../../../arm-none-eabi/lib/armv7-m\libg_nano.a(lib_a-sccl.o)
                0x00004564                __sccl
 .text._strtol_r
                0x000045c4      0x10c c:/program files (x86)/cypress/psoc creator/4.2/psoc creator/import/gnu/arm/5.4.1/bin/../lib/gcc/arm-none-eabi/5.4.1/../../../../arm-none-eabi/lib/armv7-m\libg_nano.a(lib_a-strtol.o)
                0x000045c4                _strtol_r
 .text._strtoul_r
                0x000046d0       0xfc c:/program files (x86)/cypress/psoc creator/4.2/psoc creator/import/gnu/arm/5.4.1/bin/../lib/gcc/arm-none-eabi/5.4.1/../../../../arm-none-eabi/lib/armv7-m\libg_nano.a(lib_a-strtoul.o)
                0x000046d0                _strtoul_r
 .text.__submore
                0x000047cc       0x72 c:/program files (x86)/cypress/psoc creator/4.2/psoc creator/import/gnu/arm/5.4.1/bin/../lib/gcc/arm-none-eabi/5.4.1/../../../../arm-none-eabi/lib/armv7-m\libg_nano.a(lib_a-ungetc.o)
                0x000047cc                __submore
 .text.memmove  0x0000483e       0x36 c:/program files (x86)/cypress/psoc creator/4.2/psoc creator/import/gnu/arm/5.4.1/bin/../lib/gcc/arm-none-eabi/5.4.1/../../../../arm-none-eabi/lib/armv7-m\libg_nano.a(lib_a-memmove.o)
                0x0000483e                memmove
 .text.__malloc_lock
                0x00004874        0x2 c:/program files (x86)/cypress/psoc creator/4.2/psoc creator/import/gnu/arm/5.4.1/bin/../lib/gcc/arm-none-eabi/5.4.1/../../../../arm-none-eabi/lib/armv7-m\libg_nano.a(lib_a-mlock.o)
                0x00004874                __malloc_lock
 .text.__malloc_unlock
                0x00004876        0x2 c:/program files (x86)/cypress/psoc creator/4.2/psoc creator/import/gnu/arm/5.4.1/bin/../lib/gcc/arm-none-eabi/5.4.1/../../../../arm-none-eabi/lib/armv7-m\libg_nano.a(lib_a-mlock.o)
                0x00004876                __malloc_unlock
 .text._realloc_r
                0x00004878       0x4c c:/program files (x86)/cypress/psoc creator/4.2/psoc creator/import/gnu/arm/5.4.1/bin/../lib/gcc/arm-none-eabi/5.4.1/../../../../arm-none-eabi/lib/armv7-m\libg_nano.a(lib_a-nano-reallocr.o)
                0x00004878                _realloc_r
 .text._malloc_usable_size_r
                0x000048c4       0x14 c:/program files (x86)/cypress/psoc creator/4.2/psoc creator/import/gnu/arm/5.4.1/bin/../lib/gcc/arm-none-eabi/5.4.1/../../../../arm-none-eabi/lib/armv7-m\libg_nano.a(lib_a-nano-msizer.o)
                0x000048c4                _malloc_usable_size_r
 .text          0x000048d8       0x2c c:/program files (x86)/cypress/psoc creator/4.2/psoc creator/import/gnu/arm/5.4.1/bin/../lib/gcc/arm-none-eabi/5.4.1/armv7-m\libgcc.a(_arm_unorddf2.o)
                0x000048d8                __unorddf2
                0x000048d8                __aeabi_dcmpun
 *(.plt)
 *(.gnu.warning)
 *(.glue_7t)
 .glue_7t       0x00004904        0x0 linker stubs
 *(.glue_7)
 .glue_7        0x00004904        0x0 linker stubs
 *(.vfp11_veneer)
 .vfp11_veneer  0x00004904        0x0 linker stubs
 *(.bootloader)
 *(.ARM.extab* .gnu.linkonce.armextab.*)
 *(.gcc_except_table)

.v4_bx          0x00004904        0x0
 .v4_bx         0x00004904        0x0 linker stubs

.iplt           0x00004904        0x0
 .iplt          0x00004904        0x0 c:/program files (x86)/cypress/psoc creator/4.2/psoc creator/import/gnu/arm/5.4.1/bin/../lib/gcc/arm-none-eabi/5.4.1/armv7-m/crtbegin.o

.eh_frame_hdr
 *(.eh_frame_hdr)

.eh_frame       0x00004904        0x4
 *(.eh_frame)
 .eh_frame      0x00004904        0x0 c:/program files (x86)/cypress/psoc creator/4.2/psoc creator/import/gnu/arm/5.4.1/bin/../lib/gcc/arm-none-eabi/5.4.1/armv7-m/crtbegin.o
 .eh_frame      0x00004904        0x4 c:/program files (x86)/cypress/psoc creator/4.2/psoc creator/import/gnu/arm/5.4.1/bin/../lib/gcc/arm-none-eabi/5.4.1/armv7-m/crtend.o
                [!provide]                PROVIDE (__exidx_start, .)

.ARM.exidx
 *(.ARM.exidx* .gnu.linkonce.armexidx.*)
                0x00004908                __exidx_end = .

.rodata         0x00004908      0x6d8
 *(.rodata .rodata.* .gnu.linkonce.r.*)
 .rodata.str1.4
                0x00004908       0x97 .\CortexM3\ARM_GCC_541\Debug\main.o
 *fill*         0x0000499f        0x1 
 .rodata.str1.4
                0x000049a0      0x267 .\CortexM3\ARM_GCC_541\Debug\UART_handler.o
 *fill*         0x00004c07        0x1 
 .rodata.str1.4
                0x00004c08       0x78 .\CortexM3\ARM_GCC_541\Debug\distanceSensor.o
                                 0x77 (size before relaxing)
 .rodata        0x00004c80       0x44 .\CortexM3\ARM_GCC_541\Debug\cyfitter_cfg.o
 .rodata.str1.1
                0x00004cc4        0x2 c:/program files (x86)/cypress/psoc creator/4.2/psoc creator/import/gnu/arm/5.4.1/bin/../lib/gcc/arm-none-eabi/5.4.1/../../../../arm-none-eabi/lib/armv7-m\libg_nano.a(lib_a-impure.o)
 .rodata.str1.1
                0x00004cc6       0x10 c:/program files (x86)/cypress/psoc creator/4.2/psoc creator/import/gnu/arm/5.4.1/bin/../lib/gcc/arm-none-eabi/5.4.1/../../../../arm-none-eabi/lib/armv7-m\libg_nano.a(lib_a-nano-vfprintf_float.o)
                                 0x12 (size before relaxing)
 .rodata.str1.1
                0x00004cd6       0x22 c:/program files (x86)/cypress/psoc creator/4.2/psoc creator/import/gnu/arm/5.4.1/bin/../lib/gcc/arm-none-eabi/5.4.1/../../../../arm-none-eabi/lib/armv7-m\libg_nano.a(lib_a-nano-vfprintf_i.o)
 .rodata.str1.1
                0x00004cf8        0xd c:/program files (x86)/cypress/psoc creator/4.2/psoc creator/import/gnu/arm/5.4.1/bin/../lib/gcc/arm-none-eabi/5.4.1/../../../../arm-none-eabi/lib/armv7-m\libg_nano.a(lib_a-dtoa.o)
                                  0xf (size before relaxing)
 .rodata.str1.1
                0x00004d05        0x8 c:/program files (x86)/cypress/psoc creator/4.2/psoc creator/import/gnu/arm/5.4.1/bin/../lib/gcc/arm-none-eabi/5.4.1/../../../../arm-none-eabi/lib/armv7-m\libg_nano.a(lib_a-locale.o)
                                  0xb (size before relaxing)
 *fill*         0x00004d0d        0x3 
 .rodata.__mprec_tens
                0x00004d10       0xc8 c:/program files (x86)/cypress/psoc creator/4.2/psoc creator/import/gnu/arm/5.4.1/bin/../lib/gcc/arm-none-eabi/5.4.1/../../../../arm-none-eabi/lib/armv7-m\libg_nano.a(lib_a-mprec.o)
                0x00004d10                __mprec_tens
 .rodata.p05.5408
                0x00004dd8        0xc c:/program files (x86)/cypress/psoc creator/4.2/psoc creator/import/gnu/arm/5.4.1/bin/../lib/gcc/arm-none-eabi/5.4.1/../../../../arm-none-eabi/lib/armv7-m\libg_nano.a(lib_a-mprec.o)
 *fill*         0x00004de4        0x4 
 .rodata.__mprec_bigtens
                0x00004de8       0x28 c:/program files (x86)/cypress/psoc creator/4.2/psoc creator/import/gnu/arm/5.4.1/bin/../lib/gcc/arm-none-eabi/5.4.1/../../../../arm-none-eabi/lib/armv7-m\libg_nano.a(lib_a-mprec.o)
                0x00004de8                __mprec_bigtens
 .rodata.str1.1
                0x00004e10       0x11 c:/program files (x86)/cypress/psoc creator/4.2/psoc creator/import/gnu/arm/5.4.1/bin/../lib/gcc/arm-none-eabi/5.4.1/../../../../arm-none-eabi/lib/armv7-m\libg_nano.a(lib_a-nano-svfprintf.o)
 .rodata.str1.1
                0x00004e21        0x4 c:/program files (x86)/cypress/psoc creator/4.2/psoc creator/import/gnu/arm/5.4.1/bin/../lib/gcc/arm-none-eabi/5.4.1/../../../../arm-none-eabi/lib/armv7-m\libg_nano.a(lib_a-nano-svfscanf.o)
 *fill*         0x00004e21        0x3 
 .rodata        0x00004e24        0xc c:/program files (x86)/cypress/psoc creator/4.2/psoc creator/import/gnu/arm/5.4.1/bin/../lib/gcc/arm-none-eabi/5.4.1/../../../../arm-none-eabi/lib/armv7-m\libg_nano.a(lib_a-nano-vfscanf_i.o)
 .rodata.str1.1
                0x00004e30       0x1b c:/program files (x86)/cypress/psoc creator/4.2/psoc creator/import/gnu/arm/5.4.1/bin/../lib/gcc/arm-none-eabi/5.4.1/../../../../arm-none-eabi/lib/armv7-m\libg_nano.a(lib_a-nano-vfscanf_i.o)
 .rodata._ctype_
                0x00004e4b      0x101 c:/program files (x86)/cypress/psoc creator/4.2/psoc creator/import/gnu/arm/5.4.1/bin/../lib/gcc/arm-none-eabi/5.4.1/../../../../arm-none-eabi/lib/armv7-m\libg_nano.a(lib_a-ctype_.o)
                0x00004e4b                _ctype_
 .rodata.__sf_fake_stdin
                0x00004f4c       0x20 c:/program files (x86)/cypress/psoc creator/4.2/psoc creator/import/gnu/arm/5.4.1/bin/../lib/gcc/arm-none-eabi/5.4.1/../../../../arm-none-eabi/lib/armv7-m\libg_nano.a(lib_a-findfp.o)
                0x00004f4c                __sf_fake_stdin
 .rodata.__sf_fake_stdout
                0x00004f6c       0x20 c:/program files (x86)/cypress/psoc creator/4.2/psoc creator/import/gnu/arm/5.4.1/bin/../lib/gcc/arm-none-eabi/5.4.1/../../../../arm-none-eabi/lib/armv7-m\libg_nano.a(lib_a-findfp.o)
                0x00004f6c                __sf_fake_stdout
 .rodata.__sf_fake_stderr
                0x00004f8c       0x20 c:/program files (x86)/cypress/psoc creator/4.2/psoc creator/import/gnu/arm/5.4.1/bin/../lib/gcc/arm-none-eabi/5.4.1/../../../../arm-none-eabi/lib/armv7-m\libg_nano.a(lib_a-findfp.o)
                0x00004f8c                __sf_fake_stderr
                0x00004fac                . = ALIGN (0x4)
 *(.init)
 .init          0x00004fac        0x4 c:/program files (x86)/cypress/psoc creator/4.2/psoc creator/import/gnu/arm/5.4.1/bin/../lib/gcc/arm-none-eabi/5.4.1/armv7-m/crti.o
                0x00004fac                _init
 .init          0x00004fb0        0x8 c:/program files (x86)/cypress/psoc creator/4.2/psoc creator/import/gnu/arm/5.4.1/bin/../lib/gcc/arm-none-eabi/5.4.1/armv7-m/crtn.o
                0x00004fb8                . = ALIGN (0x4)
                0x00004fb8                __preinit_array_start = .
 *(.preinit_array)
                0x00004fb8                __preinit_array_end = .
                0x00004fb8                . = ALIGN (0x4)
                0x00004fb8                __init_array_start = .
 *(SORT(.init_array.*))
 *(.init_array)
 .init_array    0x00004fb8        0x4 c:/program files (x86)/cypress/psoc creator/4.2/psoc creator/import/gnu/arm/5.4.1/bin/../lib/gcc/arm-none-eabi/5.4.1/armv7-m/crtbegin.o
 .init_array    0x00004fbc        0x4 .\CortexM3\ARM_GCC_541\Debug\Cm3Start.o
                0x00004fc0                __init_array_end = .
                0x00004fc0                . = ALIGN (0x4)
 *(.fini)
 .fini          0x00004fc0        0x4 c:/program files (x86)/cypress/psoc creator/4.2/psoc creator/import/gnu/arm/5.4.1/bin/../lib/gcc/arm-none-eabi/5.4.1/armv7-m/crti.o
                0x00004fc0                _fini
 .fini          0x00004fc4        0x8 c:/program files (x86)/cypress/psoc creator/4.2/psoc creator/import/gnu/arm/5.4.1/bin/../lib/gcc/arm-none-eabi/5.4.1/armv7-m/crtn.o
                0x00004fcc                . = ALIGN (0x4)
                0x00004fcc                __fini_array_start = .
 *(.fini_array)
 .fini_array    0x00004fcc        0x4 c:/program files (x86)/cypress/psoc creator/4.2/psoc creator/import/gnu/arm/5.4.1/bin/../lib/gcc/arm-none-eabi/5.4.1/armv7-m/crtbegin.o
 *(SORT(.fini_array.*))
                0x00004fd0                __fini_array_end = .
                0x00004fd0                . = ALIGN (0x4)
 *crtbegin.o(.ctors)
 *(EXCLUDE_FILE(*crtend.o) .ctors)
 *(SORT(.ctors.*))
 *crtend.o(.ctors)
                0x00004fd0                . = ALIGN (0x4)
 *crtbegin.o(.dtors)
 *(EXCLUDE_FILE(*crtend.o) .dtors)
 *(SORT(.dtors.*))
 *crtend.o(.dtors)
                0x00004fd0                . = ALIGN (0x4)
                0x00004fd0                __cy_regions = .
                0x00004fd0        0x4 LONG 0x4fe0 __cy_region_init_ram
                0x00004fd4        0x4 LONG 0x1fff80c8 __cy_region_start_data
                0x00004fd8        0x4 LONG 0xc0 __cy_region_init_size_ram
                0x00004fdc        0x4 LONG 0x1d0 __cy_region_zero_size_ram
                0x00004fe0                __cy_regions_end = .
                0x00004fe0                . = ALIGN (0x8)
                0x00004fe0                _etext = .

.cy_checksum_exclude
                0x00004fe0        0x0
 *(.cy_checksum_exclude)

.ramvectors     0x1fff8000       0xc0
                0x1fff8000                __cy_region_start_ram = .
 *(.ramvectors)
 .ramvectors    0x1fff8000       0xc0 .\CortexM3\ARM_GCC_541\Debug\Cm3Start.o
                0x1fff8000                CyRamVectors

.noinit         0x1fff80c0        0x1
 *(.noinit)
 .noinit        0x1fff80c0        0x1 .\CortexM3\ARM_GCC_541\Debug\Motor_Test.a(CyLib.o)
                0x1fff80c0                CyResetStatus

.data           0x1fff80c8       0xc0 load address 0x00004fe0
                0x1fff80c8                __cy_region_start_data = .
 *(.jcr)
 .jcr           0x1fff80c8        0x0 c:/program files (x86)/cypress/psoc creator/4.2/psoc creator/import/gnu/arm/5.4.1/bin/../lib/gcc/arm-none-eabi/5.4.1/armv7-m/crtbegin.o
 .jcr           0x1fff80c8        0x4 c:/program files (x86)/cypress/psoc creator/4.2/psoc creator/import/gnu/arm/5.4.1/bin/../lib/gcc/arm-none-eabi/5.4.1/armv7-m/crtend.o
 *(.got.plt)
 *(.got)
 *(.shdata)
 *(.data .data.* .gnu.linkonce.d.*)
 .data          0x1fff80cc        0x1 .\CortexM3\ARM_GCC_541\Debug\firing.o
                0x1fff80cc                fireDirection
 .data          0x1fff80cd        0x2 .\CortexM3\ARM_GCC_541\Debug\stepper.o
                0x1fff80cd                dialDirection
                0x1fff80ce                angleDirection
 *fill*         0x1fff80cf        0x1 
 .data          0x1fff80d0        0x4 .\CortexM3\ARM_GCC_541\Debug\Cm3Start.o
 .data          0x1fff80d4       0x10 .\CortexM3\ARM_GCC_541\Debug\Motor_Test.a(CyLib.o)
                0x1fff80d4                cydelay_32k_ms
                0x1fff80d8                cydelay_freq_khz
                0x1fff80dc                cydelay_freq_mhz
                0x1fff80e0                cydelay_freq_hz
 .data.impure_data
                0x1fff80e4       0x60 c:/program files (x86)/cypress/psoc creator/4.2/psoc creator/import/gnu/arm/5.4.1/bin/../lib/gcc/arm-none-eabi/5.4.1/../../../../arm-none-eabi/lib/armv7-m\libg_nano.a(lib_a-impure.o)
 .data._impure_ptr
                0x1fff8144        0x4 c:/program files (x86)/cypress/psoc creator/4.2/psoc creator/import/gnu/arm/5.4.1/bin/../lib/gcc/arm-none-eabi/5.4.1/../../../../arm-none-eabi/lib/armv7-m\libg_nano.a(lib_a-impure.o)
                0x1fff8144                _impure_ptr
 .data.lconv    0x1fff8148       0x38 c:/program files (x86)/cypress/psoc creator/4.2/psoc creator/import/gnu/arm/5.4.1/bin/../lib/gcc/arm-none-eabi/5.4.1/../../../../arm-none-eabi/lib/armv7-m\libg_nano.a(lib_a-locale.o)
 .data.__ctype_ptr__
                0x1fff8180        0x4 c:/program files (x86)/cypress/psoc creator/4.2/psoc creator/import/gnu/arm/5.4.1/bin/../lib/gcc/arm-none-eabi/5.4.1/../../../../arm-none-eabi/lib/armv7-m\libg_nano.a(lib_a-ctype_.o)
                0x1fff8180                __ctype_ptr__
                0x1fff8188                . = ALIGN (0x8)
 *fill*         0x1fff8184        0x4 
 *(.ram)
                0x1fff8188                _edata = .

.igot.plt       0x1fff8188        0x0 load address 0x000050a0
 .igot.plt      0x1fff8188        0x0 c:/program files (x86)/cypress/psoc creator/4.2/psoc creator/import/gnu/arm/5.4.1/bin/../lib/gcc/arm-none-eabi/5.4.1/armv7-m/crtbegin.o

.bss            0x1fff8188      0x1d0 load address 0x000050a0
                0x1fff8188                PROVIDE (__bss_start__, .)
 *(.shbss)
 *(.bss .bss.* .gnu.linkonce.b.*)
 .bss           0x1fff8188       0x1c c:/program files (x86)/cypress/psoc creator/4.2/psoc creator/import/gnu/arm/5.4.1/bin/../lib/gcc/arm-none-eabi/5.4.1/armv7-m/crtbegin.o
 .bss           0x1fff81a4       0x37 .\CortexM3\ARM_GCC_541\Debug\UART_handler.o
 *fill*         0x1fff81db        0x1 
 .bss           0x1fff81dc       0x10 .\CortexM3\ARM_GCC_541\Debug\distanceSensor.o
 .bss           0x1fff81ec        0x4 .\CortexM3\ARM_GCC_541\Debug\firing.o
                0x1fff81ec                fireStepPhase
                0x1fff81ed                fireInProgress
                0x1fff81ee                fireStepsRemaining
 .bss           0x1fff81f0        0x4 .\CortexM3\ARM_GCC_541\Debug\stepper.o
                0x1fff81f0                dialCurrentPosition
                0x1fff81f1                dialStepsRemaining
                0x1fff81f2                angleCurrentPosition
                0x1fff81f3                angleStepsRemaining
 .bss           0x1fff81f4        0x9 .\CortexM3\ARM_GCC_541\Debug\Motor_Test.a(UART_BT.o)
                0x1fff81f4                UART_BT_errorStatus
                0x1fff81f5                UART_BT_initVar
                0x1fff81f6                UART_BT_rxBufferRead
                0x1fff81f7                UART_BT_rxBufferWrite
                0x1fff81f8                UART_BT_rxBufferLoopDetect
                0x1fff81f9                UART_BT_rxBufferOverflow
                0x1fff81fa                UART_BT_txBufferRead
                0x1fff81fb                UART_BT_txBufferWrite
 .bss           0x1fff81fd        0x1 .\CortexM3\ARM_GCC_541\Debug\Motor_Test.a(PWM_B.o)
                0x1fff81fd                PWM_B_initVar
 .bss           0x1fff81fe        0x1 .\CortexM3\ARM_GCC_541\Debug\Motor_Test.a(PWM_A.o)
                0x1fff81fe                PWM_A_initVar
 .bss           0x1fff81ff        0x2 .\CortexM3\ARM_GCC_541\Debug\Motor_Test.a(UART_PC.o)
                0x1fff81ff                UART_PC_initVar
 .bss           0x1fff8201        0x1 .\CortexM3\ARM_GCC_541\Debug\Motor_Test.a(Counter.o)
                0x1fff8201                Counter_initVar
 .bss           0x1fff8202        0x1 .\CortexM3\ARM_GCC_541\Debug\Motor_Test.a(Timer_Stepper.o)
                0x1fff8202                Timer_Stepper_initVar
 *fill*         0x1fff8203        0x1 
 .bss.__malloc_sbrk_start
                0x1fff8204        0x4 c:/program files (x86)/cypress/psoc creator/4.2/psoc creator/import/gnu/arm/5.4.1/bin/../lib/gcc/arm-none-eabi/5.4.1/../../../../arm-none-eabi/lib/armv7-m\libg_nano.a(lib_a-nano-mallocr.o)
                0x1fff8204                __malloc_sbrk_start
 .bss.__malloc_free_list
                0x1fff8208        0x4 c:/program files (x86)/cypress/psoc creator/4.2/psoc creator/import/gnu/arm/5.4.1/bin/../lib/gcc/arm-none-eabi/5.4.1/../../../../arm-none-eabi/lib/armv7-m\libg_nano.a(lib_a-nano-mallocr.o)
                0x1fff8208                __malloc_free_list
 *(COMMON)
 COMMON         0x1fff820c       0x80 .\CortexM3\ARM_GCC_541\Debug\distanceSensor.o
                0x1fff820c                str
 COMMON         0x1fff828c       0xc8 .\CortexM3\ARM_GCC_541\Debug\Motor_Test.a(UART_BT.o)
                0x1fff828c                UART_BT_rxBuffer
                0x1fff82f0                UART_BT_txBuffer
 COMMON         0x1fff8354        0x4 c:/program files (x86)/cypress/psoc creator/4.2/psoc creator/import/gnu/arm/5.4.1/bin/../lib/gcc/arm-none-eabi/5.4.1/../../../../arm-none-eabi/lib/armv7-m\libg_nano.a(lib_a-reent.o)
                0x1fff8354                errno
                0x1fff8358                . = ALIGN (0x8)
 *(.ram.b)
                0x1fff8358                _end = .
                0x1fff8358                __end = .
                0x1fff8358                PROVIDE (end, .)
                0x1fff8358                PROVIDE (__bss_end__, .)
                0x00004fe0                __cy_region_init_ram = LOADADDR (.data)
                0x000000c0                __cy_region_init_size_ram = (_edata - ADDR (.data))
                0x000001d0                __cy_region_zero_size_ram = (_end - _edata)

.heap           0x1fff8358       0x80 load address 0x000050a0
                0x1fff8358                . = _end
                0x1fff83d8                . = (. + 0x80)
 *fill*         0x1fff8358       0x80 
                0x1fff83d8                __cy_heap_limit = .

.stack          0x20007800      0x800
                0x20007800                __cy_stack_limit = .
                0x20008000                . = (. + 0x800)
 *fill*         0x20007800      0x800 
                0x00000001                ASSERT ((__cy_stack_limit >= __cy_heap_limit), region RAM overflowed with stack)
                0x00000000                cy_checksum_exclude_size = (CY_APPL_LOADABLE == 0x1)?SIZEOF (.cy_checksum_exclude):0x0
                0x00000001                ASSERT ((cy_checksum_exclude_size <= CY_CHECKSUM_EXCLUDE_SIZE), CY_BOOT: Section .cy_checksum_exclude size exceedes specified limit.)

.cyloadermeta
 *(.cyloadermeta)

.cyloadablemeta
 *(.cyloadablemeta)

.cyconfigecc    0x80000000      0xa50
 *(.cyconfigecc)
 .cyconfigecc   0x80000000      0xa50 .\CortexM3\ARM_GCC_541\Debug\cymetadata.o
                0x80000000                cy_meta_configecc

.cycustnvl      0x90000000        0x4
 *(.cycustnvl)
 .cycustnvl     0x90000000        0x4 .\CortexM3\ARM_GCC_541\Debug\cymetadata.o
                0x90000000                cy_meta_custnvl

.cywolatch      0x90100000        0x4
 *(.cywolatch)
 .cywolatch     0x90100000        0x4 .\CortexM3\ARM_GCC_541\Debug\cymetadata.o
                0x90100000                cy_meta_wonvl

.cyeeprom       0x90200000        0x0
 *(.cyeeprom)
                0x00000001                ASSERT ((. <= ((0x90200000 + ee_offset) + ee_size)), .cyeeprom data will not fit in EEPROM)

.cyflashprotect
                0x90400000      0x100
 *(.cyflashprotect)
 .cyflashprotect
                0x90400000      0x100 .\CortexM3\ARM_GCC_541\Debug\cymetadata.o
                0x90400000                cy_meta_flashprotect

.cymeta         0x90500000        0xc
 *(.cymeta)
 .cymeta        0x90500000        0xc .\CortexM3\ARM_GCC_541\Debug\cymetadata.o
                0x90500000                cy_metadata

.rel.dyn        0x000050a0        0x0 load address 0x9050000c
 .rel.iplt      0x000050a0        0x0 c:/program files (x86)/cypress/psoc creator/4.2/psoc creator/import/gnu/arm/5.4.1/bin/../lib/gcc/arm-none-eabi/5.4.1/armv7-m/crtbegin.o

.stab           0x00000000       0x6c
 *(.stab)
 .stab          0x00000000       0x24 c:/program files (x86)/cypress/psoc creator/4.2/psoc creator/import/gnu/arm/5.4.1/bin/../lib/gcc/arm-none-eabi/5.4.1/../../../../arm-none-eabi/lib/armv7-m\libnosys.a(close.o)
 .stab          0x00000024       0x18 c:/program files (x86)/cypress/psoc creator/4.2/psoc creator/import/gnu/arm/5.4.1/bin/../lib/gcc/arm-none-eabi/5.4.1/../../../../arm-none-eabi/lib/armv7-m\libnosys.a(lseek.o)
                                 0x24 (size before relaxing)
 .stab          0x0000003c       0x18 c:/program files (x86)/cypress/psoc creator/4.2/psoc creator/import/gnu/arm/5.4.1/bin/../lib/gcc/arm-none-eabi/5.4.1/../../../../arm-none-eabi/lib/armv7-m\libnosys.a(read.o)
                                 0x24 (size before relaxing)
 .stab          0x00000054       0x18 c:/program files (x86)/cypress/psoc creator/4.2/psoc creator/import/gnu/arm/5.4.1/bin/../lib/gcc/arm-none-eabi/5.4.1/../../../../arm-none-eabi/lib/armv7-m\libnosys.a(write.o)
                                 0x24 (size before relaxing)

.stabstr        0x00000000       0xdf
 *(.stabstr)
 .stabstr       0x00000000       0xdf c:/program files (x86)/cypress/psoc creator/4.2/psoc creator/import/gnu/arm/5.4.1/bin/../lib/gcc/arm-none-eabi/5.4.1/../../../../arm-none-eabi/lib/armv7-m\libnosys.a(close.o)

.debug
 *(.debug)

.line
 *(.line)

.debug_srcinfo
 *(.debug_srcinfo)

.debug_sfnames
 *(.debug_sfnames)

.debug_aranges  0x00000000     0x1070
 *(.debug_aranges)
 .debug_aranges
                0x00000000       0x20 .\CortexM3\ARM_GCC_541\Debug\main.o
 .debug_aranges
                0x00000020       0x30 .\CortexM3\ARM_GCC_541\Debug\motor_control.o
 .debug_aranges
                0x00000050       0x30 .\CortexM3\ARM_GCC_541\Debug\UART_handler.o
 .debug_aranges
                0x00000080       0x70 .\CortexM3\ARM_GCC_541\Debug\distanceSensor.o
 .debug_aranges
                0x000000f0       0x28 .\CortexM3\ARM_GCC_541\Debug\firing.o
 .debug_aranges
                0x00000118       0x28 .\CortexM3\ARM_GCC_541\Debug\control.o
 .debug_aranges
                0x00000140       0x28 .\CortexM3\ARM_GCC_541\Debug\stepper.o
 .debug_aranges
                0x00000168       0x58 .\CortexM3\ARM_GCC_541\Debug\cyfitter_cfg.o
 .debug_aranges
                0x000001c0       0x18 .\CortexM3\ARM_GCC_541\Debug\cymetadata.o
 .debug_aranges
                0x000001d8       0x48 .\CortexM3\ARM_GCC_541\Debug\Cm3Start.o
 .debug_aranges
                0x00000220      0x2a0 .\CortexM3\ARM_GCC_541\Debug\Motor_Test.a(CyLib.o)
 .debug_aranges
                0x000004c0       0x98 .\CortexM3\ARM_GCC_541\Debug\Motor_Test.a(cyPm.o)
 .debug_aranges
                0x00000558       0x80 .\CortexM3\ARM_GCC_541\Debug\Motor_Test.a(isr_uart_rx_BT.o)
 .debug_aranges
                0x000005d8       0xf0 .\CortexM3\ARM_GCC_541\Debug\Motor_Test.a(UART_BT.o)
 .debug_aranges
                0x000006c8       0x28 .\CortexM3\ARM_GCC_541\Debug\Motor_Test.a(UART_BT_INT.o)
 .debug_aranges
                0x000006f0       0x70 .\CortexM3\ARM_GCC_541\Debug\Motor_Test.a(UART_BT_IntClock.o)
 .debug_aranges
                0x00000760       0xa8 .\CortexM3\ARM_GCC_541\Debug\Motor_Test.a(PWM_B.o)
 .debug_aranges
                0x00000808       0xa8 .\CortexM3\ARM_GCC_541\Debug\Motor_Test.a(PWM_A.o)
 .debug_aranges
                0x000008b0       0xf0 .\CortexM3\ARM_GCC_541\Debug\Motor_Test.a(UART_PC.o)
 .debug_aranges
                0x000009a0       0x70 .\CortexM3\ARM_GCC_541\Debug\Motor_Test.a(UART_PC_IntClock.o)
 .debug_aranges
                0x00000a10       0x70 .\CortexM3\ARM_GCC_541\Debug\Motor_Test.a(Clock_24MHz.o)
 .debug_aranges
                0x00000a80       0x38 .\CortexM3\ARM_GCC_541\Debug\Motor_Test.a(Trigger.o)
 .debug_aranges
                0x00000ab8       0x80 .\CortexM3\ARM_GCC_541\Debug\Motor_Test.a(isr_echo_int.o)
 .debug_aranges
                0x00000b38       0x98 .\CortexM3\ARM_GCC_541\Debug\Motor_Test.a(Counter.o)
 .debug_aranges
                0x00000bd0       0x28 .\CortexM3\ARM_GCC_541\Debug\Motor_Test.a(Counter_Reset.o)
 .debug_aranges
                0x00000bf8       0x80 .\CortexM3\ARM_GCC_541\Debug\Motor_Test.a(isr_timer_DS.o)
 .debug_aranges
                0x00000c78       0x70 .\CortexM3\ARM_GCC_541\Debug\Motor_Test.a(Clock_5kHz.o)
 .debug_aranges
                0x00000ce8       0x38 .\CortexM3\ARM_GCC_541\Debug\Motor_Test.a(fireDirPin.o)
 .debug_aranges
                0x00000d20       0x38 .\CortexM3\ARM_GCC_541\Debug\Motor_Test.a(dialDirPin.o)
 .debug_aranges
                0x00000d58       0x38 .\CortexM3\ARM_GCC_541\Debug\Motor_Test.a(dialStepPin.o)
 .debug_aranges
                0x00000d90       0x90 .\CortexM3\ARM_GCC_541\Debug\Motor_Test.a(Timer_Stepper.o)
 .debug_aranges
                0x00000e20       0x80 .\CortexM3\ARM_GCC_541\Debug\Motor_Test.a(stepper_isr_timer.o)
 .debug_aranges
                0x00000ea0       0x38 .\CortexM3\ARM_GCC_541\Debug\Motor_Test.a(angleDirPin.o)
 .debug_aranges
                0x00000ed8       0x38 .\CortexM3\ARM_GCC_541\Debug\Motor_Test.a(angleStepPin.o)
 .debug_aranges
                0x00000f10       0x38 .\CortexM3\ARM_GCC_541\Debug\Motor_Test.a(fireStepPin.o)
 .debug_aranges
                0x00000f48       0x20 .\CortexM3\ARM_GCC_541\Debug\Motor_Test.a(CyBootAsmGnu.o)
 .debug_aranges
                0x00000f68       0x88 .\CortexM3\ARM_GCC_541\Debug\Motor_Test.a(CyFlash.o)
 .debug_aranges
                0x00000ff0       0x80 .\CortexM3\ARM_GCC_541\Debug\Motor_Test.a(CySpc.o)

.debug_pubnames
 *(.debug_pubnames)

.debug_info     0x00000000     0x893a
 *(.debug_info .gnu.linkonce.wi.*)
 .debug_info    0x00000000      0x357 .\CortexM3\ARM_GCC_541\Debug\main.o
 .debug_info    0x00000357      0x278 .\CortexM3\ARM_GCC_541\Debug\motor_control.o
 .debug_info    0x000005cf      0x73c .\CortexM3\ARM_GCC_541\Debug\UART_handler.o
 .debug_info    0x00000d0b      0x54c .\CortexM3\ARM_GCC_541\Debug\distanceSensor.o
 .debug_info    0x00001257      0x20a .\CortexM3\ARM_GCC_541\Debug\firing.o
 .debug_info    0x00001461      0x2de .\CortexM3\ARM_GCC_541\Debug\control.o
 .debug_info    0x0000173f      0x2b6 .\CortexM3\ARM_GCC_541\Debug\stepper.o
 .debug_info    0x000019f5      0x617 .\CortexM3\ARM_GCC_541\Debug\cyfitter_cfg.o
 .debug_info    0x0000200c      0x139 .\CortexM3\ARM_GCC_541\Debug\cymetadata.o
 .debug_info    0x00002145      0x3bb .\CortexM3\ARM_GCC_541\Debug\Cm3Start.o
 .debug_info    0x00002500     0x1374 .\CortexM3\ARM_GCC_541\Debug\Motor_Test.a(CyLib.o)
 .debug_info    0x00003874      0xa2a .\CortexM3\ARM_GCC_541\Debug\Motor_Test.a(cyPm.o)
 .debug_info    0x0000429e      0x2d2 .\CortexM3\ARM_GCC_541\Debug\Motor_Test.a(isr_uart_rx_BT.o)
 .debug_info    0x00004570      0x7ae .\CortexM3\ARM_GCC_541\Debug\Motor_Test.a(UART_BT.o)
 .debug_info    0x00004d1e      0x186 .\CortexM3\ARM_GCC_541\Debug\Motor_Test.a(UART_BT_INT.o)
 .debug_info    0x00004ea4      0x283 .\CortexM3\ARM_GCC_541\Debug\Motor_Test.a(UART_BT_IntClock.o)
 .debug_info    0x00005127      0x383 .\CortexM3\ARM_GCC_541\Debug\Motor_Test.a(PWM_B.o)
 .debug_info    0x000054aa      0x383 .\CortexM3\ARM_GCC_541\Debug\Motor_Test.a(PWM_A.o)
 .debug_info    0x0000582d      0x60c .\CortexM3\ARM_GCC_541\Debug\Motor_Test.a(UART_PC.o)
 .debug_info    0x00005e39      0x283 .\CortexM3\ARM_GCC_541\Debug\Motor_Test.a(UART_PC_IntClock.o)
 .debug_info    0x000060bc      0x283 .\CortexM3\ARM_GCC_541\Debug\Motor_Test.a(Clock_24MHz.o)
 .debug_info    0x0000633f      0x11f .\CortexM3\ARM_GCC_541\Debug\Motor_Test.a(Trigger.o)
 .debug_info    0x0000645e      0x2d2 .\CortexM3\ARM_GCC_541\Debug\Motor_Test.a(isr_echo_int.o)
 .debug_info    0x00006730      0x344 .\CortexM3\ARM_GCC_541\Debug\Motor_Test.a(Counter.o)
 .debug_info    0x00006a74       0xd6 .\CortexM3\ARM_GCC_541\Debug\Motor_Test.a(Counter_Reset.o)
 .debug_info    0x00006b4a      0x2d2 .\CortexM3\ARM_GCC_541\Debug\Motor_Test.a(isr_timer_DS.o)
 .debug_info    0x00006e1c      0x283 .\CortexM3\ARM_GCC_541\Debug\Motor_Test.a(Clock_5kHz.o)
 .debug_info    0x0000709f      0x11f .\CortexM3\ARM_GCC_541\Debug\Motor_Test.a(fireDirPin.o)
 .debug_info    0x000071be      0x11f .\CortexM3\ARM_GCC_541\Debug\Motor_Test.a(dialDirPin.o)
 .debug_info    0x000072dd      0x11f .\CortexM3\ARM_GCC_541\Debug\Motor_Test.a(dialStepPin.o)
 .debug_info    0x000073fc      0x2d1 .\CortexM3\ARM_GCC_541\Debug\Motor_Test.a(Timer_Stepper.o)
 .debug_info    0x000076cd      0x2d2 .\CortexM3\ARM_GCC_541\Debug\Motor_Test.a(stepper_isr_timer.o)
 .debug_info    0x0000799f      0x11f .\CortexM3\ARM_GCC_541\Debug\Motor_Test.a(angleDirPin.o)
 .debug_info    0x00007abe      0x11f .\CortexM3\ARM_GCC_541\Debug\Motor_Test.a(angleStepPin.o)
 .debug_info    0x00007bdd      0x11f .\CortexM3\ARM_GCC_541\Debug\Motor_Test.a(fireStepPin.o)
 .debug_info    0x00007cfc       0xa1 .\CortexM3\ARM_GCC_541\Debug\Motor_Test.a(CyBootAsmGnu.o)
 .debug_info    0x00007d9d      0x64d .\CortexM3\ARM_GCC_541\Debug\Motor_Test.a(CyFlash.o)
 .debug_info    0x000083ea      0x550 .\CortexM3\ARM_GCC_541\Debug\Motor_Test.a(CySpc.o)

.debug_abbrev   0x00000000     0x2975
 *(.debug_abbrev)
 .debug_abbrev  0x00000000       0xda .\CortexM3\ARM_GCC_541\Debug\main.o
 .debug_abbrev  0x000000da       0xc7 .\CortexM3\ARM_GCC_541\Debug\motor_control.o
 .debug_abbrev  0x000001a1      0x100 .\CortexM3\ARM_GCC_541\Debug\UART_handler.o
 .debug_abbrev  0x000002a1      0x158 .\CortexM3\ARM_GCC_541\Debug\distanceSensor.o
 .debug_abbrev  0x000003f9       0xc7 .\CortexM3\ARM_GCC_541\Debug\firing.o
 .debug_abbrev  0x000004c0       0xc7 .\CortexM3\ARM_GCC_541\Debug\control.o
 .debug_abbrev  0x00000587       0xe5 .\CortexM3\ARM_GCC_541\Debug\stepper.o
 .debug_abbrev  0x0000066c      0x20d .\CortexM3\ARM_GCC_541\Debug\cyfitter_cfg.o
 .debug_abbrev  0x00000879       0x77 .\CortexM3\ARM_GCC_541\Debug\cymetadata.o
 .debug_abbrev  0x000008f0      0x1e8 .\CortexM3\ARM_GCC_541\Debug\Cm3Start.o
 .debug_abbrev  0x00000ad8      0x254 .\CortexM3\ARM_GCC_541\Debug\Motor_Test.a(CyLib.o)
 .debug_abbrev  0x00000d2c      0x1ab .\CortexM3\ARM_GCC_541\Debug\Motor_Test.a(cyPm.o)
 .debug_abbrev  0x00000ed7      0x173 .\CortexM3\ARM_GCC_541\Debug\Motor_Test.a(isr_uart_rx_BT.o)
 .debug_abbrev  0x0000104a      0x16f .\CortexM3\ARM_GCC_541\Debug\Motor_Test.a(UART_BT.o)
 .debug_abbrev  0x000011b9       0xa2 .\CortexM3\ARM_GCC_541\Debug\Motor_Test.a(UART_BT_INT.o)
 .debug_abbrev  0x0000125b      0x139 .\CortexM3\ARM_GCC_541\Debug\Motor_Test.a(UART_BT_IntClock.o)
 .debug_abbrev  0x00001394      0x133 .\CortexM3\ARM_GCC_541\Debug\Motor_Test.a(PWM_B.o)
 .debug_abbrev  0x000014c7      0x133 .\CortexM3\ARM_GCC_541\Debug\Motor_Test.a(PWM_A.o)
 .debug_abbrev  0x000015fa      0x175 .\CortexM3\ARM_GCC_541\Debug\Motor_Test.a(UART_PC.o)
 .debug_abbrev  0x0000176f      0x139 .\CortexM3\ARM_GCC_541\Debug\Motor_Test.a(UART_PC_IntClock.o)
 .debug_abbrev  0x000018a8      0x139 .\CortexM3\ARM_GCC_541\Debug\Motor_Test.a(Clock_24MHz.o)
 .debug_abbrev  0x000019e1       0x90 .\CortexM3\ARM_GCC_541\Debug\Motor_Test.a(Trigger.o)
 .debug_abbrev  0x00001a71      0x173 .\CortexM3\ARM_GCC_541\Debug\Motor_Test.a(isr_echo_int.o)
 .debug_abbrev  0x00001be4      0x117 .\CortexM3\ARM_GCC_541\Debug\Motor_Test.a(Counter.o)
 .debug_abbrev  0x00001cfb       0x81 .\CortexM3\ARM_GCC_541\Debug\Motor_Test.a(Counter_Reset.o)
 .debug_abbrev  0x00001d7c      0x173 .\CortexM3\ARM_GCC_541\Debug\Motor_Test.a(isr_timer_DS.o)
 .debug_abbrev  0x00001eef      0x139 .\CortexM3\ARM_GCC_541\Debug\Motor_Test.a(Clock_5kHz.o)
 .debug_abbrev  0x00002028       0x90 .\CortexM3\ARM_GCC_541\Debug\Motor_Test.a(fireDirPin.o)
 .debug_abbrev  0x000020b8       0x90 .\CortexM3\ARM_GCC_541\Debug\Motor_Test.a(dialDirPin.o)
 .debug_abbrev  0x00002148       0x90 .\CortexM3\ARM_GCC_541\Debug\Motor_Test.a(dialStepPin.o)
 .debug_abbrev  0x000021d8      0x12b .\CortexM3\ARM_GCC_541\Debug\Motor_Test.a(Timer_Stepper.o)
 .debug_abbrev  0x00002303      0x173 .\CortexM3\ARM_GCC_541\Debug\Motor_Test.a(stepper_isr_timer.o)
 .debug_abbrev  0x00002476       0x90 .\CortexM3\ARM_GCC_541\Debug\Motor_Test.a(angleDirPin.o)
 .debug_abbrev  0x00002506       0x90 .\CortexM3\ARM_GCC_541\Debug\Motor_Test.a(angleStepPin.o)
 .debug_abbrev  0x00002596       0x90 .\CortexM3\ARM_GCC_541\Debug\Motor_Test.a(fireStepPin.o)
 .debug_abbrev  0x00002626       0x14 .\CortexM3\ARM_GCC_541\Debug\Motor_Test.a(CyBootAsmGnu.o)
 .debug_abbrev  0x0000263a      0x1a7 .\CortexM3\ARM_GCC_541\Debug\Motor_Test.a(CyFlash.o)
 .debug_abbrev  0x000027e1      0x194 .\CortexM3\ARM_GCC_541\Debug\Motor_Test.a(CySpc.o)

.debug_line     0x00000000     0x4279
 *(.debug_line)
 .debug_line    0x00000000      0x26a .\CortexM3\ARM_GCC_541\Debug\main.o
 .debug_line    0x0000026a      0x1b1 .\CortexM3\ARM_GCC_541\Debug\motor_control.o
 .debug_line    0x0000041b      0x2c7 .\CortexM3\ARM_GCC_541\Debug\UART_handler.o
 .debug_line    0x000006e2      0x336 .\CortexM3\ARM_GCC_541\Debug\distanceSensor.o
 .debug_line    0x00000a18      0x1b5 .\CortexM3\ARM_GCC_541\Debug\firing.o
 .debug_line    0x00000bcd      0x244 .\CortexM3\ARM_GCC_541\Debug\control.o
 .debug_line    0x00000e11      0x220 .\CortexM3\ARM_GCC_541\Debug\stepper.o
 .debug_line    0x00001031      0x201 .\CortexM3\ARM_GCC_541\Debug\cyfitter_cfg.o
 .debug_line    0x00001232      0x141 .\CortexM3\ARM_GCC_541\Debug\cymetadata.o
 .debug_line    0x00001373      0x234 .\CortexM3\ARM_GCC_541\Debug\Cm3Start.o
 .debug_line    0x000015a7      0x816 .\CortexM3\ARM_GCC_541\Debug\Motor_Test.a(CyLib.o)
 .debug_line    0x00001dbd      0x367 .\CortexM3\ARM_GCC_541\Debug\Motor_Test.a(cyPm.o)
 .debug_line    0x00002124      0x13b .\CortexM3\ARM_GCC_541\Debug\Motor_Test.a(isr_uart_rx_BT.o)
 .debug_line    0x0000225f      0x341 .\CortexM3\ARM_GCC_541\Debug\Motor_Test.a(UART_BT.o)
 .debug_line    0x000025a0       0xab .\CortexM3\ARM_GCC_541\Debug\Motor_Test.a(UART_BT_INT.o)
 .debug_line    0x0000264b      0x17f .\CortexM3\ARM_GCC_541\Debug\Motor_Test.a(UART_BT_IntClock.o)
 .debug_line    0x000027ca      0x1a9 .\CortexM3\ARM_GCC_541\Debug\Motor_Test.a(PWM_B.o)
 .debug_line    0x00002973      0x1a9 .\CortexM3\ARM_GCC_541\Debug\Motor_Test.a(PWM_A.o)
 .debug_line    0x00002b1c      0x2c2 .\CortexM3\ARM_GCC_541\Debug\Motor_Test.a(UART_PC.o)
 .debug_line    0x00002dde      0x17f .\CortexM3\ARM_GCC_541\Debug\Motor_Test.a(UART_PC_IntClock.o)
 .debug_line    0x00002f5d      0x17a .\CortexM3\ARM_GCC_541\Debug\Motor_Test.a(Clock_24MHz.o)
 .debug_line    0x000030d7       0x94 .\CortexM3\ARM_GCC_541\Debug\Motor_Test.a(Trigger.o)
 .debug_line    0x0000316b      0x139 .\CortexM3\ARM_GCC_541\Debug\Motor_Test.a(isr_echo_int.o)
 .debug_line    0x000032a4      0x189 .\CortexM3\ARM_GCC_541\Debug\Motor_Test.a(Counter.o)
 .debug_line    0x0000342d       0x75 .\CortexM3\ARM_GCC_541\Debug\Motor_Test.a(Counter_Reset.o)
 .debug_line    0x000034a2      0x139 .\CortexM3\ARM_GCC_541\Debug\Motor_Test.a(isr_timer_DS.o)
 .debug_line    0x000035db      0x179 .\CortexM3\ARM_GCC_541\Debug\Motor_Test.a(Clock_5kHz.o)
 .debug_line    0x00003754       0x97 .\CortexM3\ARM_GCC_541\Debug\Motor_Test.a(fireDirPin.o)
 .debug_line    0x000037eb       0x97 .\CortexM3\ARM_GCC_541\Debug\Motor_Test.a(dialDirPin.o)
 .debug_line    0x00003882       0x98 .\CortexM3\ARM_GCC_541\Debug\Motor_Test.a(dialStepPin.o)
 .debug_line    0x0000391a      0x178 .\CortexM3\ARM_GCC_541\Debug\Motor_Test.a(Timer_Stepper.o)
 .debug_line    0x00003a92      0x13e .\CortexM3\ARM_GCC_541\Debug\Motor_Test.a(stepper_isr_timer.o)
 .debug_line    0x00003bd0       0x98 .\CortexM3\ARM_GCC_541\Debug\Motor_Test.a(angleDirPin.o)
 .debug_line    0x00003c68       0x99 .\CortexM3\ARM_GCC_541\Debug\Motor_Test.a(angleStepPin.o)
 .debug_line    0x00003d01       0x98 .\CortexM3\ARM_GCC_541\Debug\Motor_Test.a(fireStepPin.o)
 .debug_line    0x00003d99       0x66 .\CortexM3\ARM_GCC_541\Debug\Motor_Test.a(CyBootAsmGnu.o)
 .debug_line    0x00003dff      0x21a .\CortexM3\ARM_GCC_541\Debug\Motor_Test.a(CyFlash.o)
 .debug_line    0x00004019      0x260 .\CortexM3\ARM_GCC_541\Debug\Motor_Test.a(CySpc.o)

.debug_frame    0x00000000     0x336c
 *(.debug_frame)
 .debug_frame   0x00000000       0x30 .\CortexM3\ARM_GCC_541\Debug\main.o
 .debug_frame   0x00000030       0x64 .\CortexM3\ARM_GCC_541\Debug\motor_control.o
 .debug_frame   0x00000094       0x74 .\CortexM3\ARM_GCC_541\Debug\UART_handler.o
 .debug_frame   0x00000108      0x120 .\CortexM3\ARM_GCC_541\Debug\distanceSensor.o
 .debug_frame   0x00000228       0x4c .\CortexM3\ARM_GCC_541\Debug\firing.o
 .debug_frame   0x00000274       0x48 .\CortexM3\ARM_GCC_541\Debug\control.o
 .debug_frame   0x000002bc       0x48 .\CortexM3\ARM_GCC_541\Debug\stepper.o
 .debug_frame   0x00000304       0xe4 .\CortexM3\ARM_GCC_541\Debug\cyfitter_cfg.o
 .debug_frame   0x000003e8       0xb8 .\CortexM3\ARM_GCC_541\Debug\Cm3Start.o
 .debug_frame   0x000004a0      0x738 .\CortexM3\ARM_GCC_541\Debug\Motor_Test.a(CyLib.o)
 .debug_frame   0x00000bd8      0x1f8 .\CortexM3\ARM_GCC_541\Debug\Motor_Test.a(cyPm.o)
 .debug_frame   0x00000dd0      0x104 .\CortexM3\ARM_GCC_541\Debug\Motor_Test.a(isr_uart_rx_BT.o)
 .debug_frame   0x00000ed4      0x25c .\CortexM3\ARM_GCC_541\Debug\Motor_Test.a(UART_BT.o)
 .debug_frame   0x00001130       0x30 .\CortexM3\ARM_GCC_541\Debug\Motor_Test.a(UART_BT_INT.o)
 .debug_frame   0x00001160       0xe0 .\CortexM3\ARM_GCC_541\Debug\Motor_Test.a(UART_BT_IntClock.o)
 .debug_frame   0x00001240      0x154 .\CortexM3\ARM_GCC_541\Debug\Motor_Test.a(PWM_B.o)
 .debug_frame   0x00001394      0x154 .\CortexM3\ARM_GCC_541\Debug\Motor_Test.a(PWM_A.o)
 .debug_frame   0x000014e8      0x250 .\CortexM3\ARM_GCC_541\Debug\Motor_Test.a(UART_PC.o)
 .debug_frame   0x00001738       0xe0 .\CortexM3\ARM_GCC_541\Debug\Motor_Test.a(UART_PC_IntClock.o)
 .debug_frame   0x00001818       0xe0 .\CortexM3\ARM_GCC_541\Debug\Motor_Test.a(Clock_24MHz.o)
 .debug_frame   0x000018f8       0x50 .\CortexM3\ARM_GCC_541\Debug\Motor_Test.a(Trigger.o)
 .debug_frame   0x00001948      0x104 .\CortexM3\ARM_GCC_541\Debug\Motor_Test.a(isr_echo_int.o)
 .debug_frame   0x00001a4c      0x134 .\CortexM3\ARM_GCC_541\Debug\Motor_Test.a(Counter.o)
 .debug_frame   0x00001b80       0x30 .\CortexM3\ARM_GCC_541\Debug\Motor_Test.a(Counter_Reset.o)
 .debug_frame   0x00001bb0      0x104 .\CortexM3\ARM_GCC_541\Debug\Motor_Test.a(isr_timer_DS.o)
 .debug_frame   0x00001cb4       0xe0 .\CortexM3\ARM_GCC_541\Debug\Motor_Test.a(Clock_5kHz.o)
 .debug_frame   0x00001d94       0x50 .\CortexM3\ARM_GCC_541\Debug\Motor_Test.a(fireDirPin.o)
 .debug_frame   0x00001de4       0x50 .\CortexM3\ARM_GCC_541\Debug\Motor_Test.a(dialDirPin.o)
 .debug_frame   0x00001e34       0x50 .\CortexM3\ARM_GCC_541\Debug\Motor_Test.a(dialStepPin.o)
 .debug_frame   0x00001e84      0x124 .\CortexM3\ARM_GCC_541\Debug\Motor_Test.a(Timer_Stepper.o)
 .debug_frame   0x00001fa8      0x104 .\CortexM3\ARM_GCC_541\Debug\Motor_Test.a(stepper_isr_timer.o)
 .debug_frame   0x000020ac       0x50 .\CortexM3\ARM_GCC_541\Debug\Motor_Test.a(angleDirPin.o)
 .debug_frame   0x000020fc       0x50 .\CortexM3\ARM_GCC_541\Debug\Motor_Test.a(angleStepPin.o)
 .debug_frame   0x0000214c       0x50 .\CortexM3\ARM_GCC_541\Debug\Motor_Test.a(fireStepPin.o)
 .debug_frame   0x0000219c      0x194 .\CortexM3\ARM_GCC_541\Debug\Motor_Test.a(CyFlash.o)
 .debug_frame   0x00002330      0x180 .\CortexM3\ARM_GCC_541\Debug\Motor_Test.a(CySpc.o)
 .debug_frame   0x000024b0       0x20 c:/program files (x86)/cypress/psoc creator/4.2/psoc creator/import/gnu/arm/5.4.1/bin/../lib/gcc/arm-none-eabi/5.4.1/../../../../arm-none-eabi/lib/armv7-m\libg_nano.a(lib_a-errno.o)
 .debug_frame   0x000024d0       0x28 c:/program files (x86)/cypress/psoc creator/4.2/psoc creator/import/gnu/arm/5.4.1/bin/../lib/gcc/arm-none-eabi/5.4.1/../../../../arm-none-eabi/lib/armv7-m\libg_nano.a(lib_a-exit.o)
 .debug_frame   0x000024f8       0x2c c:/program files (x86)/cypress/psoc creator/4.2/psoc creator/import/gnu/arm/5.4.1/bin/../lib/gcc/arm-none-eabi/5.4.1/../../../../arm-none-eabi/lib/armv7-m\libg_nano.a(lib_a-init.o)
 .debug_frame   0x00002524       0x28 c:/program files (x86)/cypress/psoc creator/4.2/psoc creator/import/gnu/arm/5.4.1/bin/../lib/gcc/arm-none-eabi/5.4.1/../../../../arm-none-eabi/lib/armv7-m\libg_nano.a(lib_a-memcpy-stub.o)
 .debug_frame   0x0000254c       0x20 c:/program files (x86)/cypress/psoc creator/4.2/psoc creator/import/gnu/arm/5.4.1/bin/../lib/gcc/arm-none-eabi/5.4.1/../../../../arm-none-eabi/lib/armv7-m\libg_nano.a(lib_a-memset.o)
 .debug_frame   0x0000256c       0x8c c:/program files (x86)/cypress/psoc creator/4.2/psoc creator/import/gnu/arm/5.4.1/bin/../lib/gcc/arm-none-eabi/5.4.1/../../../../arm-none-eabi/lib/armv7-m\libg_nano.a(lib_a-nano-vfprintf_float.o)
 .debug_frame   0x000025f8       0x60 c:/program files (x86)/cypress/psoc creator/4.2/psoc creator/import/gnu/arm/5.4.1/bin/../lib/gcc/arm-none-eabi/5.4.1/../../../../arm-none-eabi/lib/armv7-m\libg_nano.a(lib_a-nano-vfprintf_i.o)
 .debug_frame   0x00002658       0x74 c:/program files (x86)/cypress/psoc creator/4.2/psoc creator/import/gnu/arm/5.4.1/bin/../lib/gcc/arm-none-eabi/5.4.1/../../../../arm-none-eabi/lib/armv7-m\libg_nano.a(lib_a-snprintf.o)
 .debug_frame   0x000026cc       0x70 c:/program files (x86)/cypress/psoc creator/4.2/psoc creator/import/gnu/arm/5.4.1/bin/../lib/gcc/arm-none-eabi/5.4.1/../../../../arm-none-eabi/lib/armv7-m\libg_nano.a(lib_a-sprintf.o)
 .debug_frame   0x0000273c       0x80 c:/program files (x86)/cypress/psoc creator/4.2/psoc creator/import/gnu/arm/5.4.1/bin/../lib/gcc/arm-none-eabi/5.4.1/../../../../arm-none-eabi/lib/armv7-m\libg_nano.a(lib_a-sscanf.o)
 .debug_frame   0x000027bc       0x88 c:/program files (x86)/cypress/psoc creator/4.2/psoc creator/import/gnu/arm/5.4.1/bin/../lib/gcc/arm-none-eabi/5.4.1/../../../../arm-none-eabi/lib/armv7-m\libg_nano.a(lib_a-stdio.o)
 .debug_frame   0x00002844       0x2c c:/program files (x86)/cypress/psoc creator/4.2/psoc creator/import/gnu/arm/5.4.1/bin/../lib/gcc/arm-none-eabi/5.4.1/../../../../arm-none-eabi/lib/armv7-m\libg_nano.a(lib_a-strncmp.o)
 .debug_frame   0x00002870       0x2c c:/program files (x86)/cypress/psoc creator/4.2/psoc creator/import/gnu/arm/5.4.1/bin/../lib/gcc/arm-none-eabi/5.4.1/../../../../arm-none-eabi/lib/armv7-m\libg_nano.a(lib_a-writer.o)
 .debug_frame   0x0000289c       0x2c c:/program files (x86)/cypress/psoc creator/4.2/psoc creator/import/gnu/arm/5.4.1/bin/../lib/gcc/arm-none-eabi/5.4.1/../../../../arm-none-eabi/lib/armv7-m\libg_nano.a(lib_a-closer.o)
 .debug_frame   0x000028c8       0x6c c:/program files (x86)/cypress/psoc creator/4.2/psoc creator/import/gnu/arm/5.4.1/bin/../lib/gcc/arm-none-eabi/5.4.1/../../../../arm-none-eabi/lib/armv7-m\libg_nano.a(lib_a-dtoa.o)
 .debug_frame   0x00002934       0x98 c:/program files (x86)/cypress/psoc creator/4.2/psoc creator/import/gnu/arm/5.4.1/bin/../lib/gcc/arm-none-eabi/5.4.1/../../../../arm-none-eabi/lib/armv7-m\libg_nano.a(lib_a-locale.o)
 .debug_frame   0x000029cc       0x2c c:/program files (x86)/cypress/psoc creator/4.2/psoc creator/import/gnu/arm/5.4.1/bin/../lib/gcc/arm-none-eabi/5.4.1/../../../../arm-none-eabi/lib/armv7-m\libg_nano.a(lib_a-lseekr.o)
 .debug_frame   0x000029f8       0x30 c:/program files (x86)/cypress/psoc creator/4.2/psoc creator/import/gnu/arm/5.4.1/bin/../lib/gcc/arm-none-eabi/5.4.1/../../../../arm-none-eabi/lib/armv7-m\libg_nano.a(lib_a-malloc.o)
 .debug_frame   0x00002a28       0x28 c:/program files (x86)/cypress/psoc creator/4.2/psoc creator/import/gnu/arm/5.4.1/bin/../lib/gcc/arm-none-eabi/5.4.1/../../../../arm-none-eabi/lib/armv7-m\libg_nano.a(lib_a-memchr-stub.o)
 .debug_frame   0x00002a50      0x234 c:/program files (x86)/cypress/psoc creator/4.2/psoc creator/import/gnu/arm/5.4.1/bin/../lib/gcc/arm-none-eabi/5.4.1/../../../../arm-none-eabi/lib/armv7-m\libg_nano.a(lib_a-mprec.o)
 .debug_frame   0x00002c84       0x2c c:/program files (x86)/cypress/psoc creator/4.2/psoc creator/import/gnu/arm/5.4.1/bin/../lib/gcc/arm-none-eabi/5.4.1/../../../../arm-none-eabi/lib/armv7-m\libg_nano.a(lib_a-nano-callocr.o)
 .debug_frame   0x00002cb0       0x38 c:/program files (x86)/cypress/psoc creator/4.2/psoc creator/import/gnu/arm/5.4.1/bin/../lib/gcc/arm-none-eabi/5.4.1/../../../../arm-none-eabi/lib/armv7-m\libg_nano.a(lib_a-nano-freer.o)
 .debug_frame   0x00002ce8       0x2c c:/program files (x86)/cypress/psoc creator/4.2/psoc creator/import/gnu/arm/5.4.1/bin/../lib/gcc/arm-none-eabi/5.4.1/../../../../arm-none-eabi/lib/armv7-m\libg_nano.a(lib_a-nano-mallocr.o)
 .debug_frame   0x00002d14       0x90 c:/program files (x86)/cypress/psoc creator/4.2/psoc creator/import/gnu/arm/5.4.1/bin/../lib/gcc/arm-none-eabi/5.4.1/../../../../arm-none-eabi/lib/armv7-m\libg_nano.a(lib_a-nano-svfprintf.o)
 .debug_frame   0x00002da4       0x74 c:/program files (x86)/cypress/psoc creator/4.2/psoc creator/import/gnu/arm/5.4.1/bin/../lib/gcc/arm-none-eabi/5.4.1/../../../../arm-none-eabi/lib/armv7-m\libg_nano.a(lib_a-nano-svfscanf.o)
 .debug_frame   0x00002e18       0x60 c:/program files (x86)/cypress/psoc creator/4.2/psoc creator/import/gnu/arm/5.4.1/bin/../lib/gcc/arm-none-eabi/5.4.1/../../../../arm-none-eabi/lib/armv7-m\libg_nano.a(lib_a-nano-vfscanf_i.o)
 .debug_frame   0x00002e78       0x2c c:/program files (x86)/cypress/psoc creator/4.2/psoc creator/import/gnu/arm/5.4.1/bin/../lib/gcc/arm-none-eabi/5.4.1/../../../../arm-none-eabi/lib/armv7-m\libg_nano.a(lib_a-readr.o)
 .debug_frame   0x00002ea4       0x5c c:/program files (x86)/cypress/psoc creator/4.2/psoc creator/import/gnu/arm/5.4.1/bin/../lib/gcc/arm-none-eabi/5.4.1/../../../../arm-none-eabi/lib/armv7-m\libg_nano.a(lib_a-reent.o)
 .debug_frame   0x00002f00       0x2c c:/program files (x86)/cypress/psoc creator/4.2/psoc creator/import/gnu/arm/5.4.1/bin/../lib/gcc/arm-none-eabi/5.4.1/../../../../arm-none-eabi/lib/armv7-m\libg_nano.a(lib_a-sbrkr.o)
 .debug_frame   0x00002f2c       0x2c c:/program files (x86)/cypress/psoc creator/4.2/psoc creator/import/gnu/arm/5.4.1/bin/../lib/gcc/arm-none-eabi/5.4.1/../../../../arm-none-eabi/lib/armv7-m\libg_nano.a(lib_a-sccl.o)
 .debug_frame   0x00002f58       0x20 c:/program files (x86)/cypress/psoc creator/4.2/psoc creator/import/gnu/arm/5.4.1/bin/../lib/gcc/arm-none-eabi/5.4.1/../../../../arm-none-eabi/lib/armv7-m\libg_nano.a(lib_a-strcmp.o)
 .debug_frame   0x00002f78       0x44 c:/program files (x86)/cypress/psoc creator/4.2/psoc creator/import/gnu/arm/5.4.1/bin/../lib/gcc/arm-none-eabi/5.4.1/../../../../arm-none-eabi/lib/armv7-m\libg_nano.a(lib_a-strtol.o)
 .debug_frame   0x00002fbc       0x44 c:/program files (x86)/cypress/psoc creator/4.2/psoc creator/import/gnu/arm/5.4.1/bin/../lib/gcc/arm-none-eabi/5.4.1/../../../../arm-none-eabi/lib/armv7-m\libg_nano.a(lib_a-strtoul.o)
 .debug_frame   0x00003000       0x60 c:/program files (x86)/cypress/psoc creator/4.2/psoc creator/import/gnu/arm/5.4.1/bin/../lib/gcc/arm-none-eabi/5.4.1/../../../../arm-none-eabi/lib/armv7-m\libg_nano.a(lib_a-ungetc.o)
 .debug_frame   0x00003060       0x68 c:/program files (x86)/cypress/psoc creator/4.2/psoc creator/import/gnu/arm/5.4.1/bin/../lib/gcc/arm-none-eabi/5.4.1/../../../../arm-none-eabi/lib/armv7-m\libg_nano.a(lib_a-fflush.o)
 .debug_frame   0x000030c8      0x11c c:/program files (x86)/cypress/psoc creator/4.2/psoc creator/import/gnu/arm/5.4.1/bin/../lib/gcc/arm-none-eabi/5.4.1/../../../../arm-none-eabi/lib/armv7-m\libg_nano.a(lib_a-findfp.o)
 .debug_frame   0x000031e4       0x54 c:/program files (x86)/cypress/psoc creator/4.2/psoc creator/import/gnu/arm/5.4.1/bin/../lib/gcc/arm-none-eabi/5.4.1/../../../../arm-none-eabi/lib/armv7-m\libg_nano.a(lib_a-fwalk.o)
 .debug_frame   0x00003238       0x28 c:/program files (x86)/cypress/psoc creator/4.2/psoc creator/import/gnu/arm/5.4.1/bin/../lib/gcc/arm-none-eabi/5.4.1/../../../../arm-none-eabi/lib/armv7-m\libg_nano.a(lib_a-memmove.o)